<?xml version="1.0" encoding="ISO-8859-1" ?>
<link_info>
   <banner>TI ARM Linker PC v20.2.5.LTS</banner>
   <copyright>Copyright (c) 1996-2018 Texas Instruments Incorporated</copyright>
   <link_time>0x61fb67d8</link_time>
   <link_errors>0x0</link_errors>
   <output_file>gpiointerrupt_CC3220S_LAUNCHXL_nortos_ccs2_FEB_2.out</output_file>
   <entry_point>
      <name>resetISR</name>
      <address>0x20011ed9</address>
   </entry_point>
   <input_file_list>
      <input_file id="fl-2">
         <path>.\</path>
         <kind>object</kind>
         <file>gpiointerrupt.obj</file>
         <name>gpiointerrupt.obj</name>
      </input_file>
      <input_file id="fl-3">
         <path>.\syscfg\</path>
         <kind>object</kind>
         <file>ti_drivers_config.obj</file>
         <name>ti_drivers_config.obj</name>
      </input_file>
      <input_file id="fl-4">
         <path>.\</path>
         <kind>object</kind>
         <file>main_nortos.obj</file>
         <name>main_nortos.obj</name>
      </input_file>
      <input_file id="fl-d">
         <kind>object</kind>
         <file>&lt;internal&gt;</file>
         <name>&lt;internal&gt;</name>
      </input_file>
      <input_file id="fl-e">
         <path>C:\ti\simplelink_cc32xx_sdk_5_20_00_06\source\ti\drivers\lib\ccs\m4\</path>
         <kind>archive</kind>
         <file>drivers_cc32xx.a</file>
         <name>I2C.oem4</name>
      </input_file>
      <input_file id="fl-f">
         <path>C:\ti\simplelink_cc32xx_sdk_5_20_00_06\source\ti\drivers\lib\ccs\m4\</path>
         <kind>archive</kind>
         <file>drivers_cc32xx.a</file>
         <name>Timer.oem4</name>
      </input_file>
      <input_file id="fl-10">
         <path>C:\ti\simplelink_cc32xx_sdk_5_20_00_06\source\ti\drivers\lib\ccs\m4\</path>
         <kind>archive</kind>
         <file>drivers_cc32xx.a</file>
         <name>UART.oem4</name>
      </input_file>
      <input_file id="fl-11">
         <path>C:\ti\simplelink_cc32xx_sdk_5_20_00_06\source\ti\drivers\lib\ccs\m4\</path>
         <kind>archive</kind>
         <file>drivers_cc32xx.a</file>
         <name>GPIOCC32XX.oem4</name>
      </input_file>
      <input_file id="fl-12">
         <path>C:\ti\simplelink_cc32xx_sdk_5_20_00_06\source\ti\drivers\lib\ccs\m4\</path>
         <kind>archive</kind>
         <file>drivers_cc32xx.a</file>
         <name>I2CCC32XX.oem4</name>
      </input_file>
      <input_file id="fl-13">
         <path>C:\ti\simplelink_cc32xx_sdk_5_20_00_06\source\ti\drivers\lib\ccs\m4\</path>
         <kind>archive</kind>
         <file>drivers_cc32xx.a</file>
         <name>PowerCC32XX.oem4</name>
      </input_file>
      <input_file id="fl-14">
         <path>C:\ti\simplelink_cc32xx_sdk_5_20_00_06\source\ti\drivers\lib\ccs\m4\</path>
         <kind>archive</kind>
         <file>drivers_cc32xx.a</file>
         <name>PowerCC32XX_asm.oem4</name>
      </input_file>
      <input_file id="fl-15">
         <path>C:\ti\simplelink_cc32xx_sdk_5_20_00_06\source\ti\drivers\lib\ccs\m4\</path>
         <kind>archive</kind>
         <file>drivers_cc32xx.a</file>
         <name>TimerCC32XX.oem4</name>
      </input_file>
      <input_file id="fl-16">
         <path>C:\ti\simplelink_cc32xx_sdk_5_20_00_06\source\ti\drivers\lib\ccs\m4\</path>
         <kind>archive</kind>
         <file>drivers_cc32xx.a</file>
         <name>UARTCC32XX.oem4</name>
      </input_file>
      <input_file id="fl-17">
         <path>C:\ti\simplelink_cc32xx_sdk_5_20_00_06\source\ti\drivers\lib\ccs\m4\</path>
         <kind>archive</kind>
         <file>drivers_cc32xx.a</file>
         <name>List.oem4</name>
      </input_file>
      <input_file id="fl-18">
         <path>C:\ti\simplelink_cc32xx_sdk_5_20_00_06\source\ti\drivers\lib\ccs\m4\</path>
         <kind>archive</kind>
         <file>drivers_cc32xx.a</file>
         <name>RingBuf.oem4</name>
      </input_file>
      <input_file id="fl-19">
         <path>C:\ti\simplelink_cc32xx_sdk_5_20_00_06\kernel\nortos\lib\ccs\m4\</path>
         <kind>archive</kind>
         <file>nortos_cc32xx.a</file>
         <name>NoRTOS.oem4</name>
      </input_file>
      <input_file id="fl-1a">
         <path>C:\ti\simplelink_cc32xx_sdk_5_20_00_06\kernel\nortos\lib\ccs\m4\</path>
         <kind>archive</kind>
         <file>nortos_cc32xx.a</file>
         <name>SemaphoreP_nortos.oem4</name>
      </input_file>
      <input_file id="fl-1b">
         <path>C:\ti\simplelink_cc32xx_sdk_5_20_00_06\kernel\nortos\lib\ccs\m4\</path>
         <kind>archive</kind>
         <file>nortos_cc32xx.a</file>
         <name>ClockPSysTick_nortos.oem4</name>
      </input_file>
      <input_file id="fl-1c">
         <path>C:\ti\simplelink_cc32xx_sdk_5_20_00_06\kernel\nortos\lib\ccs\m4\</path>
         <kind>archive</kind>
         <file>nortos_cc32xx.a</file>
         <name>HwiPCC32XX_nortos.oem4</name>
      </input_file>
      <input_file id="fl-1d">
         <path>C:\ti\simplelink_cc32xx_sdk_5_20_00_06\kernel\nortos\lib\ccs\m4\</path>
         <kind>archive</kind>
         <file>nortos_cc32xx.a</file>
         <name>PowerCC32XX_nortos.oem4</name>
      </input_file>
      <input_file id="fl-1e">
         <path>C:\ti\simplelink_cc32xx_sdk_5_20_00_06\kernel\nortos\lib\ccs\m4\</path>
         <kind>archive</kind>
         <file>nortos_cc32xx.a</file>
         <name>startup_cc32xx_ccs.oem4</name>
      </input_file>
      <input_file id="fl-1f">
         <path>C:\ti\simplelink_cc32xx_sdk_5_20_00_06\kernel\nortos\lib\ccs\m4\</path>
         <kind>archive</kind>
         <file>nortos_cc32xx.a</file>
         <name>SwiP_nortos.oem4</name>
      </input_file>
      <input_file id="fl-20">
         <path>C:\ti\simplelink_cc32xx_sdk_5_20_00_06\kernel\nortos\lib\ccs\m4\</path>
         <kind>archive</kind>
         <file>nortos_cc32xx.a</file>
         <name>QueueP_nortos.oem4</name>
      </input_file>
      <input_file id="fl-21">
         <path>C:\ti\simplelink_cc32xx_sdk_5_20_00_06\source\ti\devices\cc32xx\driverlib\ccs\Release\</path>
         <kind>archive</kind>
         <file>driverlib.a</file>
         <name>cpu.obj</name>
      </input_file>
      <input_file id="fl-22">
         <path>C:\ti\simplelink_cc32xx_sdk_5_20_00_06\source\ti\devices\cc32xx\driverlib\ccs\Release\</path>
         <kind>archive</kind>
         <file>driverlib.a</file>
         <name>i2c.obj</name>
      </input_file>
      <input_file id="fl-23">
         <path>C:\ti\simplelink_cc32xx_sdk_5_20_00_06\source\ti\devices\cc32xx\driverlib\ccs\Release\</path>
         <kind>archive</kind>
         <file>driverlib.a</file>
         <name>interrupt.obj</name>
      </input_file>
      <input_file id="fl-24">
         <path>C:\ti\simplelink_cc32xx_sdk_5_20_00_06\source\ti\devices\cc32xx\driverlib\ccs\Release\</path>
         <kind>archive</kind>
         <file>driverlib.a</file>
         <name>pin.obj</name>
      </input_file>
      <input_file id="fl-25">
         <path>C:\ti\simplelink_cc32xx_sdk_5_20_00_06\source\ti\devices\cc32xx\driverlib\ccs\Release\</path>
         <kind>archive</kind>
         <file>driverlib.a</file>
         <name>prcm.obj</name>
      </input_file>
      <input_file id="fl-26">
         <path>C:\ti\simplelink_cc32xx_sdk_5_20_00_06\source\ti\devices\cc32xx\driverlib\ccs\Release\</path>
         <kind>archive</kind>
         <file>driverlib.a</file>
         <name>timer.obj</name>
      </input_file>
      <input_file id="fl-27">
         <path>C:\ti\simplelink_cc32xx_sdk_5_20_00_06\source\ti\devices\cc32xx\driverlib\ccs\Release\</path>
         <kind>archive</kind>
         <file>driverlib.a</file>
         <name>uart.obj</name>
      </input_file>
      <input_file id="fl-28">
         <path>C:\ti\simplelink_cc32xx_sdk_5_20_00_06\source\ti\devices\cc32xx\driverlib\ccs\Release\</path>
         <kind>archive</kind>
         <file>driverlib.a</file>
         <name>utils.obj</name>
      </input_file>
      <input_file id="fl-29">
         <path>C:\ti\simplelink_cc32xx_sdk_5_20_00_06\source\ti\devices\cc32xx\driverlib\ccs\Release\</path>
         <kind>archive</kind>
         <file>driverlib.a</file>
         <name>flash.obj</name>
      </input_file>
      <input_file id="fl-df">
         <path>C:\ti\ccs1110\ccs\tools\compiler\ti-cgt-arm_20.2.5.LTS\lib\</path>
         <kind>archive</kind>
         <file>rtsv7M4_T_le_eabi.lib</file>
         <name>snprintf.c.obj</name>
      </input_file>
      <input_file id="fl-e0">
         <path>C:\ti\ccs1110\ccs\tools\compiler\ti-cgt-arm_20.2.5.LTS\lib\</path>
         <kind>archive</kind>
         <file>rtsv7M4_T_le_eabi.lib</file>
         <name>fs_mul_t2.asm.obj</name>
      </input_file>
      <input_file id="fl-e1">
         <path>C:\ti\ccs1110\ccs\tools\compiler\ti-cgt-arm_20.2.5.LTS\lib\</path>
         <kind>archive</kind>
         <file>rtsv7M4_T_le_eabi.lib</file>
         <name>fs_toi_t2.asm.obj</name>
      </input_file>
      <input_file id="fl-e2">
         <path>C:\ti\ccs1110\ccs\tools\compiler\ti-cgt-arm_20.2.5.LTS\lib\</path>
         <kind>archive</kind>
         <file>rtsv7M4_T_le_eabi.lib</file>
         <name>i_tofs_t2.asm.obj</name>
      </input_file>
      <input_file id="fl-e3">
         <path>C:\ti\ccs1110\ccs\tools\compiler\ti-cgt-arm_20.2.5.LTS\lib\</path>
         <kind>archive</kind>
         <file>rtsv7M4_T_le_eabi.lib</file>
         <name>ll_mul_t2.asm.obj</name>
      </input_file>
      <input_file id="fl-e4">
         <path>C:\ti\ccs1110\ccs\tools\compiler\ti-cgt-arm_20.2.5.LTS\lib\</path>
         <kind>archive</kind>
         <file>rtsv7M4_T_le_eabi.lib</file>
         <name>memcpy_t2.asm.obj</name>
      </input_file>
      <input_file id="fl-e5">
         <path>C:\ti\ccs1110\ccs\tools\compiler\ti-cgt-arm_20.2.5.LTS\lib\</path>
         <kind>archive</kind>
         <file>rtsv7M4_T_le_eabi.lib</file>
         <name>ull_div_t2.asm.obj</name>
      </input_file>
      <input_file id="fl-e6">
         <path>C:\ti\ccs1110\ccs\tools\compiler\ti-cgt-arm_20.2.5.LTS\lib\</path>
         <kind>archive</kind>
         <file>rtsv7M4_T_le_eabi.lib</file>
         <name>copy_zero_init.c.obj</name>
      </input_file>
      <input_file id="fl-e7">
         <path>C:\ti\ccs1110\ccs\tools\compiler\ti-cgt-arm_20.2.5.LTS\lib\</path>
         <kind>archive</kind>
         <file>rtsv7M4_T_le_eabi.lib</file>
         <name>copy_decompress_none.c.obj</name>
      </input_file>
      <input_file id="fl-e8">
         <path>C:\ti\ccs1110\ccs\tools\compiler\ti-cgt-arm_20.2.5.LTS\lib\</path>
         <kind>archive</kind>
         <file>rtsv7M4_T_le_eabi.lib</file>
         <name>copy_decompress_lzss.c.obj</name>
      </input_file>
      <input_file id="fl-e9">
         <path>C:\ti\ccs1110\ccs\tools\compiler\ti-cgt-arm_20.2.5.LTS\lib\</path>
         <kind>archive</kind>
         <file>rtsv7M4_T_le_eabi.lib</file>
         <name>memory.c.obj</name>
      </input_file>
      <input_file id="fl-ea">
         <path>C:\ti\ccs1110\ccs\tools\compiler\ti-cgt-arm_20.2.5.LTS\lib\</path>
         <kind>archive</kind>
         <file>rtsv7M4_T_le_eabi.lib</file>
         <name>boot_cortex_m.c.obj</name>
      </input_file>
      <input_file id="fl-eb">
         <path>C:\ti\ccs1110\ccs\tools\compiler\ti-cgt-arm_20.2.5.LTS\lib\</path>
         <kind>archive</kind>
         <file>rtsv7M4_T_le_eabi.lib</file>
         <name>_printfi.c.obj</name>
      </input_file>
      <input_file id="fl-ec">
         <path>C:\ti\ccs1110\ccs\tools\compiler\ti-cgt-arm_20.2.5.LTS\lib\</path>
         <kind>archive</kind>
         <file>rtsv7M4_T_le_eabi.lib</file>
         <name>s_frexp.c.obj</name>
      </input_file>
      <input_file id="fl-ed">
         <path>C:\ti\ccs1110\ccs\tools\compiler\ti-cgt-arm_20.2.5.LTS\lib\</path>
         <kind>archive</kind>
         <file>rtsv7M4_T_le_eabi.lib</file>
         <name>s_scalbn.c.obj</name>
      </input_file>
      <input_file id="fl-ee">
         <path>C:\ti\ccs1110\ccs\tools\compiler\ti-cgt-arm_20.2.5.LTS\lib\</path>
         <kind>archive</kind>
         <file>rtsv7M4_T_le_eabi.lib</file>
         <name>wcslen.c.obj</name>
      </input_file>
      <input_file id="fl-ef">
         <path>C:\ti\ccs1110\ccs\tools\compiler\ti-cgt-arm_20.2.5.LTS\lib\</path>
         <kind>archive</kind>
         <file>rtsv7M4_T_le_eabi.lib</file>
         <name>div0.asm.obj</name>
      </input_file>
      <input_file id="fl-f0">
         <path>C:\ti\ccs1110\ccs\tools\compiler\ti-cgt-arm_20.2.5.LTS\lib\</path>
         <kind>archive</kind>
         <file>rtsv7M4_T_le_eabi.lib</file>
         <name>fd_add_t2.asm.obj</name>
      </input_file>
      <input_file id="fl-f1">
         <path>C:\ti\ccs1110\ccs\tools\compiler\ti-cgt-arm_20.2.5.LTS\lib\</path>
         <kind>archive</kind>
         <file>rtsv7M4_T_le_eabi.lib</file>
         <name>fd_cmp_t2.asm.obj</name>
      </input_file>
      <input_file id="fl-f2">
         <path>C:\ti\ccs1110\ccs\tools\compiler\ti-cgt-arm_20.2.5.LTS\lib\</path>
         <kind>archive</kind>
         <file>rtsv7M4_T_le_eabi.lib</file>
         <name>fd_div_t2.asm.obj</name>
      </input_file>
      <input_file id="fl-f3">
         <path>C:\ti\ccs1110\ccs\tools\compiler\ti-cgt-arm_20.2.5.LTS\lib\</path>
         <kind>archive</kind>
         <file>rtsv7M4_T_le_eabi.lib</file>
         <name>fd_mul_t2.asm.obj</name>
      </input_file>
      <input_file id="fl-f4">
         <path>C:\ti\ccs1110\ccs\tools\compiler\ti-cgt-arm_20.2.5.LTS\lib\</path>
         <kind>archive</kind>
         <file>rtsv7M4_T_le_eabi.lib</file>
         <name>fd_toi_t2.asm.obj</name>
      </input_file>
      <input_file id="fl-f5">
         <path>C:\ti\ccs1110\ccs\tools\compiler\ti-cgt-arm_20.2.5.LTS\lib\</path>
         <kind>archive</kind>
         <file>rtsv7M4_T_le_eabi.lib</file>
         <name>i_tofd_t2.asm.obj</name>
      </input_file>
      <input_file id="fl-f6">
         <path>C:\ti\ccs1110\ccs\tools\compiler\ti-cgt-arm_20.2.5.LTS\lib\</path>
         <kind>archive</kind>
         <file>rtsv7M4_T_le_eabi.lib</file>
         <name>memset_t2.asm.obj</name>
      </input_file>
      <input_file id="fl-f7">
         <path>C:\ti\ccs1110\ccs\tools\compiler\ti-cgt-arm_20.2.5.LTS\lib\</path>
         <kind>archive</kind>
         <file>rtsv7M4_T_le_eabi.lib</file>
         <name>autoinit.c.obj</name>
      </input_file>
      <input_file id="fl-f8">
         <path>C:\ti\ccs1110\ccs\tools\compiler\ti-cgt-arm_20.2.5.LTS\lib\</path>
         <kind>archive</kind>
         <file>rtsv7M4_T_le_eabi.lib</file>
         <name>pre_init.c.obj</name>
      </input_file>
      <input_file id="fl-f9">
         <path>C:\ti\ccs1110\ccs\tools\compiler\ti-cgt-arm_20.2.5.LTS\lib\</path>
         <kind>archive</kind>
         <file>rtsv7M4_T_le_eabi.lib</file>
         <name>cpy_tbl.c.obj</name>
      </input_file>
      <input_file id="fl-fa">
         <path>C:\ti\ccs1110\ccs\tools\compiler\ti-cgt-arm_20.2.5.LTS\lib\</path>
         <kind>archive</kind>
         <file>rtsv7M4_T_le_eabi.lib</file>
         <name>exit.c.obj</name>
      </input_file>
      <input_file id="fl-fb">
         <path>C:\ti\ccs1110\ccs\tools\compiler\ti-cgt-arm_20.2.5.LTS\lib\</path>
         <kind>archive</kind>
         <file>rtsv7M4_T_le_eabi.lib</file>
         <name>_lock.c.obj</name>
      </input_file>
      <input_file id="fl-fc">
         <path>C:\ti\ccs1110\ccs\tools\compiler\ti-cgt-arm_20.2.5.LTS\lib\</path>
         <kind>archive</kind>
         <file>rtsv7M4_T_le_eabi.lib</file>
         <name>_ltoa.c.obj</name>
      </input_file>
      <input_file id="fl-fd">
         <path>C:\ti\ccs1110\ccs\tools\compiler\ti-cgt-arm_20.2.5.LTS\lib\</path>
         <kind>archive</kind>
         <file>rtsv7M4_T_le_eabi.lib</file>
         <name>args_main.c.obj</name>
      </input_file>
      <input_file id="fl-fe">
         <path>C:\ti\ccs1110\ccs\tools\compiler\ti-cgt-arm_20.2.5.LTS\lib\</path>
         <kind>archive</kind>
         <file>rtsv7M4_T_le_eabi.lib</file>
         <name>atoi.c.obj</name>
      </input_file>
      <input_file id="fl-ff">
         <path>C:\ti\ccs1110\ccs\tools\compiler\ti-cgt-arm_20.2.5.LTS\lib\</path>
         <kind>archive</kind>
         <file>rtsv7M4_T_le_eabi.lib</file>
         <name>ctype.c.obj</name>
      </input_file>
      <input_file id="fl-100">
         <path>C:\ti\ccs1110\ccs\tools\compiler\ti-cgt-arm_20.2.5.LTS\lib\</path>
         <kind>archive</kind>
         <file>rtsv7M4_T_le_eabi.lib</file>
         <name>memccpy.c.obj</name>
      </input_file>
      <input_file id="fl-101">
         <path>C:\ti\ccs1110\ccs\tools\compiler\ti-cgt-arm_20.2.5.LTS\lib\</path>
         <kind>archive</kind>
         <file>rtsv7M4_T_le_eabi.lib</file>
         <name>strchr.c.obj</name>
      </input_file>
      <input_file id="fl-102">
         <path>C:\ti\ccs1110\ccs\tools\compiler\ti-cgt-arm_20.2.5.LTS\lib\</path>
         <kind>archive</kind>
         <file>rtsv7M4_T_le_eabi.lib</file>
         <name>strlen.c.obj</name>
      </input_file>
      <input_file id="fl-103">
         <path>C:\ti\ccs1110\ccs\tools\compiler\ti-cgt-arm_20.2.5.LTS\lib\</path>
         <kind>archive</kind>
         <file>rtsv7M4_T_le_eabi.lib</file>
         <name>errno.c.obj</name>
      </input_file>
      <input_file id="fl-104">
         <path>C:\ti\ccs1110\ccs\tools\compiler\ti-cgt-arm_20.2.5.LTS\lib\</path>
         <kind>archive</kind>
         <file>rtsv7M4_T_le_eabi.lib</file>
         <name>s_copysign.c.obj</name>
      </input_file>
   </input_file_list>
   <object_component_list>
      <object_component id="oc-3b5">
         <name>.text:__TI_printfi</name>
         <load_address>0x2000c040</load_address>
         <run_address>0x2000c040</run_address>
         <size>0xa4e</size>
         <input_file_ref idref="fl-eb"/>
      </object_component>
      <object_component id="oc-1df">
         <name>.text:Board_initHook</name>
         <load_address>0x2000ca8e</load_address>
         <run_address>0x2000ca8e</run_address>
         <size>0x2</size>
         <input_file_ref idref="fl-3"/>
      </object_component>
      <object_component id="oc-1d3">
         <name>.text:PRCMCC3200MCUInit</name>
         <load_address>0x2000ca90</load_address>
         <run_address>0x2000ca90</run_address>
         <size>0x42c</size>
         <input_file_ref idref="fl-25"/>
      </object_component>
      <object_component id="oc-82f">
         <name>.text:UARTCC32XX_open</name>
         <load_address>0x2000cebc</load_address>
         <run_address>0x2000cebc</run_address>
         <size>0x288</size>
         <input_file_ref idref="fl-16"/>
      </object_component>
      <object_component id="oc-571">
         <name>.text:_pconv_a</name>
         <load_address>0x2000d144</load_address>
         <run_address>0x2000d144</run_address>
         <size>0x268</size>
         <input_file_ref idref="fl-eb"/>
      </object_component>
      <object_component id="oc-1ff">
         <name>.text:GPIO_setConfig</name>
         <load_address>0x2000d3ac</load_address>
         <run_address>0x2000d3ac</run_address>
         <size>0x1e4</size>
         <input_file_ref idref="fl-11"/>
      </object_component>
      <object_component id="oc-55f">
         <name>.text:_pconv_g</name>
         <load_address>0x2000d590</load_address>
         <run_address>0x2000d590</run_address>
         <size>0x1cc</size>
         <input_file_ref idref="fl-eb"/>
      </object_component>
      <object_component id="oc-771">
         <name>.text</name>
         <load_address>0x2000d75c</load_address>
         <run_address>0x2000d75c</run_address>
         <size>0x1b6</size>
         <input_file_ref idref="fl-f0"/>
      </object_component>
      <object_component id="oc-32c">
         <name>.text:I2C_init</name>
         <load_address>0x2000d912</load_address>
         <run_address>0x2000d912</run_address>
         <size>0x2</size>
         <input_file_ref idref="fl-e"/>
      </object_component>
      <object_component id="oc-422">
         <name>.text:PowerCC32XX_sleepPolicy</name>
         <load_address>0x2000d914</load_address>
         <run_address>0x2000d914</run_address>
         <size>0x19c</size>
         <input_file_ref idref="fl-1d"/>
      </object_component>
      <object_component id="oc-15f">
         <name>.text:mainThread</name>
         <load_address>0x2000dab0</load_address>
         <run_address>0x2000dab0</run_address>
         <size>0x19c</size>
         <input_file_ref idref="fl-2"/>
      </object_component>
      <object_component id="oc-4ce">
         <name>.text:I2CCC32XX_hwiFxn</name>
         <load_address>0x2000dc4c</load_address>
         <run_address>0x2000dc4c</run_address>
         <size>0x148</size>
         <input_file_ref idref="fl-12"/>
      </object_component>
      <object_component id="oc-7e1">
         <name>.text:parkPins</name>
         <load_address>0x2000dd94</load_address>
         <run_address>0x2000dd94</run_address>
         <size>0x148</size>
         <input_file_ref idref="fl-13"/>
      </object_component>
      <object_component id="oc-56b">
         <name>.text:_pconv_e</name>
         <load_address>0x2000dedc</load_address>
         <run_address>0x2000dedc</run_address>
         <size>0x13c</size>
         <input_file_ref idref="fl-eb"/>
      </object_component>
      <object_component id="oc-5e8">
         <name>.text:Power_sleep</name>
         <load_address>0x2000e018</load_address>
         <run_address>0x2000e018</run_address>
         <size>0x138</size>
         <input_file_ref idref="fl-13"/>
      </object_component>
      <object_component id="oc-351">
         <name>.text:Timer_open</name>
         <load_address>0x2000e150</load_address>
         <run_address>0x2000e150</run_address>
         <size>0x138</size>
         <input_file_ref idref="fl-15"/>
      </object_component>
      <object_component id="oc-757">
         <name>.text</name>
         <load_address>0x2000e288</load_address>
         <run_address>0x2000e288</run_address>
         <size>0x136</size>
         <input_file_ref idref="fl-f2"/>
      </object_component>
      <object_component id="oc-53e">
         <name>.text:I2C_transferTimeout</name>
         <load_address>0x2000e3be</load_address>
         <run_address>0x2000e3be</run_address>
         <size>0x122</size>
         <input_file_ref idref="fl-e"/>
      </object_component>
      <object_component id="oc-81d">
         <name>.text:UARTCC32XX_close</name>
         <load_address>0x2000e4e0</load_address>
         <run_address>0x2000e4e0</run_address>
         <size>0x120</size>
         <input_file_ref idref="fl-16"/>
      </object_component>
      <object_component id="oc-783">
         <name>.text:fcvt</name>
         <load_address>0x2000e600</load_address>
         <run_address>0x2000e600</run_address>
         <size>0x120</size>
         <input_file_ref idref="fl-eb"/>
      </object_component>
      <object_component id="oc-211">
         <name>.text:readTemp</name>
         <load_address>0x2000e720</load_address>
         <run_address>0x2000e720</run_address>
         <size>0x120</size>
         <input_file_ref idref="fl-2"/>
      </object_component>
      <object_component id="oc-71d">
         <name>.text:aligned_alloc</name>
         <load_address>0x2000e840</load_address>
         <run_address>0x2000e840</run_address>
         <size>0x100</size>
         <input_file_ref idref="fl-e9"/>
      </object_component>
      <object_component id="oc-338">
         <name>.text:I2C_open</name>
         <load_address>0x2000e940</load_address>
         <run_address>0x2000e940</run_address>
         <size>0xfc</size>
         <input_file_ref idref="fl-12"/>
      </object_component>
      <object_component id="oc-752">
         <name>.text</name>
         <load_address>0x2000ea3c</load_address>
         <run_address>0x2000ea3c</run_address>
         <size>0xfc</size>
         <input_file_ref idref="fl-f3"/>
      </object_component>
      <object_component id="oc-823">
         <name>.text:UARTCC32XX_control</name>
         <load_address>0x2000eb38</load_address>
         <run_address>0x2000eb38</run_address>
         <size>0xf2</size>
         <input_file_ref idref="fl-16"/>
      </object_component>
      <object_component id="oc-41c">
         <name>.text:PowerCC32XX_initPolicy</name>
         <load_address>0x2000ec2a</load_address>
         <run_address>0x2000ec2a</run_address>
         <size>0x2</size>
         <input_file_ref idref="fl-1d"/>
      </object_component>
      <object_component id="oc-44d">
         <name>.text:free</name>
         <load_address>0x2000ec2c</load_address>
         <run_address>0x2000ec2c</run_address>
         <size>0xe4</size>
         <input_file_ref idref="fl-e9"/>
      </object_component>
      <object_component id="oc-797">
         <name>.text:scalbn</name>
         <load_address>0x2000ed10</load_address>
         <run_address>0x2000ed10</run_address>
         <size>0xd0</size>
         <input_file_ref idref="fl-ed"/>
      </object_component>
      <object_component id="oc-847">
         <name>.text:UARTCC32XX_write</name>
         <load_address>0x2000ede0</load_address>
         <run_address>0x2000ede0</run_address>
         <size>0xca</size>
         <input_file_ref idref="fl-16"/>
      </object_component>
      <object_component id="oc-6d1">
         <name>.text:SemaphoreP_destruct</name>
         <load_address>0x2000eeaa</load_address>
         <run_address>0x2000eeaa</run_address>
         <size>0x2</size>
         <input_file_ref idref="fl-1a"/>
      </object_component>
      <object_component id="oc-1ed">
         <name>.text:GPIO_init</name>
         <load_address>0x2000eeac</load_address>
         <run_address>0x2000eeac</run_address>
         <size>0xc4</size>
         <input_file_ref idref="fl-11"/>
      </object_component>
      <object_component id="oc-7fe">
         <name>.text:restoreParkedPins</name>
         <load_address>0x2000ef70</load_address>
         <run_address>0x2000ef70</run_address>
         <size>0xc0</size>
         <input_file_ref idref="fl-13"/>
      </object_component>
      <object_component id="oc-83b">
         <name>.text:UARTCC32XX_readPolling</name>
         <load_address>0x2000f030</load_address>
         <run_address>0x2000f030</run_address>
         <size>0xba</size>
         <input_file_ref idref="fl-16"/>
      </object_component>
      <object_component id="oc-345">
         <name>.text:Timer_init</name>
         <load_address>0x2000f0ea</load_address>
         <run_address>0x2000f0ea</run_address>
         <size>0x2</size>
         <input_file_ref idref="fl-f"/>
      </object_component>
      <object_component id="oc-9bd">
         <name>.text:initHw</name>
         <load_address>0x2000f0ec</load_address>
         <run_address>0x2000f0ec</run_address>
         <size>0xb8</size>
         <input_file_ref idref="fl-16"/>
      </object_component>
      <object_component id="oc-a6a">
         <name>.text:readTaskCallback</name>
         <load_address>0x2000f1a4</load_address>
         <run_address>0x2000f1a4</run_address>
         <size>0xb6</size>
         <input_file_ref idref="fl-16"/>
      </object_component>
      <object_component id="oc-6a1">
         <name>.text:I2CCC32XX_completeTransfer</name>
         <load_address>0x2000f25a</load_address>
         <run_address>0x2000f25a</run_address>
         <size>0xb2</size>
         <input_file_ref idref="fl-12"/>
      </object_component>
      <object_component id="oc-554">
         <name>.text:_ltostr</name>
         <load_address>0x2000f30c</load_address>
         <run_address>0x2000f30c</run_address>
         <size>0xb1</size>
         <input_file_ref idref="fl-eb"/>
      </object_component>
      <object_component id="oc-a58">
         <name>.text:readTaskBlocking</name>
         <load_address>0x2000f3be</load_address>
         <run_address>0x2000f3be</run_address>
         <size>0xb0</size>
         <input_file_ref idref="fl-16"/>
      </object_component>
      <object_component id="oc-a5e">
         <name>.text:readIsrTextBlocking</name>
         <load_address>0x2000f46e</load_address>
         <run_address>0x2000f46e</run_address>
         <size>0xae</size>
         <input_file_ref idref="fl-16"/>
      </object_component>
      <object_component id="oc-68f">
         <name>.text:I2CCC32XX_primeWriteBurst</name>
         <load_address>0x2000f51c</load_address>
         <run_address>0x2000f51c</run_address>
         <size>0xa8</size>
         <input_file_ref idref="fl-12"/>
      </object_component>
      <object_component id="oc-b5">
         <name>.text:IntEnable</name>
         <load_address>0x2000f5c4</load_address>
         <run_address>0x2000f5c4</run_address>
         <size>0xa8</size>
         <input_file_ref idref="fl-23"/>
      </object_component>
      <object_component id="oc-2cd">
         <name>.text:PowerCC32XX_configureWakeup</name>
         <load_address>0x2000f66c</load_address>
         <run_address>0x2000f66c</run_address>
         <size>0xa8</size>
         <input_file_ref idref="fl-13"/>
      </object_component>
      <object_component id="oc-a70">
         <name>.text:readIsrTextCallback</name>
         <load_address>0x2000f714</load_address>
         <run_address>0x2000f714</run_address>
         <size>0xa2</size>
         <input_file_ref idref="fl-16"/>
      </object_component>
      <object_component id="oc-9f4">
         <name>.text:writeData</name>
         <load_address>0x2000f7b6</load_address>
         <run_address>0x2000f7b6</run_address>
         <size>0xa2</size>
         <input_file_ref idref="fl-16"/>
      </object_component>
      <object_component id="oc-306">
         <name>.text:SemaphoreP_pend</name>
         <load_address>0x2000f858</load_address>
         <run_address>0x2000f858</run_address>
         <size>0xa0</size>
         <input_file_ref idref="fl-1a"/>
      </object_component>
      <object_component id="oc-4bc">
         <name>.text:I2CCC32XX_initHw</name>
         <load_address>0x2000f8f8</load_address>
         <run_address>0x2000f8f8</run_address>
         <size>0x9c</size>
         <input_file_ref idref="fl-12"/>
      </object_component>
      <object_component id="oc-3b">
         <name>.text</name>
         <load_address>0x2000f994</load_address>
         <run_address>0x2000f994</run_address>
         <size>0x9c</size>
         <input_file_ref idref="fl-e4"/>
      </object_component>
      <object_component id="oc-322">
         <name>.text:powerNotifyFxn</name>
         <load_address>0x2000fa30</load_address>
         <run_address>0x2000fa30</run_address>
         <size>0x98</size>
         <input_file_ref idref="fl-11"/>
      </object_component>
      <object_component id="oc-5e3">
         <name>.text</name>
         <load_address>0x2000fac8</load_address>
         <run_address>0x2000fac8</run_address>
         <size>0x96</size>
         <input_file_ref idref="fl-e5"/>
      </object_component>
      <object_component id="oc-829">
         <name>.text:UARTCC32XX_init</name>
         <load_address>0x2000fb5e</load_address>
         <run_address>0x2000fb5e</run_address>
         <size>0x2</size>
         <input_file_ref idref="fl-16"/>
      </object_component>
      <object_component id="oc-7f2">
         <name>.text:restoreNVICRegs</name>
         <load_address>0x2000fb60</load_address>
         <run_address>0x2000fb60</run_address>
         <size>0x90</size>
         <input_file_ref idref="fl-13"/>
      </object_component>
      <object_component id="oc-35d">
         <name>.text:timerCallback</name>
         <load_address>0x2000fbf0</load_address>
         <run_address>0x2000fbf0</run_address>
         <size>0x90</size>
         <input_file_ref idref="fl-2"/>
      </object_component>
      <object_component id="oc-4b0">
         <name>.text:HwiP_construct</name>
         <load_address>0x2000fc80</load_address>
         <run_address>0x2000fc80</run_address>
         <size>0x8c</size>
         <input_file_ref idref="fl-1c"/>
      </object_component>
      <object_component id="oc-1f3">
         <name>.text:initI2C</name>
         <load_address>0x2000fd0c</load_address>
         <run_address>0x2000fd0c</run_address>
         <size>0x8c</size>
         <input_file_ref idref="fl-2"/>
      </object_component>
      <object_component id="oc-97b">
         <name>.text:IntPendSet</name>
         <load_address>0x2000fd98</load_address>
         <run_address>0x2000fd98</run_address>
         <size>0x88</size>
         <input_file_ref idref="fl-23"/>
      </object_component>
      <object_component id="oc-365">
         <name>.text:PinConfigSet</name>
         <load_address>0x2000fe20</load_address>
         <run_address>0x2000fe20</run_address>
         <size>0x88</size>
         <input_file_ref idref="fl-24"/>
      </object_component>
      <object_component id="oc-55a">
         <name>.text:__aeabi_cdcmple</name>
         <load_address>0x2000fea8</load_address>
         <run_address>0x2000fea8</run_address>
         <size>0x86</size>
         <input_file_ref idref="fl-f1"/>
      </object_component>
      <object_component id="oc-75c">
         <name>.text:__aeabi_cdrcmple</name>
         <load_address>0x2000ff2e</load_address>
         <run_address>0x2000ff2e</run_address>
         <size>0x86</size>
         <input_file_ref idref="fl-f1"/>
      </object_component>
      <object_component id="oc-1d9">
         <name>.text:Power_init</name>
         <load_address>0x2000ffb4</load_address>
         <run_address>0x2000ffb4</run_address>
         <size>0x84</size>
         <input_file_ref idref="fl-13"/>
      </object_component>
      <object_component id="oc-7e7">
         <name>.text:saveNVICRegs</name>
         <load_address>0x20010038</load_address>
         <run_address>0x20010038</run_address>
         <size>0x84</size>
         <input_file_ref idref="fl-13"/>
      </object_component>
      <object_component id="oc-36b">
         <name>.text:Power_setDependency</name>
         <load_address>0x200100bc</load_address>
         <run_address>0x200100bc</run_address>
         <size>0x80</size>
         <input_file_ref idref="fl-13"/>
      </object_component>
      <object_component id="oc-a52">
         <name>.text:readIsrBinaryBlocking</name>
         <load_address>0x2001013c</load_address>
         <run_address>0x2001013c</run_address>
         <size>0x7c</size>
         <input_file_ref idref="fl-16"/>
      </object_component>
      <object_component id="oc-689">
         <name>.text:I2CCC32XX_primeReadBurst</name>
         <load_address>0x200101b8</load_address>
         <run_address>0x200101b8</run_address>
         <size>0x7a</size>
         <input_file_ref idref="fl-12"/>
      </object_component>
      <object_component id="oc-3aa">
         <name>.text</name>
         <load_address>0x20010232</load_address>
         <run_address>0x20010232</run_address>
         <size>0x7a</size>
         <input_file_ref idref="fl-e0"/>
      </object_component>
      <object_component id="oc-9d">
         <name>.text</name>
         <load_address>0x200102ac</load_address>
         <run_address>0x200102ac</run_address>
         <size>0x7a</size>
         <input_file_ref idref="fl-f6"/>
      </object_component>
      <object_component id="oc-3e9">
         <name>.text:_nop</name>
         <load_address>0x20010326</load_address>
         <run_address>0x20010326</run_address>
         <size>0x2</size>
         <input_file_ref idref="fl-fb"/>
      </object_component>
      <object_component id="oc-38f">
         <name>.text:GPIO_hwiIntFxn</name>
         <load_address>0x20010328</load_address>
         <run_address>0x20010328</run_address>
         <size>0x78</size>
         <input_file_ref idref="fl-11"/>
      </object_component>
      <object_component id="oc-a64">
         <name>.text:readIsrBinaryCallback</name>
         <load_address>0x200103a0</load_address>
         <run_address>0x200103a0</run_address>
         <size>0x78</size>
         <input_file_ref idref="fl-16"/>
      </object_component>
      <object_component id="oc-9cc">
         <name>.text:UARTCC32XX_hwiIntFxn</name>
         <load_address>0x20010418</load_address>
         <run_address>0x20010418</run_address>
         <size>0x74</size>
         <input_file_ref idref="fl-16"/>
      </object_component>
      <object_component id="oc-8d4">
         <name>.text:split</name>
         <load_address>0x2001048c</load_address>
         <run_address>0x2001048c</run_address>
         <size>0x70</size>
         <input_file_ref idref="fl-e9"/>
      </object_component>
      <object_component id="oc-77c">
         <name>.text:_mcpy</name>
         <load_address>0x200104fc</load_address>
         <run_address>0x200104fc</run_address>
         <size>0x6e</size>
         <input_file_ref idref="fl-eb"/>
      </object_component>
      <object_component id="oc-730">
         <name>.text:I2CSupport_primeTransfer</name>
         <load_address>0x2001056a</load_address>
         <run_address>0x2001056a</run_address>
         <size>0x6a</size>
         <input_file_ref idref="fl-12"/>
      </object_component>
      <object_component id="oc-14">
         <name>.text:decompress:lzss:__TI_decompress_lzss</name>
         <load_address>0x200105d4</load_address>
         <run_address>0x200105d4</run_address>
         <size>0x68</size>
         <input_file_ref idref="fl-e8"/>
      </object_component>
      <object_component id="oc-853">
         <name>.text:UARTCC32XX_writeCancel</name>
         <load_address>0x2001063c</load_address>
         <run_address>0x2001063c</run_address>
         <size>0x66</size>
         <input_file_ref idref="fl-16"/>
      </object_component>
      <object_component id="oc-73">
         <name>.text:busFaultHandler</name>
         <load_address>0x200106a2</load_address>
         <run_address>0x200106a2</run_address>
         <size>0x2</size>
         <input_file_ref idref="fl-1e"/>
      </object_component>
      <object_component id="oc-49c">
         <name>.text:PowerCC32XX_setParkState</name>
         <load_address>0x200106a4</load_address>
         <run_address>0x200106a4</run_address>
         <size>0x64</size>
         <input_file_ref idref="fl-13"/>
      </object_component>
      <object_component id="oc-84d">
         <name>.text:UARTCC32XX_writePolling</name>
         <load_address>0x20010708</load_address>
         <run_address>0x20010708</run_address>
         <size>0x62</size>
         <input_file_ref idref="fl-16"/>
      </object_component>
      <object_component id="oc-472">
         <name>.text:clkFxn</name>
         <load_address>0x2001076a</load_address>
         <run_address>0x2001076a</run_address>
         <size>0x2</size>
         <input_file_ref idref="fl-1a"/>
      </object_component>
      <object_component id="oc-29b">
         <name>.text:PRCMSysResetCauseGet</name>
         <load_address>0x2001076c</load_address>
         <run_address>0x2001076c</run_address>
         <size>0x60</size>
         <input_file_ref idref="fl-25"/>
      </object_component>
      <object_component id="oc-205">
         <name>.text:GPIO_setCallback</name>
         <load_address>0x200107cc</load_address>
         <run_address>0x200107cc</run_address>
         <size>0x5c</size>
         <input_file_ref idref="fl-11"/>
      </object_component>
      <object_component id="oc-791">
         <name>.text:frexp</name>
         <load_address>0x20010828</load_address>
         <run_address>0x20010828</run_address>
         <size>0x5c</size>
         <input_file_ref idref="fl-ec"/>
      </object_component>
      <object_component id="oc-93b">
         <name>.text:sysTickInit</name>
         <load_address>0x20010884</load_address>
         <run_address>0x20010884</run_address>
         <size>0x5c</size>
         <input_file_ref idref="fl-1b"/>
      </object_component>
      <object_component id="oc-3de">
         <name>.text:GPIO_write</name>
         <load_address>0x200108e0</load_address>
         <run_address>0x200108e0</run_address>
         <size>0x58</size>
         <input_file_ref idref="fl-11"/>
      </object_component>
      <object_component id="oc-2b4">
         <name>.text:PRCMPeripheralReset</name>
         <load_address>0x20010938</load_address>
         <run_address>0x20010938</run_address>
         <size>0x58</size>
         <input_file_ref idref="fl-25"/>
      </object_component>
      <object_component id="oc-8c3">
         <name>.text:Power_releaseDependency</name>
         <load_address>0x20010990</load_address>
         <run_address>0x20010990</run_address>
         <size>0x58</size>
         <input_file_ref idref="fl-13"/>
      </object_component>
      <object_component id="oc-565">
         <name>.text:_pconv_f</name>
         <load_address>0x200109e8</load_address>
         <run_address>0x200109e8</run_address>
         <size>0x56</size>
         <input_file_ref idref="fl-eb"/>
      </object_component>
      <object_component id="oc-766">
         <name>.text:__TI_ltoa</name>
         <load_address>0x20010a3e</load_address>
         <run_address>0x20010a3e</run_address>
         <size>0x54</size>
         <input_file_ref idref="fl-fc"/>
      </object_component>
      <object_component id="oc-6d">
         <name>.text:defaultHandler</name>
         <load_address>0x20010a92</load_address>
         <run_address>0x20010a92</run_address>
         <size>0x2</size>
         <input_file_ref idref="fl-1e"/>
      </object_component>
      <object_component id="oc-1f9">
         <name>.text:initTimer</name>
         <load_address>0x20010a94</load_address>
         <run_address>0x20010a94</run_address>
         <size>0x54</size>
         <input_file_ref idref="fl-2"/>
      </object_component>
      <object_component id="oc-aad">
         <name>.text:ringBufGet</name>
         <load_address>0x20010ae8</load_address>
         <run_address>0x20010ae8</run_address>
         <size>0x54</size>
         <input_file_ref idref="fl-16"/>
      </object_component>
      <object_component id="oc-958">
         <name>.text:PowerCC32XX_resumeLPDS</name>
         <load_address>0x20010b3c</load_address>
         <run_address>0x20010b3c</run_address>
         <size>0x52</size>
         <input_file_ref idref="fl-14"/>
      </object_component>
      <object_component id="oc-776">
         <name>.text:_ecpy</name>
         <load_address>0x20010b8e</load_address>
         <run_address>0x20010b8e</run_address>
         <size>0x52</size>
         <input_file_ref idref="fl-eb"/>
      </object_component>
      <object_component id="oc-4fa">
         <name>.text:initHw</name>
         <load_address>0x20010be0</load_address>
         <run_address>0x20010be0</run_address>
         <size>0x52</size>
         <input_file_ref idref="fl-15"/>
      </object_component>
      <object_component id="oc-67">
         <name>.text:faultISR</name>
         <load_address>0x20010c32</load_address>
         <run_address>0x20010c32</run_address>
         <size>0x2</size>
         <input_file_ref idref="fl-1e"/>
      </object_component>
      <object_component id="oc-79">
         <name>.text:ClockP_sysTickHandler</name>
         <load_address>0x20010c34</load_address>
         <run_address>0x20010c34</run_address>
         <size>0x50</size>
         <input_file_ref idref="fl-1b"/>
      </object_component>
      <object_component id="oc-618">
         <name>.text:SemaphoreP_construct</name>
         <load_address>0x20010c84</load_address>
         <run_address>0x20010c84</run_address>
         <size>0x50</size>
         <input_file_ref idref="fl-1a"/>
      </object_component>
      <object_component id="oc-23c">
         <name>.text:TickFct_UpdateReport</name>
         <load_address>0x20010cd4</load_address>
         <run_address>0x20010cd4</run_address>
         <size>0x50</size>
         <input_file_ref idref="fl-2"/>
      </object_component>
      <object_component id="oc-4e2">
         <name>.text:TimerCC32XX_allocateTimerResource</name>
         <load_address>0x20010d24</load_address>
         <run_address>0x20010d24</run_address>
         <size>0x50</size>
         <input_file_ref idref="fl-15"/>
      </object_component>
      <object_component id="oc-20b">
         <name>.text:GPIO_enableInt</name>
         <load_address>0x20010d74</load_address>
         <run_address>0x20010d74</run_address>
         <size>0x4c</size>
         <input_file_ref idref="fl-11"/>
      </object_component>
      <object_component id="oc-67d">
         <name>.text:I2CCC32XX_readRecieveFifo</name>
         <load_address>0x20010dc0</load_address>
         <run_address>0x20010dc0</run_address>
         <size>0x4c</size>
         <input_file_ref idref="fl-12"/>
      </object_component>
      <object_component id="oc-94f">
         <name>.text:PowerCC32XX_parkPin</name>
         <load_address>0x20010e0c</load_address>
         <run_address>0x20010e0c</run_address>
         <size>0x4c</size>
         <input_file_ref idref="fl-13"/>
      </object_component>
      <object_component id="oc-54e">
         <name>.text:atoi</name>
         <load_address>0x20010e58</load_address>
         <run_address>0x20010e58</run_address>
         <size>0x4c</size>
         <input_file_ref idref="fl-fe"/>
      </object_component>
      <object_component id="oc-7f8">
         <name>.text:restorePeriphClocks</name>
         <load_address>0x20010ea4</load_address>
         <run_address>0x20010ea4</run_address>
         <size>0x4c</size>
         <input_file_ref idref="fl-13"/>
      </object_component>
      <object_component id="oc-217">
         <name>.text:snprintf</name>
         <load_address>0x20010ef0</load_address>
         <run_address>0x20010ef0</run_address>
         <size>0x4c</size>
         <input_file_ref idref="fl-df"/>
      </object_component>
      <object_component id="oc-973">
         <name>.text:FlashDisable</name>
         <load_address>0x20010f3c</load_address>
         <run_address>0x20010f3c</run_address>
         <size>0x48</size>
         <input_file_ref idref="fl-29"/>
      </object_component>
      <object_component id="oc-804">
         <name>.text:PRCMLPDSEnter</name>
         <load_address>0x20010f84</load_address>
         <run_address>0x20010f84</run_address>
         <size>0x48</size>
         <input_file_ref idref="fl-25"/>
      </object_component>
      <object_component id="oc-2ae">
         <name>.text:PRCMPeripheralClkEnable</name>
         <load_address>0x20010fcc</load_address>
         <run_address>0x20010fcc</run_address>
         <size>0x48</size>
         <input_file_ref idref="fl-25"/>
      </object_component>
      <object_component id="oc-89f">
         <name>.text:Power_releaseConstraint</name>
         <load_address>0x20011014</load_address>
         <run_address>0x20011014</run_address>
         <size>0x48</size>
         <input_file_ref idref="fl-13"/>
      </object_component>
      <object_component id="oc-761">
         <name>.text</name>
         <load_address>0x2001105c</load_address>
         <run_address>0x2001105c</run_address>
         <size>0x48</size>
         <input_file_ref idref="fl-f4"/>
      </object_component>
      <object_component id="oc-a9a">
         <name>.text:RingBuf_put</name>
         <load_address>0x200110a4</load_address>
         <run_address>0x200110a4</run_address>
         <size>0x46</size>
         <input_file_ref idref="fl-18"/>
      </object_component>
      <object_component id="oc-4f4">
         <name>.text:getPrescaler</name>
         <load_address>0x200110ea</load_address>
         <run_address>0x200110ea</run_address>
         <size>0x46</size>
         <input_file_ref idref="fl-15"/>
      </object_component>
      <object_component id="oc-640">
         <name>.text:ClockP_stop</name>
         <load_address>0x20011130</load_address>
         <run_address>0x20011130</run_address>
         <size>0x44</size>
         <input_file_ref idref="fl-1b"/>
      </object_component>
      <object_component id="oc-95d">
         <name>.text:PRCMLPDSRestoreInfoSet</name>
         <load_address>0x20011174</load_address>
         <run_address>0x20011174</run_address>
         <size>0x44</size>
         <input_file_ref idref="fl-25"/>
      </object_component>
      <object_component id="oc-7ed">
         <name>.text:PowerCC32XX_enterLPDS</name>
         <load_address>0x200111b8</load_address>
         <run_address>0x200111b8</run_address>
         <size>0x44</size>
         <input_file_ref idref="fl-14"/>
      </object_component>
      <object_component id="oc-312">
         <name>.text:SemaphoreP_post</name>
         <load_address>0x200111fc</load_address>
         <run_address>0x200111fc</run_address>
         <size>0x44</size>
         <input_file_ref idref="fl-1a"/>
      </object_component>
      <object_component id="oc-5f9">
         <name>.text:SwiP_restore</name>
         <load_address>0x20011240</load_address>
         <run_address>0x20011240</run_address>
         <size>0x44</size>
         <input_file_ref idref="fl-1f"/>
      </object_component>
      <object_component id="oc-357">
         <name>.text:Timer_start</name>
         <load_address>0x20011284</load_address>
         <run_address>0x20011284</run_address>
         <size>0x44</size>
         <input_file_ref idref="fl-f"/>
      </object_component>
      <object_component id="oc-2db">
         <name>.text:UART_init</name>
         <load_address>0x200112c8</load_address>
         <run_address>0x200112c8</run_address>
         <size>0x44</size>
         <input_file_ref idref="fl-10"/>
      </object_component>
      <object_component id="oc-172">
         <name>.text:__TI_auto_init_nobinit_nopinit:__TI_auto_init_nobinit_nopinit</name>
         <load_address>0x2001130c</load_address>
         <run_address>0x2001130c</run_address>
         <size>0x44</size>
         <input_file_ref idref="fl-f7"/>
      </object_component>
      <object_component id="oc-1e7">
         <name>.text:initUART</name>
         <load_address>0x20011350</load_address>
         <run_address>0x20011350</run_address>
         <size>0x44</size>
         <input_file_ref idref="fl-2"/>
      </object_component>
      <object_component id="oc-a41">
         <name>.text:ClockP_construct</name>
         <load_address>0x20011394</load_address>
         <run_address>0x20011394</run_address>
         <size>0x40</size>
         <input_file_ref idref="fl-1b"/>
      </object_component>
      <object_component id="oc-2c6">
         <name>.text:PinModeSet</name>
         <load_address>0x200113d4</load_address>
         <run_address>0x200113d4</run_address>
         <size>0x40</size>
         <input_file_ref idref="fl-24"/>
      </object_component>
      <object_component id="oc-9e6">
         <name>.text:RingBuf_get</name>
         <load_address>0x20011414</load_address>
         <run_address>0x20011414</run_address>
         <size>0x40</size>
         <input_file_ref idref="fl-18"/>
      </object_component>
      <object_component id="oc-514">
         <name>.text:TimerSupport_timerEnable</name>
         <load_address>0x20011454</load_address>
         <run_address>0x20011454</run_address>
         <size>0x40</size>
         <input_file_ref idref="fl-15"/>
      </object_component>
      <object_component id="oc-4ee">
         <name>.text:Timer_close</name>
         <load_address>0x20011494</load_address>
         <run_address>0x20011494</run_address>
         <size>0x40</size>
         <input_file_ref idref="fl-15"/>
      </object_component>
      <object_component id="oc-835">
         <name>.text:UARTCC32XX_read</name>
         <load_address>0x200114d4</load_address>
         <run_address>0x200114d4</run_address>
         <size>0x40</size>
         <input_file_ref idref="fl-16"/>
      </object_component>
      <object_component id="oc-2e7">
         <name>.text:UART_open</name>
         <load_address>0x20011514</load_address>
         <run_address>0x20011514</run_address>
         <size>0x40</size>
         <input_file_ref idref="fl-10"/>
      </object_component>
      <object_component id="oc-789">
         <name>.text:_fcpy</name>
         <load_address>0x20011554</load_address>
         <run_address>0x20011554</run_address>
         <size>0x3e</size>
         <input_file_ref idref="fl-eb"/>
      </object_component>
      <object_component id="oc-61">
         <name>.text:nmiISR</name>
         <load_address>0x20011592</load_address>
         <run_address>0x20011592</run_address>
         <size>0x2</size>
         <input_file_ref idref="fl-1e"/>
      </object_component>
      <object_component id="oc-46c">
         <name>.text:ClockP_destruct</name>
         <load_address>0x20011594</load_address>
         <run_address>0x20011594</run_address>
         <size>0x3c</size>
         <input_file_ref idref="fl-1b"/>
      </object_component>
      <object_component id="oc-710">
         <name>.text:Power_setConstraint</name>
         <load_address>0x200115d0</load_address>
         <run_address>0x200115d0</run_address>
         <size>0x3c</size>
         <input_file_ref idref="fl-13"/>
      </object_component>
      <object_component id="oc-230">
         <name>.text:TickFct_CheckButtons</name>
         <load_address>0x2001160c</load_address>
         <run_address>0x2001160c</run_address>
         <size>0x3c</size>
         <input_file_ref idref="fl-2"/>
      </object_component>
      <object_component id="oc-5dd">
         <name>.text:getCountsRTC</name>
         <load_address>0x20011648</load_address>
         <run_address>0x20011648</run_address>
         <size>0x3a</size>
         <input_file_ref idref="fl-1d"/>
      </object_component>
      <object_component id="oc-7d5">
         <name>.text</name>
         <load_address>0x20011682</load_address>
         <run_address>0x20011682</run_address>
         <size>0x2</size>
         <input_file_ref idref="fl-ef"/>
      </object_component>
      <object_component id="oc-80a">
         <name>.text:PRCMLPDSEnterKeepDebugIf</name>
         <load_address>0x20011684</load_address>
         <run_address>0x20011684</run_address>
         <size>0x38</size>
         <input_file_ref idref="fl-25"/>
      </object_component>
      <object_component id="oc-db">
         <name>.text:addToList</name>
         <load_address>0x200116bc</load_address>
         <run_address>0x200116bc</run_address>
         <size>0x38</size>
         <input_file_ref idref="fl-1b"/>
      </object_component>
      <object_component id="oc-59">
         <name>.text:initVectors</name>
         <load_address>0x200116f4</load_address>
         <run_address>0x200116f4</run_address>
         <size>0x38</size>
         <input_file_ref idref="fl-1e"/>
      </object_component>
      <object_component id="oc-7db">
         <name>.text:notify</name>
         <load_address>0x2001172c</load_address>
         <run_address>0x2001172c</run_address>
         <size>0x38</size>
         <input_file_ref idref="fl-13"/>
      </object_component>
      <object_component id="oc-3af">
         <name>.text</name>
         <load_address>0x20011764</load_address>
         <run_address>0x20011764</run_address>
         <size>0x38</size>
         <input_file_ref idref="fl-e1"/>
      </object_component>
      <object_component id="oc-3a5">
         <name>.text</name>
         <load_address>0x2001179c</load_address>
         <run_address>0x2001179c</run_address>
         <size>0x38</size>
         <input_file_ref idref="fl-e2"/>
      </object_component>
      <object_component id="oc-6f1">
         <name>.text:TimerControlStall</name>
         <load_address>0x200117d4</load_address>
         <run_address>0x200117d4</run_address>
         <size>0x36</size>
         <input_file_ref idref="fl-26"/>
      </object_component>
      <object_component id="oc-6bf">
         <name>.text:Timer_stop</name>
         <load_address>0x2001180a</load_address>
         <run_address>0x2001180a</run_address>
         <size>0x36</size>
         <input_file_ref idref="fl-f"/>
      </object_component>
      <object_component id="oc-841">
         <name>.text:UARTCC32XX_readCancel</name>
         <load_address>0x20011840</load_address>
         <run_address>0x20011840</run_address>
         <size>0x36</size>
         <input_file_ref idref="fl-16"/>
      </object_component>
      <object_component id="oc-5cb">
         <name>.text:ClockP_getTicksUntilInterrupt</name>
         <load_address>0x20011878</load_address>
         <run_address>0x20011878</run_address>
         <size>0x34</size>
         <input_file_ref idref="fl-1b"/>
      </object_component>
      <object_component id="oc-7cc">
         <name>.text:ClockP_startup</name>
         <load_address>0x200118ac</load_address>
         <run_address>0x200118ac</run_address>
         <size>0x34</size>
         <input_file_ref idref="fl-1b"/>
      </object_component>
      <object_component id="oc-2c0">
         <name>.text:PinModeGet</name>
         <load_address>0x200118e0</load_address>
         <run_address>0x200118e0</run_address>
         <size>0x34</size>
         <input_file_ref idref="fl-24"/>
      </object_component>
      <object_component id="oc-98a">
         <name>.text:PowerCC32XX_restoreParkState</name>
         <load_address>0x20011914</load_address>
         <run_address>0x20011914</run_address>
         <size>0x34</size>
         <input_file_ref idref="fl-13"/>
      </object_component>
      <object_component id="oc-6d7">
         <name>.text:TimerCC32XX_freeTimerResource</name>
         <load_address>0x20011948</load_address>
         <run_address>0x20011948</run_address>
         <size>0x34</size>
         <input_file_ref idref="fl-15"/>
      </object_component>
      <object_component id="oc-50c">
         <name>.text:TimerCC32XX_hwiIntFunction</name>
         <load_address>0x2001197c</load_address>
         <run_address>0x2001197c</run_address>
         <size>0x34</size>
         <input_file_ref idref="fl-15"/>
      </object_component>
      <object_component id="oc-6b4">
         <name>.text:getPowerMgrId</name>
         <load_address>0x200119b0</load_address>
         <run_address>0x200119b0</run_address>
         <size>0x34</size>
         <input_file_ref idref="fl-15"/>
      </object_component>
      <object_component id="oc-45a">
         <name>.text:ClockP_start</name>
         <load_address>0x200119e4</load_address>
         <run_address>0x200119e4</run_address>
         <size>0x30</size>
         <input_file_ref idref="fl-1b"/>
      </object_component>
      <object_component id="oc-96c">
         <name>.text:PowerCC32XX_restoreParkedPin</name>
         <load_address>0x20011a14</load_address>
         <run_address>0x20011a14</run_address>
         <size>0x30</size>
         <input_file_ref idref="fl-13"/>
      </object_component>
      <object_component id="oc-3bb">
         <name>.text:_outs</name>
         <load_address>0x20011a44</load_address>
         <run_address>0x20011a44</run_address>
         <size>0x30</size>
         <input_file_ref idref="fl-df"/>
      </object_component>
      <object_component id="oc-76c">
         <name>.text</name>
         <load_address>0x20011a74</load_address>
         <run_address>0x20011a74</run_address>
         <size>0x2e</size>
         <input_file_ref idref="fl-f5"/>
      </object_component>
      <object_component id="oc-9ab">
         <name>.text:PowerCC32XX_getParkState</name>
         <load_address>0x20011aa4</load_address>
         <run_address>0x20011aa4</run_address>
         <size>0x2c</size>
         <input_file_ref idref="fl-13"/>
      </object_component>
      <object_component id="oc-377">
         <name>.text:HwiP_create</name>
         <load_address>0x20011ad0</load_address>
         <run_address>0x20011ad0</run_address>
         <size>0x2a</size>
         <input_file_ref idref="fl-1c"/>
      </object_component>
      <object_component id="oc-6eb">
         <name>.text:TimerLoadSet</name>
         <load_address>0x20011afa</load_address>
         <run_address>0x20011afa</run_address>
         <size>0x2a</size>
         <input_file_ref idref="fl-26"/>
      </object_component>
      <object_component id="oc-6e5">
         <name>.text:TimerPrescaleSet</name>
         <load_address>0x20011b24</load_address>
         <run_address>0x20011b24</run_address>
         <size>0x2a</size>
         <input_file_ref idref="fl-26"/>
      </object_component>
      <object_component id="oc-695">
         <name>.text:I2CFIFODataPutNonBlocking</name>
         <load_address>0x20011b4e</load_address>
         <run_address>0x20011b4e</run_address>
         <size>0x28</size>
         <input_file_ref idref="fl-22"/>
      </object_component>
      <object_component id="oc-2ba">
         <name>.text:PRCMPeripheralClkDisable</name>
         <load_address>0x20011b78</load_address>
         <run_address>0x20011b78</run_address>
         <size>0x28</size>
         <input_file_ref idref="fl-25"/>
      </object_component>
      <object_component id="oc-30c">
         <name>.text:Power_registerNotify</name>
         <load_address>0x20011ba0</load_address>
         <run_address>0x20011ba0</run_address>
         <size>0x28</size>
         <input_file_ref idref="fl-13"/>
      </object_component>
      <object_component id="oc-638">
         <name>.text:free_list_insert</name>
         <load_address>0x20011bc8</load_address>
         <run_address>0x20011bc8</run_address>
         <size>0x28</size>
         <input_file_ref idref="fl-e9"/>
      </object_component>
      <object_component id="oc-87b">
         <name>.text:I2CFIFODataGetNonBlocking</name>
         <load_address>0x20011bf0</load_address>
         <run_address>0x20011bf0</run_address>
         <size>0x26</size>
         <input_file_ref idref="fl-22"/>
      </object_component>
      <object_component id="oc-73c">
         <name>.text:I2C_cancel</name>
         <load_address>0x20011c16</load_address>
         <run_address>0x20011c16</run_address>
         <size>0x26</size>
         <input_file_ref idref="fl-e"/>
      </object_component>
      <object_component id="oc-47c">
         <name>.text:List_put</name>
         <load_address>0x20011c3c</load_address>
         <run_address>0x20011c3c</run_address>
         <size>0x26</size>
         <input_file_ref idref="fl-17"/>
      </object_component>
      <object_component id="oc-8b4">
         <name>.text:List_remove</name>
         <load_address>0x20011c62</load_address>
         <run_address>0x20011c62</run_address>
         <size>0x26</size>
         <input_file_ref idref="fl-17"/>
      </object_component>
      <object_component id="oc-65c">
         <name>.text:HwiP_dispatch</name>
         <load_address>0x20011c88</load_address>
         <run_address>0x20011c88</run_address>
         <size>0x24</size>
         <input_file_ref idref="fl-1c"/>
      </object_component>
      <object_component id="oc-9a5">
         <name>.text:PowerCC32XX_reset</name>
         <load_address>0x20011cac</load_address>
         <run_address>0x20011cac</run_address>
         <size>0x24</size>
         <input_file_ref idref="fl-13"/>
      </object_component>
      <object_component id="oc-8ad">
         <name>.text:TimerSupport_timerDisable</name>
         <load_address>0x20011cd0</load_address>
         <run_address>0x20011cd0</run_address>
         <size>0x24</size>
         <input_file_ref idref="fl-15"/>
      </object_component>
      <object_component id="oc-c5">
         <name>.text:_c_int00_noargs:_c_int00_noargs</name>
         <load_address>0x20011cf4</load_address>
         <run_address>0x20011cf4</run_address>
         <size>0x24</size>
         <input_file_ref idref="fl-ea"/>
      </object_component>
      <object_component id="oc-883">
         <name>.text:I2CMasterSlaveAddrSet</name>
         <load_address>0x20011d18</load_address>
         <run_address>0x20011d18</run_address>
         <size>0x22</size>
         <input_file_ref idref="fl-22"/>
      </object_component>
      <object_component id="oc-8bb">
         <name>.text:HwiP_destruct</name>
         <load_address>0x20011d3a</load_address>
         <run_address>0x20011d3a</run_address>
         <size>0x20</size>
         <input_file_ref idref="fl-1c"/>
      </object_component>
      <object_component id="oc-6c5">
         <name>.text:Power_unregisterNotify</name>
         <load_address>0x20011d5c</load_address>
         <run_address>0x20011d5c</run_address>
         <size>0x20</size>
         <input_file_ref idref="fl-13"/>
      </object_component>
      <object_component id="oc-991">
         <name>.text:RingBuf_peek</name>
         <load_address>0x20011d7c</load_address>
         <run_address>0x20011d7c</run_address>
         <size>0x20</size>
         <input_file_ref idref="fl-18"/>
      </object_component>
      <object_component id="oc-99f">
         <name>.text:getPowerMgrId</name>
         <load_address>0x20011d9c</load_address>
         <run_address>0x20011d9c</run_address>
         <size>0x20</size>
         <input_file_ref idref="fl-16"/>
      </object_component>
      <object_component id="oc-671">
         <name>.text:I2CMasterIntStatusEx</name>
         <load_address>0x20011dbc</load_address>
         <run_address>0x20011dbc</run_address>
         <size>0x1e</size>
         <input_file_ref idref="fl-22"/>
      </object_component>
      <object_component id="oc-4b6">
         <name>.text:SemaphoreP_constructBinary</name>
         <load_address>0x20011dda</load_address>
         <run_address>0x20011dda</run_address>
         <size>0x1e</size>
         <input_file_ref idref="fl-1a"/>
      </object_component>
      <object_component id="oc-6df">
         <name>.text:TimerDisable</name>
         <load_address>0x20011df8</load_address>
         <run_address>0x20011df8</run_address>
         <size>0x1e</size>
         <input_file_ref idref="fl-26"/>
      </object_component>
      <object_component id="oc-716">
         <name>.text:TimerEnable</name>
         <load_address>0x20011e16</load_address>
         <run_address>0x20011e16</run_address>
         <size>0x1e</size>
         <input_file_ref idref="fl-26"/>
      </object_component>
      <object_component id="oc-949">
         <name>.text:PinToPadGet</name>
         <load_address>0x20011e34</load_address>
         <run_address>0x20011e34</run_address>
         <size>0x1c</size>
         <input_file_ref idref="fl-24"/>
      </object_component>
      <object_component id="oc-5bf">
         <name>.text:SwiP_disable</name>
         <load_address>0x20011e50</load_address>
         <run_address>0x20011e50</run_address>
         <size>0x1c</size>
         <input_file_ref idref="fl-1f"/>
      </object_component>
      <object_component id="oc-632">
         <name>.text:free_list_remove</name>
         <load_address>0x20011e6c</load_address>
         <run_address>0x20011e6c</run_address>
         <size>0x1c</size>
         <input_file_ref idref="fl-e9"/>
      </object_component>
      <object_component id="oc-577">
         <name>.text:memccpy</name>
         <load_address>0x20011e88</load_address>
         <run_address>0x20011e88</run_address>
         <size>0x1c</size>
         <input_file_ref idref="fl-100"/>
      </object_component>
      <object_component id="oc-9b7">
         <name>.text:ClockP_create</name>
         <load_address>0x20011ea4</load_address>
         <run_address>0x20011ea4</run_address>
         <size>0x1a</size>
         <input_file_ref idref="fl-1b"/>
      </object_component>
      <object_component id="oc-2ee">
         <name>.text:SemaphoreP_createBinary</name>
         <load_address>0x20011ebe</load_address>
         <run_address>0x20011ebe</run_address>
         <size>0x1a</size>
         <input_file_ref idref="fl-1a"/>
      </object_component>
      <object_component id="oc-21">
         <name>.text:resetISR</name>
         <load_address>0x20011ed8</load_address>
         <run_address>0x20011ed8</run_address>
         <size>0x1a</size>
         <input_file_ref idref="fl-1e"/>
      </object_component>
      <object_component id="oc-8e9">
         <name>.text:I2CMasterBusBusy</name>
         <load_address>0x20011ef2</load_address>
         <run_address>0x20011ef2</run_address>
         <size>0x18</size>
         <input_file_ref idref="fl-22"/>
      </object_component>
      <object_component id="oc-683">
         <name>.text:I2CMasterIntDisableEx</name>
         <load_address>0x20011f0a</load_address>
         <run_address>0x20011f0a</run_address>
         <size>0x18</size>
         <input_file_ref idref="fl-22"/>
      </object_component>
      <object_component id="oc-895">
         <name>.text:I2CMasterIntEnableEx</name>
         <load_address>0x20011f22</load_address>
         <run_address>0x20011f22</run_address>
         <size>0x18</size>
         <input_file_ref idref="fl-22"/>
      </object_component>
      <object_component id="oc-8e3">
         <name>.text:I2CRxFIFOFlush</name>
         <load_address>0x20011f3a</load_address>
         <run_address>0x20011f3a</run_address>
         <size>0x18</size>
         <input_file_ref idref="fl-22"/>
      </object_component>
      <object_component id="oc-8dd">
         <name>.text:I2CTxFIFOFlush</name>
         <load_address>0x20011f52</load_address>
         <run_address>0x20011f52</run_address>
         <size>0x18</size>
         <input_file_ref idref="fl-22"/>
      </object_component>
      <object_component id="oc-5d1">
         <name>.text:Power_getTransitionLatency</name>
         <load_address>0x20011f6c</load_address>
         <run_address>0x20011f6c</run_address>
         <size>0x18</size>
         <input_file_ref idref="fl-13"/>
      </object_component>
      <object_component id="oc-861">
         <name>.text:Power_idleFunc</name>
         <load_address>0x20011f84</load_address>
         <run_address>0x20011f84</run_address>
         <size>0x18</size>
         <input_file_ref idref="fl-13"/>
      </object_component>
      <object_component id="oc-a0b">
         <name>.text:TimerIntDisable</name>
         <load_address>0x20011f9c</load_address>
         <run_address>0x20011f9c</run_address>
         <size>0x18</size>
         <input_file_ref idref="fl-26"/>
      </object_component>
      <object_component id="oc-70a">
         <name>.text:TimerIntEnable</name>
         <load_address>0x20011fb4</load_address>
         <run_address>0x20011fb4</run_address>
         <size>0x18</size>
         <input_file_ref idref="fl-26"/>
      </object_component>
      <object_component id="oc-9ee">
         <name>.text:UARTBusy</name>
         <load_address>0x20011fcc</load_address>
         <run_address>0x20011fcc</run_address>
         <size>0x18</size>
         <input_file_ref idref="fl-27"/>
      </object_component>
      <object_component id="oc-a85">
         <name>.text:UARTIntEnable</name>
         <load_address>0x20011fe4</load_address>
         <run_address>0x20011fe4</run_address>
         <size>0x18</size>
         <input_file_ref idref="fl-27"/>
      </object_component>
      <object_component id="oc-2e1">
         <name>.text:UART_Params_init</name>
         <load_address>0x20011ffc</load_address>
         <run_address>0x20011ffc</run_address>
         <size>0x18</size>
         <input_file_ref idref="fl-10"/>
      </object_component>
      <object_component id="oc-3c1">
         <name>.text:_outc</name>
         <load_address>0x20012014</load_address>
         <run_address>0x20012014</run_address>
         <size>0x18</size>
         <input_file_ref idref="fl-df"/>
      </object_component>
      <object_component id="oc-223">
         <name>.text:gpioButtonFxn0</name>
         <load_address>0x2001202c</load_address>
         <run_address>0x2001202c</run_address>
         <size>0x18</size>
         <input_file_ref idref="fl-2"/>
      </object_component>
      <object_component id="oc-229">
         <name>.text:gpioButtonFxn1</name>
         <load_address>0x20012044</load_address>
         <run_address>0x20012044</run_address>
         <size>0x18</size>
         <input_file_ref idref="fl-2"/>
      </object_component>
      <object_component id="oc-5ee">
         <name>.text</name>
         <load_address>0x2001205c</load_address>
         <run_address>0x2001205c</run_address>
         <size>0x18</size>
         <input_file_ref idref="fl-e3"/>
      </object_component>
      <object_component id="oc-88f">
         <name>.text:I2CMasterBurstLengthSet</name>
         <load_address>0x20012074</load_address>
         <run_address>0x20012074</run_address>
         <size>0x16</size>
         <input_file_ref idref="fl-22"/>
      </object_component>
      <object_component id="oc-2a8">
         <name>.text:PRCMHIBRegRead</name>
         <load_address>0x2001208a</load_address>
         <run_address>0x2001208a</run_address>
         <size>0x16</size>
         <input_file_ref idref="fl-25"/>
      </object_component>
      <object_component id="oc-2a2">
         <name>.text:PRCMHIBRegWrite</name>
         <load_address>0x200120a0</load_address>
         <run_address>0x200120a0</run_address>
         <size>0x16</size>
         <input_file_ref idref="fl-25"/>
      </object_component>
      <object_component id="oc-442">
         <name>.text:SemaphoreP_create</name>
         <load_address>0x200120b6</load_address>
         <run_address>0x200120b6</run_address>
         <size>0x16</size>
         <input_file_ref idref="fl-1a"/>
      </object_component>
      <object_component id="oc-79d">
         <name>.text:strchr</name>
         <load_address>0x200120cc</load_address>
         <run_address>0x200120cc</run_address>
         <size>0x16</size>
         <input_file_ref idref="fl-101"/>
      </object_component>
      <object_component id="oc-a3">
         <name>.text:CPUcpsid</name>
         <load_address>0x200120e2</load_address>
         <run_address>0x200120e2</run_address>
         <size>0x14</size>
         <input_file_ref idref="fl-21"/>
      </object_component>
      <object_component id="oc-483">
         <name>.text:HwiP_inISR</name>
         <load_address>0x200120f8</load_address>
         <run_address>0x200120f8</run_address>
         <size>0x14</size>
         <input_file_ref idref="fl-1c"/>
      </object_component>
      <object_component id="oc-8f1">
         <name>.text:I2CSupport_masterFinish</name>
         <load_address>0x2001210c</load_address>
         <run_address>0x2001210c</run_address>
         <size>0x14</size>
         <input_file_ref idref="fl-12"/>
      </object_component>
      <object_component id="oc-39f">
         <name>.text:I2C_transfer</name>
         <load_address>0x20012120</load_address>
         <run_address>0x20012120</run_address>
         <size>0x14</size>
         <input_file_ref idref="fl-e"/>
      </object_component>
      <object_component id="oc-af">
         <name>.text:IntVTableBaseSet</name>
         <load_address>0x20012134</load_address>
         <run_address>0x20012134</run_address>
         <size>0x14</size>
         <input_file_ref idref="fl-23"/>
      </object_component>
      <object_component id="oc-489">
         <name>.text:Power_disablePolicy</name>
         <load_address>0x20012148</load_address>
         <run_address>0x20012148</run_address>
         <size>0x14</size>
         <input_file_ref idref="fl-13"/>
      </object_component>
      <object_component id="oc-965">
         <name>.text:Power_getDependencyCount</name>
         <load_address>0x2001215c</load_address>
         <run_address>0x2001215c</run_address>
         <size>0x14</size>
         <input_file_ref idref="fl-13"/>
      </object_component>
      <object_component id="oc-a7f">
         <name>.text:releasePowerConstraint</name>
         <load_address>0x20012170</load_address>
         <run_address>0x20012170</run_address>
         <size>0x14</size>
         <input_file_ref idref="fl-16"/>
      </object_component>
      <object_component id="oc-548">
         <name>.text:strlen</name>
         <load_address>0x20012184</load_address>
         <run_address>0x20012184</run_address>
         <size>0x14</size>
         <input_file_ref idref="fl-102"/>
      </object_component>
      <object_component id="oc-371">
         <name>.text:HwiP_Params_init</name>
         <load_address>0x20012198</load_address>
         <run_address>0x20012198</run_address>
         <size>0x12</size>
         <input_file_ref idref="fl-1c"/>
      </object_component>
      <object_component id="oc-677">
         <name>.text:I2CMasterIntClearEx</name>
         <load_address>0x200121aa</load_address>
         <run_address>0x200121aa</run_address>
         <size>0x12</size>
         <input_file_ref idref="fl-22"/>
      </object_component>
      <object_component id="oc-999">
         <name>.text:RingBuf_construct</name>
         <load_address>0x200121bc</load_address>
         <run_address>0x200121bc</run_address>
         <size>0x12</size>
         <input_file_ref idref="fl-18"/>
      </object_component>
      <object_component id="oc-701">
         <name>.text:TimerIntClear</name>
         <load_address>0x200121ce</load_address>
         <run_address>0x200121ce</run_address>
         <size>0x12</size>
         <input_file_ref idref="fl-26"/>
      </object_component>
      <object_component id="oc-11a">
         <name>.text:main</name>
         <load_address>0x200121e0</load_address>
         <run_address>0x200121e0</run_address>
         <size>0x12</size>
         <input_file_ref idref="fl-4"/>
      </object_component>
      <object_component id="oc-57d">
         <name>.text:wcslen</name>
         <load_address>0x200121f2</load_address>
         <run_address>0x200121f2</run_address>
         <size>0x12</size>
         <input_file_ref idref="fl-ee"/>
      </object_component>
      <object_component id="oc-153">
         <name>.text:Board_init</name>
         <load_address>0x20012204</load_address>
         <run_address>0x20012204</run_address>
         <size>0x10</size>
         <input_file_ref idref="fl-3"/>
      </object_component>
[...]
      </symbol>
      <symbol id="sm-af6">
         <name>HwiP_disableInterrupt</name>
         <value>0x20012301</value>
         <object_component_ref idref="oc-72a"/>
      </symbol>
      <symbol id="sm-b26">
         <name>PowerCC32XX_initPolicy</name>
         <value>0x2000ec2b</value>
         <object_component_ref idref="oc-41c"/>
      </symbol>
      <symbol id="sm-b27">
         <name>PowerCC32XX_sleepPolicy</name>
         <value>0x2000d915</value>
         <object_component_ref idref="oc-422"/>
      </symbol>
      <symbol id="sm-b7c">
         <name>resetISR</name>
         <value>0x20011ed9</value>
         <object_component_ref idref="oc-21"/>
      </symbol>
      <symbol id="sm-b7d">
         <name>resetVectorAddr</name>
         <value>0x20011eec</value>
         <object_component_ref idref="oc-21"/>
      </symbol>
      <symbol id="sm-b7e">
         <name>initVectors</name>
         <value>0x200116f5</value>
         <object_component_ref idref="oc-59"/>
      </symbol>
      <symbol id="sm-b7f">
         <name>resetVectors</name>
         <value>0x20004000</value>
         <object_component_ref idref="oc-27"/>
      </symbol>
      <symbol id="sm-baf">
         <name>SwiP_disable</name>
         <value>0x20011e51</value>
         <object_component_ref idref="oc-5bf"/>
      </symbol>
      <symbol id="sm-bb0">
         <name>SwiP_restore</name>
         <value>0x20011241</value>
         <object_component_ref idref="oc-5f9"/>
      </symbol>
      <symbol id="sm-bbb">
         <name>CPUcpsid</name>
         <value>0x200120e3</value>
         <object_component_ref idref="oc-a3"/>
      </symbol>
      <symbol id="sm-c28">
         <name>I2CRxFIFOFlush</name>
         <value>0x20011f3b</value>
         <object_component_ref idref="oc-8e3"/>
      </symbol>
      <symbol id="sm-c29">
         <name>I2CTxFIFOFlush</name>
         <value>0x20011f53</value>
         <object_component_ref idref="oc-8dd"/>
      </symbol>
      <symbol id="sm-c2a">
         <name>I2CFIFODataPutNonBlocking</name>
         <value>0x20011b4f</value>
         <object_component_ref idref="oc-695"/>
      </symbol>
      <symbol id="sm-c2b">
         <name>I2CMasterBusBusy</name>
         <value>0x20011ef3</value>
         <object_component_ref idref="oc-8e9"/>
      </symbol>
      <symbol id="sm-c2c">
         <name>I2CMasterIntDisableEx</name>
         <value>0x20011f0b</value>
         <object_component_ref idref="oc-683"/>
      </symbol>
      <symbol id="sm-c2d">
         <name>I2CMasterBurstLengthSet</name>
         <value>0x20012075</value>
         <object_component_ref idref="oc-88f"/>
      </symbol>
      <symbol id="sm-c2e">
         <name>I2CMasterIntClearEx</name>
         <value>0x200121ab</value>
         <object_component_ref idref="oc-677"/>
      </symbol>
      <symbol id="sm-c2f">
         <name>I2CMasterSlaveAddrSet</name>
         <value>0x20011d19</value>
         <object_component_ref idref="oc-883"/>
      </symbol>
      <symbol id="sm-c30">
         <name>I2CMasterIntEnableEx</name>
         <value>0x20011f23</value>
         <object_component_ref idref="oc-895"/>
      </symbol>
      <symbol id="sm-c31">
         <name>I2CFIFOStatus</name>
         <value>0x20012285</value>
         <object_component_ref idref="oc-69b"/>
      </symbol>
      <symbol id="sm-c32">
         <name>I2CMasterIntStatusEx</name>
         <value>0x20011dbd</value>
         <object_component_ref idref="oc-671"/>
      </symbol>
      <symbol id="sm-c33">
         <name>I2CFIFODataGetNonBlocking</name>
         <value>0x20011bf1</value>
         <object_component_ref idref="oc-87b"/>
      </symbol>
      <symbol id="sm-c78">
         <name>IntVTableBaseSet</name>
         <value>0x20012135</value>
         <object_component_ref idref="oc-af"/>
      </symbol>
      <symbol id="sm-c79">
         <name>IntEnable</name>
         <value>0x2000f5c5</value>
         <object_component_ref idref="oc-b5"/>
      </symbol>
      <symbol id="sm-c7a">
         <name>IntMasterDisable</name>
         <value>0x200123bd</value>
         <object_component_ref idref="oc-53"/>
      </symbol>
      <symbol id="sm-c7b">
         <name>IntPendSet</name>
         <value>0x2000fd99</value>
         <object_component_ref idref="oc-97b"/>
      </symbol>
      <symbol id="sm-cb5">
         <name>PinModeGet</name>
         <value>0x200118e1</value>
         <object_component_ref idref="oc-2c0"/>
      </symbol>
      <symbol id="sm-cb6">
         <name>PinConfigSet</name>
         <value>0x2000fe21</value>
         <object_component_ref idref="oc-365"/>
      </symbol>
      <symbol id="sm-cb7">
         <name>PinModeSet</name>
         <value>0x200113d5</value>
         <object_component_ref idref="oc-2c6"/>
      </symbol>
      <symbol id="sm-cb8">
         <name>PinToPadGet</name>
         <value>0x20011e35</value>
         <object_component_ref idref="oc-949"/>
      </symbol>
      <symbol id="sm-d81">
         <name>PRCMLPDSRestoreInfoSet</name>
         <value>0x20011175</value>
         <object_component_ref idref="oc-95d"/>
      </symbol>
      <symbol id="sm-d82">
         <name>PRCMPeripheralReset</name>
         <value>0x20010939</value>
         <object_component_ref idref="oc-2b4"/>
      </symbol>
      <symbol id="sm-d83">
         <name>PRCMLPDSEnter</name>
         <value>0x20010f85</value>
         <object_component_ref idref="oc-804"/>
      </symbol>
      <symbol id="sm-d84">
         <name>PRCMPeripheralClkEnable</name>
         <value>0x20010fcd</value>
         <object_component_ref idref="oc-2ae"/>
      </symbol>
      <symbol id="sm-d85">
         <name>PRCMLPDSEnterKeepDebugIf</name>
         <value>0x20011685</value>
         <object_component_ref idref="oc-80a"/>
      </symbol>
      <symbol id="sm-d86">
         <name>PRCMCC3200MCUInit</name>
         <value>0x2000ca91</value>
         <object_component_ref idref="oc-1d3"/>
      </symbol>
      <symbol id="sm-d87">
         <name>PRCMHIBRegWrite</name>
         <value>0x200120a1</value>
         <object_component_ref idref="oc-2a2"/>
      </symbol>
      <symbol id="sm-d88">
         <name>PRCMSysResetCauseGet</name>
         <value>0x2001076d</value>
         <object_component_ref idref="oc-29b"/>
      </symbol>
      <symbol id="sm-d89">
         <name>PRCMPeripheralClkDisable</name>
         <value>0x20011b79</value>
         <object_component_ref idref="oc-2ba"/>
      </symbol>
      <symbol id="sm-d8a">
         <name>PRCMHIBRegRead</name>
         <value>0x2001208b</value>
         <object_component_ref idref="oc-2a8"/>
      </symbol>
      <symbol id="sm-dd2">
         <name>TimerLoadSet</name>
         <value>0x20011afb</value>
         <object_component_ref idref="oc-6eb"/>
      </symbol>
      <symbol id="sm-dd3">
         <name>TimerDisable</name>
         <value>0x20011df9</value>
         <object_component_ref idref="oc-6df"/>
      </symbol>
      <symbol id="sm-dd4">
         <name>TimerEnable</name>
         <value>0x20011e17</value>
         <object_component_ref idref="oc-716"/>
      </symbol>
      <symbol id="sm-dd5">
         <name>TimerIntDisable</name>
         <value>0x20011f9d</value>
         <object_component_ref idref="oc-a0b"/>
      </symbol>
      <symbol id="sm-dd6">
         <name>TimerPrescaleSet</name>
         <value>0x20011b25</value>
         <object_component_ref idref="oc-6e5"/>
      </symbol>
      <symbol id="sm-dd7">
         <name>TimerControlStall</name>
         <value>0x200117d5</value>
         <object_component_ref idref="oc-6f1"/>
      </symbol>
      <symbol id="sm-dd8">
         <name>TimerIntEnable</name>
         <value>0x20011fb5</value>
         <object_component_ref idref="oc-70a"/>
      </symbol>
      <symbol id="sm-dd9">
         <name>TimerIntClear</name>
         <value>0x200121cf</value>
         <object_component_ref idref="oc-701"/>
      </symbol>
      <symbol id="sm-ded">
         <name>UARTBusy</name>
         <value>0x20011fcd</value>
         <object_component_ref idref="oc-9ee"/>
      </symbol>
      <symbol id="sm-dee">
         <name>UARTIntEnable</name>
         <value>0x20011fe5</value>
         <object_component_ref idref="oc-a85"/>
      </symbol>
      <symbol id="sm-df2">
         <name>UtilsDelay</name>
         <value>0x20012405</value>
         <object_component_ref idref="oc-2a1"/>
      </symbol>
      <symbol id="sm-e02">
         <name>FlashDisable</name>
         <value>0x20010f3d</value>
         <object_component_ref idref="oc-973"/>
      </symbol>
      <symbol id="sm-e31">
         <name>snprintf</name>
         <value>0x20010ef1</value>
         <object_component_ref idref="oc-217"/>
      </symbol>
      <symbol id="sm-e3b">
         <name>__aeabi_fmul</name>
         <value>0x20010233</value>
         <object_component_ref idref="oc-3aa"/>
      </symbol>
      <symbol id="sm-e45">
         <name>__aeabi_f2iz</name>
         <value>0x20011765</value>
         <object_component_ref idref="oc-3af"/>
      </symbol>
      <symbol id="sm-e50">
         <name>__aeabi_i2f</name>
         <value>0x2001179d</value>
         <object_component_ref idref="oc-3a5"/>
      </symbol>
      <symbol id="sm-e59">
         <name>__aeabi_lmul</name>
         <value>0x2001205d</value>
         <object_component_ref idref="oc-5ee"/>
      </symbol>
      <symbol id="sm-e74">
         <name>memcpy</name>
         <value>0x2000f995</value>
         <object_component_ref idref="oc-3b"/>
      </symbol>
      <symbol id="sm-e75">
         <name>__aeabi_memcpy</name>
         <value>0x2000f995</value>
         <object_component_ref idref="oc-3b"/>
      </symbol>
      <symbol id="sm-e76">
         <name>__aeabi_memcpy8</name>
         <value>0x2000f995</value>
         <object_component_ref idref="oc-3b"/>
      </symbol>
      <symbol id="sm-e77">
         <name>__aeabi_memcpy4</name>
         <value>0x2000f995</value>
         <object_component_ref idref="oc-3b"/>
      </symbol>
      <symbol id="sm-e84">
         <name>__aeabi_uldivmod</name>
         <value>0x2000fac9</value>
         <object_component_ref idref="oc-5e3"/>
      </symbol>
      <symbol id="sm-e96">
         <name>__TI_zero_init</name>
         <value>0x20012385</value>
         <object_component_ref idref="oc-4d"/>
      </symbol>
      <symbol id="sm-ead">
         <name>__TI_decompress_none</name>
         <value>0x20012347</value>
         <object_component_ref idref="oc-1a"/>
      </symbol>
      <symbol id="sm-ed0">
         <name>__TI_decompress_lzss</name>
         <value>0x200105d5</value>
         <object_component_ref idref="oc-14"/>
      </symbol>
      <symbol id="sm-f59">
         <name>_sys_memory</name>
         <value>0x20004040</value>
         <object_component_ref idref="oc-2a"/>
      </symbol>
      <symbol id="sm-f5a">
         <name>free</name>
         <value>0x2000ec2d</value>
         <object_component_ref idref="oc-44d"/>
      </symbol>
      <symbol id="sm-f5b">
         <name>memalign</name>
         <value>0x2000e841</value>
         <object_component_ref idref="oc-71d"/>
      </symbol>
      <symbol id="sm-f5c">
         <name>malloc</name>
         <value>0x200123e1</value>
         <object_component_ref idref="oc-51f"/>
      </symbol>
      <symbol id="sm-f5d">
         <name>aligned_alloc</name>
         <value>0x2000e841</value>
         <object_component_ref idref="oc-71d"/>
      </symbol>
      <symbol id="sm-f6f">
         <name>__stack</name>
         <value>0x20003000</value>
         <object_component_ref idref="oc-2d"/>
      </symbol>
      <symbol id="sm-f70">
         <name>_c_int00_noargs</name>
         <value>0x20011cf5</value>
         <object_component_ref idref="oc-c5"/>
      </symbol>
      <symbol id="sm-10d5">
         <name>__TI_printfi</name>
         <value>0x2000c041</value>
         <object_component_ref idref="oc-3b5"/>
      </symbol>
      <symbol id="sm-10f5">
         <name>frexpl</name>
         <value>0x20010829</value>
         <object_component_ref idref="oc-791"/>
      </symbol>
      <symbol id="sm-10f6">
         <name>frexp</name>
         <value>0x20010829</value>
         <object_component_ref idref="oc-791"/>
      </symbol>
      <symbol id="sm-1114">
         <name>scalbn</name>
         <value>0x2000ed11</value>
         <object_component_ref idref="oc-797"/>
      </symbol>
      <symbol id="sm-1115">
         <name>scalbnl</name>
         <value>0x2000ed11</value>
         <object_component_ref idref="oc-797"/>
      </symbol>
      <symbol id="sm-1116">
         <name>ldexpl</name>
         <value>0x2000ed11</value>
         <object_component_ref idref="oc-797"/>
      </symbol>
      <symbol id="sm-1117">
         <name>ldexp</name>
         <value>0x2000ed11</value>
         <object_component_ref idref="oc-797"/>
      </symbol>
      <symbol id="sm-1130">
         <name>wcslen</name>
         <value>0x200121f3</value>
         <object_component_ref idref="oc-57d"/>
      </symbol>
      <symbol id="sm-113a">
         <name>__aeabi_idiv0</name>
         <value>0x20011683</value>
         <object_component_ref idref="oc-7d5"/>
      </symbol>
      <symbol id="sm-113b">
         <name>__aeabi_ldiv0</name>
         <value>0x20011683</value>
         <object_component_ref idref="oc-7d5"/>
      </symbol>
      <symbol id="sm-1152">
         <name>__aeabi_dsub</name>
         <value>0x2000d75d</value>
         <object_component_ref idref="oc-771"/>
      </symbol>
      <symbol id="sm-1153">
         <name>__aeabi_dadd</name>
         <value>0x2000d767</value>
         <object_component_ref idref="oc-771"/>
      </symbol>
      <symbol id="sm-1175">
         <name>__aeabi_cdcmpeq</name>
         <value>0x2000fea9</value>
         <object_component_ref idref="oc-55a"/>
      </symbol>
      <symbol id="sm-1176">
         <name>__aeabi_cdcmple</name>
         <value>0x2000fea9</value>
         <object_component_ref idref="oc-55a"/>
      </symbol>
      <symbol id="sm-1177">
         <name>__aeabi_cdrcmple</name>
         <value>0x2000ff2f</value>
         <object_component_ref idref="oc-75c"/>
      </symbol>
      <symbol id="sm-118b">
         <name>__aeabi_ddiv</name>
         <value>0x2000e289</value>
         <object_component_ref idref="oc-757"/>
      </symbol>
      <symbol id="sm-1196">
         <name>__aeabi_dmul</name>
         <value>0x2000ea3d</value>
         <object_component_ref idref="oc-752"/>
      </symbol>
      <symbol id="sm-11a0">
         <name>__aeabi_d2iz</name>
         <value>0x2001105d</value>
         <object_component_ref idref="oc-761"/>
      </symbol>
      <symbol id="sm-11aa">
         <name>__aeabi_i2d</name>
         <value>0x20011a75</value>
         <object_component_ref idref="oc-76c"/>
      </symbol>
      <symbol id="sm-11b9">
         <name>__aeabi_memset</name>
         <value>0x200102af</value>
         <object_component_ref idref="oc-9d"/>
      </symbol>
      <symbol id="sm-11ba">
         <name>memset</name>
         <value>0x200102b5</value>
         <object_component_ref idref="oc-9d"/>
      </symbol>
      <symbol id="sm-11bb">
         <name>__aeabi_memset8</name>
         <value>0x200102af</value>
         <object_component_ref idref="oc-9d"/>
      </symbol>
      <symbol id="sm-11bc">
         <name>__aeabi_memset4</name>
         <value>0x200102af</value>
         <object_component_ref idref="oc-9d"/>
      </symbol>
      <symbol id="sm-11bd">
         <name>__aeabi_memclr8</name>
         <value>0x200102ad</value>
         <object_component_ref idref="oc-9d"/>
      </symbol>
      <symbol id="sm-11be">
         <name>__aeabi_memclr4</name>
         <value>0x200102ad</value>
         <object_component_ref idref="oc-9d"/>
      </symbol>
      <symbol id="sm-11bf">
         <name>__aeabi_memclr</name>
         <value>0x200102ad</value>
         <object_component_ref idref="oc-9d"/>
      </symbol>
      <symbol id="sm-11e7">
         <name>__TI_auto_init_nobinit_nopinit</name>
         <value>0x2001130d</value>
         <object_component_ref idref="oc-172"/>
      </symbol>
      <symbol id="sm-11f1">
         <name>_system_pre_init</name>
         <value>0x20012417</value>
         <object_component_ref idref="oc-114"/>
      </symbol>
      <symbol id="sm-11fd">
         <name>C$$EXIT</name>
         <value>0x2001241b</value>
         <object_component_ref idref="oc-166"/>
      </symbol>
      <symbol id="sm-11fe">
         <name>abort</name>
         <value>0x2001241b</value>
         <object_component_ref idref="oc-166"/>
      </symbol>
      <symbol id="sm-1213">
         <name>_nop</name>
         <value>0x20010327</value>
         <object_component_ref idref="oc-3e9"/>
      </symbol>
      <symbol id="sm-1214">
         <name>_lock</name>
         <value>0x200129b4</value>
         <object_component_ref idref="oc-24e"/>
      </symbol>
      <symbol id="sm-1215">
         <name>_unlock</name>
         <value>0x200129b8</value>
         <object_component_ref idref="oc-24e"/>
      </symbol>
      <symbol id="sm-1224">
         <name>__TI_ltoa</name>
         <value>0x20010a3f</value>
         <object_component_ref idref="oc-766"/>
      </symbol>
      <symbol id="sm-123b">
         <name>atoi</name>
         <value>0x20010e59</value>
         <object_component_ref idref="oc-54e"/>
      </symbol>
      <symbol id="sm-1246">
         <name>_ctypes_</name>
         <value>0x200129e8</value>
         <object_component_ref idref="oc-74b"/>
      </symbol>
      <symbol id="sm-1256">
         <name>memccpy</name>
         <value>0x20011e89</value>
         <object_component_ref idref="oc-577"/>
      </symbol>
      <symbol id="sm-1266">
         <name>strchr</name>
         <value>0x200120cd</value>
         <object_component_ref idref="oc-79d"/>
      </symbol>
      <symbol id="sm-1274">
         <name>strlen</name>
         <value>0x20012185</value>
         <object_component_ref idref="oc-548"/>
      </symbol>
      <symbol id="sm-128a">
         <name>__aeabi_errno_addr</name>
         <value>0x200123d9</value>
         <object_component_ref idref="oc-583"/>
      </symbol>
      <symbol id="sm-128b">
         <name>errno</name>
         <value>0x200129e4</value>
         <object_component_ref idref="oc-7ad"/>
      </symbol>
      <symbol id="sm-1295">
         <name>copysign</name>
         <value>0x20012379</value>
         <object_component_ref idref="oc-913"/>
      </symbol>
      <symbol id="sm-1296">
         <name>copysignl</name>
         <value>0x20012379</value>
         <object_component_ref idref="oc-913"/>
      </symbol>
      <symbol id="sm-1297">
         <name>__TI_static_base__</name>
         <value>0x20013320</value>
      </symbol>
      <symbol id="sm-129a">
         <name>ITM_flush</name>
         <value>0x0</value>
      </symbol>
      <symbol id="sm-129b">
         <name>ITM_restore</name>
         <value>0x0</value>
      </symbol>
      <symbol id="sm-129c">
         <name>__mpu_init</name>
         <value>0x0</value>
      </symbol>
      <symbol id="sm-129d">
         <name>_system_post_cinit</name>
         <value>0x0</value>
      </symbol>
      <symbol id="sm-129e">
         <name>NoRTOS_start</name>
         <value>0x2001230f</value>
      </symbol>
   </symbol_table>
   <title>Link successful</title>
</link_info>
