******************************************************************************
                  TI ARM Linker PC v20.2.5                     
******************************************************************************
>> Linked Thu Feb  3 00:27:52 2022

OUTPUT FILE NAME:   <gpiointerrupt_CC3220S_LAUNCHXL_nortos_ccs2_FEB_2.out>
ENTRY POINT SYMBOL: "resetISR"  address: 20011ed9


MEMORY CONFIGURATION

         name            origin    length      used     unused   attr    fill
----------------------  --------  ---------  --------  --------  ----  --------
  SRAM2                 20000000   00004000  0000130c  00002cf4  RW X
  SRAM                  20004000   0003c000  0000f40b  0002cbf5  RW X
  LOG_DATA              90000000   00040000  00000000  00040000  R   


SEGMENT ALLOCATION MAP

run origin  load origin   length   init length attrs members
----------  ----------- ---------- ----------- ----- -------
20003000    20003000    00001000   00000000    rw-
  20003000    20003000    00001000   00000000    rw- .stack
20004000    20004000    00000040   00000040    r--
  20004000    20004000    00000040   00000040    r-- .resetVecs
20004040    20004040    00008000   00000000    rw-
  20004040    20004040    00008000   00000000    rw- .sysmem
2000c040    2000c040    000063de   000063de    r-x
  2000c040    2000c040    000063de   000063de    r-x .text
20012420    20012420    000005c8   00000000    rw-
  20012420    20012420    000005c8   00000000    rw- .data
200129e8    200129e8    000004de   000004de    r--
  200129e8    200129e8    000004de   000004de    r-- .const
20012ec8    20012ec8    00000457   00000000    rw-
  20012ec8    20012ec8    00000457   00000000    rw- .bss
20013320    20013320    000000f0   000000f0    r--
  20013320    20013320    000000f0   000000f0    r-- .cinit


SECTION ALLOCATION MAP

 output                                  attributes/
section   page    origin      length       input sections
--------  ----  ----------  ----------   ----------------
.text      0    2000c040    000063de     
                  2000c040    00000a4e     rtsv7M4_T_le_eabi.lib : _printfi.c.obj (.text:__TI_printfi)
                  2000ca8e    00000002     ti_drivers_config.obj (.text:Board_initHook)
                  2000ca90    0000042c     driverlib.a : prcm.obj (.text:PRCMCC3200MCUInit)
                  2000cebc    00000288     drivers_cc32xx.a : UARTCC32XX.oem4 (.text:UARTCC32XX_open)
                  2000d144    00000268     rtsv7M4_T_le_eabi.lib : _printfi.c.obj (.text:_pconv_a)
                  2000d3ac    000001e4     drivers_cc32xx.a : GPIOCC32XX.oem4 (.text:GPIO_setConfig)
                  2000d590    000001cc     rtsv7M4_T_le_eabi.lib : _printfi.c.obj (.text:_pconv_g)
                  2000d75c    000001b6                           : fd_add_t2.asm.obj (.text)
                  2000d912    00000002     drivers_cc32xx.a : I2C.oem4 (.text:I2C_init)
                  2000d914    0000019c     nortos_cc32xx.a : PowerCC32XX_nortos.oem4 (.text:PowerCC32XX_sleepPolicy)
                  2000dab0    0000019c     gpiointerrupt.obj (.text:mainThread)
                  2000dc4c    00000148     drivers_cc32xx.a : I2CCC32XX.oem4 (.text:I2CCC32XX_hwiFxn)
                  2000dd94    00000148                      : PowerCC32XX.oem4 (.text:parkPins)
                  2000dedc    0000013c     rtsv7M4_T_le_eabi.lib : _printfi.c.obj (.text:_pconv_e)
                  2000e018    00000138     drivers_cc32xx.a : PowerCC32XX.oem4 (.text:Power_sleep)
                  2000e150    00000138                      : TimerCC32XX.oem4 (.text:Timer_open)
                  2000e288    00000136     rtsv7M4_T_le_eabi.lib : fd_div_t2.asm.obj (.text)
                  2000e3be    00000122     drivers_cc32xx.a : I2C.oem4 (.text:I2C_transferTimeout)
                  2000e4e0    00000120                      : UARTCC32XX.oem4 (.text:UARTCC32XX_close)
                  2000e600    00000120     rtsv7M4_T_le_eabi.lib : _printfi.c.obj (.text:fcvt)
                  2000e720    00000120     gpiointerrupt.obj (.text:readTemp)
                  2000e840    00000100     rtsv7M4_T_le_eabi.lib : memory.c.obj (.text:aligned_alloc)
                  2000e940    000000fc     drivers_cc32xx.a : I2CCC32XX.oem4 (.text:I2C_open)
                  2000ea3c    000000fc     rtsv7M4_T_le_eabi.lib : fd_mul_t2.asm.obj (.text)
                  2000eb38    000000f2     drivers_cc32xx.a : UARTCC32XX.oem4 (.text:UARTCC32XX_control)
                  2000ec2a    00000002     nortos_cc32xx.a : PowerCC32XX_nortos.oem4 (.text:PowerCC32XX_initPolicy)
                  2000ec2c    000000e4     rtsv7M4_T_le_eabi.lib : memory.c.obj (.text:free)
                  2000ed10    000000d0                           : s_scalbn.c.obj (.text:scalbn)
                  2000ede0    000000ca     drivers_cc32xx.a : UARTCC32XX.oem4 (.text:UARTCC32XX_write)
                  2000eeaa    00000002     nortos_cc32xx.a : SemaphoreP_nortos.oem4 (.text:SemaphoreP_destruct)
                  2000eeac    000000c4     drivers_cc32xx.a : GPIOCC32XX.oem4 (.text:GPIO_init)
                  2000ef70    000000c0                      : PowerCC32XX.oem4 (.text:restoreParkedPins)
                  2000f030    000000ba                      : UARTCC32XX.oem4 (.text:UARTCC32XX_readPolling)
                  2000f0ea    00000002                      : Timer.oem4 (.text:Timer_init)
                  2000f0ec    000000b8                      : UARTCC32XX.oem4 (.text:initHw)
                  2000f1a4    000000b6                      : UARTCC32XX.oem4 (.text:readTaskCallback)
                  2000f25a    000000b2                      : I2CCC32XX.oem4 (.text:I2CCC32XX_completeTransfer)
                  2000f30c    000000b1     rtsv7M4_T_le_eabi.lib : _printfi.c.obj (.text:_ltostr)
                  2000f3bd    00000001     --HOLE-- [fill = 0]
                  2000f3be    000000b0     drivers_cc32xx.a : UARTCC32XX.oem4 (.text:readTaskBlocking)
                  2000f46e    000000ae                      : UARTCC32XX.oem4 (.text:readIsrTextBlocking)
                  2000f51c    000000a8                      : I2CCC32XX.oem4 (.text:I2CCC32XX_primeWriteBurst)
                  2000f5c4    000000a8     driverlib.a : interrupt.obj (.text:IntEnable)
                  2000f66c    000000a8     drivers_cc32xx.a : PowerCC32XX.oem4 (.text:PowerCC32XX_configureWakeup)
                  2000f714    000000a2                      : UARTCC32XX.oem4 (.text:readIsrTextCallback)
                  2000f7b6    000000a2                      : UARTCC32XX.oem4 (.text:writeData)
                  2000f858    000000a0     nortos_cc32xx.a : SemaphoreP_nortos.oem4 (.text:SemaphoreP_pend)
                  2000f8f8    0000009c     drivers_cc32xx.a : I2CCC32XX.oem4 (.text:I2CCC32XX_initHw)
                  2000f994    0000009c     rtsv7M4_T_le_eabi.lib : memcpy_t2.asm.obj (.text)
                  2000fa30    00000098     drivers_cc32xx.a : GPIOCC32XX.oem4 (.text:powerNotifyFxn)
                  2000fac8    00000096     rtsv7M4_T_le_eabi.lib : ull_div_t2.asm.obj (.text)
                  2000fb5e    00000002     drivers_cc32xx.a : UARTCC32XX.oem4 (.text:UARTCC32XX_init)
                  2000fb60    00000090                      : PowerCC32XX.oem4 (.text:restoreNVICRegs)
                  2000fbf0    00000090     gpiointerrupt.obj (.text:timerCallback)
                  2000fc80    0000008c     nortos_cc32xx.a : HwiPCC32XX_nortos.oem4 (.text:HwiP_construct)
                  2000fd0c    0000008c     gpiointerrupt.obj (.text:initI2C)
                  2000fd98    00000088     driverlib.a : interrupt.obj (.text:IntPendSet)
                  2000fe20    00000088                 : pin.obj (.text:PinConfigSet)
                  2000fea8    00000086     rtsv7M4_T_le_eabi.lib : fd_cmp_t2.asm.obj (.text:__aeabi_cdcmple)
                  2000ff2e    00000086                           : fd_cmp_t2.asm.obj (.text:__aeabi_cdrcmple)
                  2000ffb4    00000084     drivers_cc32xx.a : PowerCC32XX.oem4 (.text:Power_init)
                  20010038    00000084                      : PowerCC32XX.oem4 (.text:saveNVICRegs)
                  200100bc    00000080                      : PowerCC32XX.oem4 (.text:Power_setDependency)
                  2001013c    0000007c                      : UARTCC32XX.oem4 (.text:readIsrBinaryBlocking)
                  200101b8    0000007a                      : I2CCC32XX.oem4 (.text:I2CCC32XX_primeReadBurst)
                  20010232    0000007a     rtsv7M4_T_le_eabi.lib : fs_mul_t2.asm.obj (.text)
                  200102ac    0000007a                           : memset_t2.asm.obj (.text)
                  20010326    00000002                           : _lock.c.obj (.text:_nop)
                  20010328    00000078     drivers_cc32xx.a : GPIOCC32XX.oem4 (.text:GPIO_hwiIntFxn)
                  200103a0    00000078                      : UARTCC32XX.oem4 (.text:readIsrBinaryCallback)
                  20010418    00000074                      : UARTCC32XX.oem4 (.text:UARTCC32XX_hwiIntFxn)
                  2001048c    00000070     rtsv7M4_T_le_eabi.lib : memory.c.obj (.text:split)
                  200104fc    0000006e                           : _printfi.c.obj (.text:_mcpy)
                  2001056a    0000006a     drivers_cc32xx.a : I2CCC32XX.oem4 (.text:I2CSupport_primeTransfer)
                  200105d4    00000068     rtsv7M4_T_le_eabi.lib : copy_decompress_lzss.c.obj (.text:decompress:lzss:__TI_decompress_lzss)
                  2001063c    00000066     drivers_cc32xx.a : UARTCC32XX.oem4 (.text:UARTCC32XX_writeCancel)
                  200106a2    00000002     nortos_cc32xx.a : startup_cc32xx_ccs.oem4 (.text:busFaultHandler)
                  200106a4    00000064     drivers_cc32xx.a : PowerCC32XX.oem4 (.text:PowerCC32XX_setParkState)
                  20010708    00000062                      : UARTCC32XX.oem4 (.text:UARTCC32XX_writePolling)
                  2001076a    00000002     nortos_cc32xx.a : SemaphoreP_nortos.oem4 (.text:clkFxn)
                  2001076c    00000060     driverlib.a : prcm.obj (.text:PRCMSysResetCauseGet)
                  200107cc    0000005c     drivers_cc32xx.a : GPIOCC32XX.oem4 (.text:GPIO_setCallback)
                  20010828    0000005c     rtsv7M4_T_le_eabi.lib : s_frexp.c.obj (.text:frexp)
                  20010884    0000005c     nortos_cc32xx.a : ClockPSysTick_nortos.oem4 (.text:sysTickInit)
                  200108e0    00000058     drivers_cc32xx.a : GPIOCC32XX.oem4 (.text:GPIO_write)
                  20010938    00000058     driverlib.a : prcm.obj (.text:PRCMPeripheralReset)
                  20010990    00000058     drivers_cc32xx.a : PowerCC32XX.oem4 (.text:Power_releaseDependency)
                  200109e8    00000056     rtsv7M4_T_le_eabi.lib : _printfi.c.obj (.text:_pconv_f)
                  20010a3e    00000054                           : _ltoa.c.obj (.text:__TI_ltoa)
                  20010a92    00000002     nortos_cc32xx.a : startup_cc32xx_ccs.oem4 (.text:defaultHandler)
                  20010a94    00000054     gpiointerrupt.obj (.text:initTimer)
                  20010ae8    00000054     drivers_cc32xx.a : UARTCC32XX.oem4 (.text:ringBufGet)
                  20010b3c    00000052                      : PowerCC32XX_asm.oem4 (.text:PowerCC32XX_resumeLPDS)
                  20010b8e    00000052     rtsv7M4_T_le_eabi.lib : _printfi.c.obj (.text:_ecpy)
                  20010be0    00000052     drivers_cc32xx.a : TimerCC32XX.oem4 (.text:initHw)
                  20010c32    00000002     nortos_cc32xx.a : startup_cc32xx_ccs.oem4 (.text:faultISR)
                  20010c34    00000050                     : ClockPSysTick_nortos.oem4 (.text:ClockP_sysTickHandler)
                  20010c84    00000050                     : SemaphoreP_nortos.oem4 (.text:SemaphoreP_construct)
                  20010cd4    00000050     gpiointerrupt.obj (.text:TickFct_UpdateReport)
                  20010d24    00000050     drivers_cc32xx.a : TimerCC32XX.oem4 (.text:TimerCC32XX_allocateTimerResource)
                  20010d74    0000004c                      : GPIOCC32XX.oem4 (.text:GPIO_enableInt)
                  20010dc0    0000004c                      : I2CCC32XX.oem4 (.text:I2CCC32XX_readRecieveFifo)
                  20010e0c    0000004c                      : PowerCC32XX.oem4 (.text:PowerCC32XX_parkPin)
                  20010e58    0000004c     rtsv7M4_T_le_eabi.lib : atoi.c.obj (.text:atoi)
                  20010ea4    0000004c     drivers_cc32xx.a : PowerCC32XX.oem4 (.text:restorePeriphClocks)
                  20010ef0    0000004c     rtsv7M4_T_le_eabi.lib : snprintf.c.obj (.text:snprintf)
                  20010f3c    00000048     driverlib.a : flash.obj (.text:FlashDisable)
                  20010f84    00000048                 : prcm.obj (.text:PRCMLPDSEnter)
                  20010fcc    00000048                 : prcm.obj (.text:PRCMPeripheralClkEnable)
                  20011014    00000048     drivers_cc32xx.a : PowerCC32XX.oem4 (.text:Power_releaseConstraint)
                  2001105c    00000048     rtsv7M4_T_le_eabi.lib : fd_toi_t2.asm.obj (.text)
                  200110a4    00000046     drivers_cc32xx.a : RingBuf.oem4 (.text:RingBuf_put)
                  200110ea    00000046                      : TimerCC32XX.oem4 (.text:getPrescaler)
                  20011130    00000044     nortos_cc32xx.a : ClockPSysTick_nortos.oem4 (.text:ClockP_stop)
                  20011174    00000044     driverlib.a : prcm.obj (.text:PRCMLPDSRestoreInfoSet)
                  200111b8    00000044     drivers_cc32xx.a : PowerCC32XX_asm.oem4 (.text:PowerCC32XX_enterLPDS)
                  200111fc    00000044     nortos_cc32xx.a : SemaphoreP_nortos.oem4 (.text:SemaphoreP_post)
                  20011240    00000044                     : SwiP_nortos.oem4 (.text:SwiP_restore)
                  20011284    00000044     drivers_cc32xx.a : Timer.oem4 (.text:Timer_start)
                  200112c8    00000044                      : UART.oem4 (.text:UART_init)
                  2001130c    00000044     rtsv7M4_T_le_eabi.lib : autoinit.c.obj (.text:__TI_auto_init_nobinit_nopinit:__TI_auto_init_nobinit_nopinit)
                  20011350    00000044     gpiointerrupt.obj (.text:initUART)
                  20011394    00000040     nortos_cc32xx.a : ClockPSysTick_nortos.oem4 (.text:ClockP_construct)
                  200113d4    00000040     driverlib.a : pin.obj (.text:PinModeSet)
                  20011414    00000040     drivers_cc32xx.a : RingBuf.oem4 (.text:RingBuf_get)
                  20011454    00000040                      : TimerCC32XX.oem4 (.text:TimerSupport_timerEnable)
                  20011494    00000040                      : TimerCC32XX.oem4 (.text:Timer_close)
                  200114d4    00000040                      : UARTCC32XX.oem4 (.text:UARTCC32XX_read)
                  20011514    00000040                      : UART.oem4 (.text:UART_open)
                  20011554    0000003e     rtsv7M4_T_le_eabi.lib : _printfi.c.obj (.text:_fcpy)
                  20011592    00000002     nortos_cc32xx.a : startup_cc32xx_ccs.oem4 (.text:nmiISR)
                  20011594    0000003c                     : ClockPSysTick_nortos.oem4 (.text:ClockP_destruct)
                  200115d0    0000003c     drivers_cc32xx.a : PowerCC32XX.oem4 (.text:Power_setConstraint)
                  2001160c    0000003c     gpiointerrupt.obj (.text:TickFct_CheckButtons)
                  20011648    0000003a     nortos_cc32xx.a : PowerCC32XX_nortos.oem4 (.text:getCountsRTC)
                  20011682    00000002     rtsv7M4_T_le_eabi.lib : div0.asm.obj (.text)
                  20011684    00000038     driverlib.a : prcm.obj (.text:PRCMLPDSEnterKeepDebugIf)
                  200116bc    00000038     nortos_cc32xx.a : ClockPSysTick_nortos.oem4 (.text:addToList)
                  200116f4    00000038                     : startup_cc32xx_ccs.oem4 (.text:initVectors)
                  2001172c    00000038     drivers_cc32xx.a : PowerCC32XX.oem4 (.text:notify)
                  20011764    00000038     rtsv7M4_T_le_eabi.lib : fs_toi_t2.asm.obj (.text)
                  2001179c    00000038                           : i_tofs_t2.asm.obj (.text)
                  200117d4    00000036     driverlib.a : timer.obj (.text:TimerControlStall)
                  2001180a    00000036     drivers_cc32xx.a : Timer.oem4 (.text:Timer_stop)
                  20011840    00000036                      : UARTCC32XX.oem4 (.text:UARTCC32XX_readCancel)
                  20011876    00000002     --HOLE-- [fill = 0]
                  20011878    00000034     nortos_cc32xx.a : ClockPSysTick_nortos.oem4 (.text:ClockP_getTicksUntilInterrupt)
                  200118ac    00000034                     : ClockPSysTick_nortos.oem4 (.text:ClockP_startup)
                  200118e0    00000034     driverlib.a : pin.obj (.text:PinModeGet)
                  20011914    00000034     drivers_cc32xx.a : PowerCC32XX.oem4 (.text:PowerCC32XX_restoreParkState)
                  20011948    00000034                      : TimerCC32XX.oem4 (.text:TimerCC32XX_freeTimerResource)
                  2001197c    00000034                      : TimerCC32XX.oem4 (.text:TimerCC32XX_hwiIntFunction)
                  200119b0    00000034                      : TimerCC32XX.oem4 (.text:getPowerMgrId)
                  200119e4    00000030     nortos_cc32xx.a : ClockPSysTick_nortos.oem4 (.text:ClockP_start)
                  20011a14    00000030     drivers_cc32xx.a : PowerCC32XX.oem4 (.text:PowerCC32XX_restoreParkedPin)
                  20011a44    00000030     rtsv7M4_T_le_eabi.lib : snprintf.c.obj (.text:_outs)
                  20011a74    0000002e                           : i_tofd_t2.asm.obj (.text)
                  20011aa2    00000002     --HOLE-- [fill = 0]
                  20011aa4    0000002c     drivers_cc32xx.a : PowerCC32XX.oem4 (.text:PowerCC32XX_getParkState)
                  20011ad0    0000002a     nortos_cc32xx.a : HwiPCC32XX_nortos.oem4 (.text:HwiP_create)
                  20011afa    0000002a     driverlib.a : timer.obj (.text:TimerLoadSet)
                  20011b24    0000002a                 : timer.obj (.text:TimerPrescaleSet)
                  20011b4e    00000028                 : i2c.obj (.text:I2CFIFODataPutNonBlocking)
                  20011b76    00000002     --HOLE-- [fill = 0]
                  20011b78    00000028                 : prcm.obj (.text:PRCMPeripheralClkDisable)
                  20011ba0    00000028     drivers_cc32xx.a : PowerCC32XX.oem4 (.text:Power_registerNotify)
                  20011bc8    00000028     rtsv7M4_T_le_eabi.lib : memory.c.obj (.text:free_list_insert)
                  20011bf0    00000026     driverlib.a : i2c.obj (.text:I2CFIFODataGetNonBlocking)
                  20011c16    00000026     drivers_cc32xx.a : I2C.oem4 (.text:I2C_cancel)
                  20011c3c    00000026                      : List.oem4 (.text:List_put)
                  20011c62    00000026                      : List.oem4 (.text:List_remove)
                  20011c88    00000024     nortos_cc32xx.a : HwiPCC32XX_nortos.oem4 (.text:HwiP_dispatch)
                  20011cac    00000024     drivers_cc32xx.a : PowerCC32XX.oem4 (.text:PowerCC32XX_reset)
                  20011cd0    00000024                      : TimerCC32XX.oem4 (.text:TimerSupport_timerDisable)
                  20011cf4    00000024     rtsv7M4_T_le_eabi.lib : boot_cortex_m.c.obj (.text:_c_int00_noargs:_c_int00_noargs)
                  20011d18    00000022     driverlib.a : i2c.obj (.text:I2CMasterSlaveAddrSet)
                  20011d3a    00000020     nortos_cc32xx.a : HwiPCC32XX_nortos.oem4 (.text:HwiP_destruct)
                  20011d5a    00000002     --HOLE-- [fill = 0]
                  20011d5c    00000020     drivers_cc32xx.a : PowerCC32XX.oem4 (.text:Power_unregisterNotify)
                  20011d7c    00000020                      : RingBuf.oem4 (.text:RingBuf_peek)
                  20011d9c    00000020                      : UARTCC32XX.oem4 (.text:getPowerMgrId)
                  20011dbc    0000001e     driverlib.a : i2c.obj (.text:I2CMasterIntStatusEx)
                  20011dda    0000001e     nortos_cc32xx.a : SemaphoreP_nortos.oem4 (.text:SemaphoreP_constructBinary)
                  20011df8    0000001e     driverlib.a : timer.obj (.text:TimerDisable)
                  20011e16    0000001e                 : timer.obj (.text:TimerEnable)
                  20011e34    0000001c                 : pin.obj (.text:PinToPadGet)
                  20011e50    0000001c     nortos_cc32xx.a : SwiP_nortos.oem4 (.text:SwiP_disable)
                  20011e6c    0000001c     rtsv7M4_T_le_eabi.lib : memory.c.obj (.text:free_list_remove)
                  20011e88    0000001c                           : memccpy.c.obj (.text:memccpy)
                  20011ea4    0000001a     nortos_cc32xx.a : ClockPSysTick_nortos.oem4 (.text:ClockP_create)
                  20011ebe    0000001a                     : SemaphoreP_nortos.oem4 (.text:SemaphoreP_createBinary)
                  20011ed8    0000001a                     : startup_cc32xx_ccs.oem4 (.text:resetISR)
                  20011ef2    00000018     driverlib.a : i2c.obj (.text:I2CMasterBusBusy)
                  20011f0a    00000018                 : i2c.obj (.text:I2CMasterIntDisableEx)
                  20011f22    00000018                 : i2c.obj (.text:I2CMasterIntEnableEx)
                  20011f3a    00000018                 : i2c.obj (.text:I2CRxFIFOFlush)
                  20011f52    00000018                 : i2c.obj (.text:I2CTxFIFOFlush)
                  20011f6a    00000002     --HOLE-- [fill = 0]
                  20011f6c    00000018     drivers_cc32xx.a : PowerCC32XX.oem4 (.text:Power_getTransitionLatency)
                  20011f84    00000018                      : PowerCC32XX.oem4 (.text:Power_idleFunc)
                  20011f9c    00000018     driverlib.a : timer.obj (.text:TimerIntDisable)
                  20011fb4    00000018                 : timer.obj (.text:TimerIntEnable)
                  20011fcc    00000018                 : uart.obj (.text:UARTBusy)
                  20011fe4    00000018                 : uart.obj (.text:UARTIntEnable)
                  20011ffc    00000018     drivers_cc32xx.a : UART.oem4 (.text:UART_Params_init)
                  20012014    00000018     rtsv7M4_T_le_eabi.lib : snprintf.c.obj (.text:_outc)
                  2001202c    00000018     gpiointerrupt.obj (.text:gpioButtonFxn0)
                  20012044    00000018     gpiointerrupt.obj (.text:gpioButtonFxn1)
                  2001205c    00000018     rtsv7M4_T_le_eabi.lib : ll_mul_t2.asm.obj (.text)
                  20012074    00000016     driverlib.a : i2c.obj (.text:I2CMasterBurstLengthSet)
                  2001208a    00000016                 : prcm.obj (.text:PRCMHIBRegRead)
                  200120a0    00000016                 : prcm.obj (.text:PRCMHIBRegWrite)
                  200120b6    00000016     nortos_cc32xx.a : SemaphoreP_nortos.oem4 (.text:SemaphoreP_create)
                  200120cc    00000016     rtsv7M4_T_le_eabi.lib : strchr.c.obj (.text:strchr)
                  200120e2    00000014     driverlib.a : cpu.obj (.text:CPUcpsid)
                  200120f6    00000002     --HOLE-- [fill = 0]
                  200120f8    00000014     nortos_cc32xx.a : HwiPCC32XX_nortos.oem4 (.text:HwiP_inISR)
                  2001210c    00000014     drivers_cc32xx.a : I2CCC32XX.oem4 (.text:I2CSupport_masterFinish)
                  20012120    00000014                      : I2C.oem4 (.text:I2C_transfer)
                  20012134    00000014     driverlib.a : interrupt.obj (.text:IntVTableBaseSet)
                  20012148    00000014     drivers_cc32xx.a : PowerCC32XX.oem4 (.text:Power_disablePolicy)
                  2001215c    00000014                      : PowerCC32XX.oem4 (.text:Power_getDependencyCount)
                  20012170    00000014                      : UARTCC32XX.oem4 (.text:releasePowerConstraint)
                  20012184    00000014     rtsv7M4_T_le_eabi.lib : strlen.c.obj (.text:strlen)
                  20012198    00000012     nortos_cc32xx.a : HwiPCC32XX_nortos.oem4 (.text:HwiP_Params_init)
                  200121aa    00000012     driverlib.a : i2c.obj (.text:I2CMasterIntClearEx)
                  200121bc    00000012     drivers_cc32xx.a : RingBuf.oem4 (.text:RingBuf_construct)
                  200121ce    00000012     driverlib.a : timer.obj (.text:TimerIntClear)
                  200121e0    00000012     main_nortos.obj (.text:main)
                  200121f2    00000012     rtsv7M4_T_le_eabi.lib : wcslen.c.obj (.text:wcslen)
                  20012204    00000010     ti_drivers_config.obj (.text:Board_init)
                  20012214    00000010     nortos_cc32xx.a : ClockPSysTick_nortos.oem4 (.text:ClockP_add)
                  20012224    00000010                     : ClockPSysTick_nortos.oem4 (.text:ClockP_delete)
                  20012234    00000010                     : ClockPSysTick_nortos.oem4 (.text:ClockP_getCpuFreq)
                  20012244    00000010                     : ClockPSysTick_nortos.oem4 (.text:ClockP_getSystemTicks)
                  20012254    00000010                     : ClockPSysTick_nortos.oem4 (.text:ClockP_setTicks)
                  20012264    00000010                     : HwiPCC32XX_nortos.oem4 (.text:HwiP_delete)
                  20012274    00000010                     : HwiPCC32XX_nortos.oem4 (.text:HwiP_restore)
                  20012284    00000010     driverlib.a : i2c.obj (.text:I2CFIFOStatus)
                  20012294    00000010     drivers_cc32xx.a : I2C.oem4 (.text:I2C_Params_init)
                  200122a4    00000010                      : PowerCC32XX.oem4 (.text:Power_enablePolicy)
                  200122b4    00000010     nortos_cc32xx.a : SemaphoreP_nortos.oem4 (.text:SemaphoreP_Params_init)
                  200122c4    00000010     drivers_cc32xx.a : Timer.oem4 (.text:Timer_Params_init)
                  200122d4    00000010                      : UARTCC32XX.oem4 (.text:readBlockingTimeout)
                  200122e4    0000000e     nortos_cc32xx.a : HwiPCC32XX_nortos.oem4 (.text:HwiP_clearInterrupt)
                  200122f2    0000000e                     : HwiPCC32XX_nortos.oem4 (.text:HwiP_disable)
                  20012300    0000000e                     : HwiPCC32XX_nortos.oem4 (.text:HwiP_disableInterrupt)
                  2001230e    0000000e                     : HwiPCC32XX_nortos.oem4 (.text:HwiP_enable)
                  2001231c    0000000e                     : HwiPCC32XX_nortos.oem4 (.text:HwiP_enableInterrupt)
                  2001232a    0000000e     drivers_cc32xx.a : I2CCC32XX.oem4 (.text:I2CCC32XX_updateReg)
                  20012338    0000000e                      : RingBuf.oem4 (.text:RingBuf_isFull)
                  20012346    0000000e     rtsv7M4_T_le_eabi.lib : copy_decompress_none.c.obj (.text:decompress:none:__TI_decompress_none)
                  20012354    0000000c     drivers_cc32xx.a : I2CCC32XX.oem4 (.text:I2CCC32XX_postNotify)
                  20012360    0000000c                      : PowerCC32XX.oem4 (.text:Power_getConstraintMask)
                  2001236c    0000000c     gpiointerrupt.obj (.text:TickFct_CheckTemp)
                  20012378    0000000c     rtsv7M4_T_le_eabi.lib : s_copysign.c.obj (.text:copysign)
                  20012384    0000000c                           : copy_zero_init.c.obj (.text:decompress:ZI:__TI_zero_init)
                  20012390    0000000c     drivers_cc32xx.a : TimerCC32XX.oem4 (.text:postNotifyFxn)
                  2001239c    0000000c                      : UARTCC32XX.oem4 (.text:postNotifyFxn)
                  200123a8    0000000a     nortos_cc32xx.a : ClockPSysTick_nortos.oem4 (.text:ClockP_Params_init)
                  200123b2    0000000a                     : ClockPSysTick_nortos.oem4 (.text:ClockP_isActive)
                  200123bc    0000000a     driverlib.a : interrupt.obj (.text:IntMasterDisable)
                  200123c6    0000000a     drivers_cc32xx.a : UART.oem4 (.text:UART_write)
                  200123d0    00000008                      : I2CCC32XX.oem4 (.text:I2CCC32XX_blockingCallback)
                  200123d8    00000008     rtsv7M4_T_le_eabi.lib : errno.c.obj (.text:__aeabi_errno_addr)
                  200123e0    00000008                           : memory.c.obj (.text:malloc)
                  200123e8    00000008     drivers_cc32xx.a : UARTCC32XX.oem4 (.text:readSemCallback)
                  200123f0    00000008                      : UARTCC32XX.oem4 (.text:writeSemCallback)
                  200123f8    00000006                      : I2CCC32XX.oem4 (.text:I2CSupport_powerRelConstraint)
                  200123fe    00000006                      : I2CCC32XX.oem4 (.text:I2CSupport_powerSetConstraint)
                  20012404    00000006     driverlib.a : utils.obj (.text:UtilsDelay)
                  2001240a    00000004     nortos_cc32xx.a : ClockPSysTick_nortos.oem4 (.text:ClockP_setTimeout)
                  2001240e    00000004                     : HwiPCC32XX_nortos.oem4 (.text:HwiP_post)
                  20012412    00000004                     : SemaphoreP_nortos.oem4 (.text:SemaphoreP_delete)
                  20012416    00000004     rtsv7M4_T_le_eabi.lib : pre_init.c.obj (.text:_system_pre_init)
                  2001241a    00000004                           : exit.c.obj (.text:abort:abort)

.const     0    200129e8    000004de     
                  200129e8    00000101     rtsv7M4_T_le_eabi.lib : ctype.c.obj (.const:.string:_ctypes_)
                  20012ae9    00000003     --HOLE-- [fill = 0]
                  20012aec    00000100     driverlib.a : pin.obj (.const:g_ulPinToPadMap)
                  20012bec    000000a8                 : prcm.obj (.const:PRCM_PeriphRegsList)
                  20012c94    00000044     ti_drivers_config.obj (.const:PowerCC32XX_config)
                  20012cd8    00000028     drivers_cc32xx.a : UARTCC32XX.oem4 (.const:UARTCC32XX_fxnTable)
                  20012d00    00000024                      : UART.oem4 (.const:UART_defaultParams)
                  20012d24    00000024     ti_drivers_config.obj (.const:uartCC32XXHWAttrs0)
                  20012d48    00000021     drivers_cc32xx.a : GPIOCC32XX.oem4 (.const:.string:pinTable)
                  20012d69    00000003     --HOLE-- [fill = 0]
                  20012d6c    00000020                      : UARTCC32XX.oem4 (.const:staticFxnTable)
                  20012d8c    00000018     driverlib.a : interrupt.obj (.const:g_pulEnRegs)
                  20012da4    00000018                 : interrupt.obj (.const:g_pulPendRegs)
                  20012dbc    00000014     ti_drivers_config.obj (.const:GPIOCC32XX_config)
                  20012dd0    00000014     drivers_cc32xx.a : GPIOCC32XX.oem4 (.const:gpioBaseAddresses)
                  20012de4    00000014     ti_drivers_config.obj (.const:i2cCC32XXHWAttrs)
                  20012df8    00000014     drivers_cc32xx.a : UARTCC32XX.oem4 (.const:parityType)
                  20012e0c    00000014                      : GPIOCC32XX.oem4 (.const:powerResources)
                  20012e20    00000010                      : I2C.oem4 (.const:I2C_defaultParams)
                  20012e30    00000010                      : I2CCC32XX.oem4 (.const:I2C_defaultParams)
                  20012e40    00000010                      : UARTCC32XX.oem4 (.const:dataLength)
                  20012e50    00000010     ti_drivers_config.obj (.const:timerCC32XXHWAttrs)
                  20012e60    0000000c     ti_drivers_config.obj (.const:UART_config)
                  20012e6c    0000000c     drivers_cc32xx.a : Timer.oem4 (.const:defaultParams)
                  20012e78    0000000c                      : TimerCC32XX.oem4 (.const:defaultParams)
                  20012e84    00000009     ti_drivers_config.obj (.const)
                  20012e8d    00000003     --HOLE-- [fill = 0]
                  20012e90    00000008     ti_drivers_config.obj (.const:I2C_config)
                  20012e98    00000008     ti_drivers_config.obj (.const:Timer_config)
                  20012ea0    00000008     drivers_cc32xx.a : GPIOCC32XX.oem4 (.const:outPinTypes)
                  20012ea8    00000008                      : UARTCC32XX.oem4 (.const:stopBits)
                  20012eb0    00000006                      : GPIOCC32XX.oem4 (.const:.string:interruptType)
                  20012eb6    00000006                      : GPIOCC32XX.oem4 (.const:inPinTypes)
                  20012ebc    00000006                      : GPIOCC32XX.oem4 (.const:outPinStrengths)
                  20012ec2    00000004                      : GPIOCC32XX.oem4 (.const:.string:portInterruptIds)

.cinit     0    20013320    000000f0     
                  20013320    000000cb     (.cinit..data.load) [load image, compression = lzss]
                  200133eb    00000001     --HOLE-- [fill = 0]
                  200133ec    0000000c     (__TI_handler_table)
                  200133f8    00000008     (.cinit..bss.load) [load image, compression = zero_init]
                  20013400    00000010     (__TI_cinit_table)

.init_array 
*          0    20004000    00000000     UNINITIALIZED

.ramVecs   0    20000000    0000030c     NOLOAD SECTION
                  20000000    0000030c     nortos_cc32xx.a : startup_cc32xx_ccs.oem4 (.ramVecs)

.stack     0    20003000    00001000     UNINITIALIZED
                  20003000    00000004     rtsv7M4_T_le_eabi.lib : boot_cortex_m.c.obj (.stack)
                  20003004    00000ffc     --HOLE--

.resetVecs 
*          0    20004000    00000040     
                  20004000    00000040     nortos_cc32xx.a : startup_cc32xx_ccs.oem4 (.resetVecs:retain)

.sysmem    0    20004040    00008000     UNINITIALIZED
                  20004040    00000010     rtsv7M4_T_le_eabi.lib : memory.c.obj (.sysmem)
                  20004050    00007ff0     --HOLE--

.data      0    20012420    000005c8     UNINITIALIZED
                  20012420    0000030c     nortos_cc32xx.a : HwiPCC32XX_nortos.oem4 (.data:HwiP_dispatchTable)
                  2001272c    0000016c     drivers_cc32xx.a : PowerCC32XX.oem4 (.data:PowerCC32XX_module)
                  20012898    000000f8     ti_drivers_config.obj (.data:parkInfo)
                  20012990    0000000c     ti_drivers_config.obj (.data:gpioCallbackFunctions)
                  2001299c    0000000c     ti_drivers_config.obj (.data:gpioPinConfigs)
                  200129a8    00000009     drivers_cc32xx.a : GPIOCC32XX.oem4 (.data)
                  200129b1    00000003     nortos_cc32xx.a : SemaphoreP_nortos.oem4 (.data)
                  200129b4    00000008     rtsv7M4_T_le_eabi.lib : _lock.c.obj (.data:$O1$$)
                  200129bc    00000008                           : memory.c.obj (.data:$O1$$)
                  200129c4    00000008     nortos_cc32xx.a : SemaphoreP_nortos.oem4 (.data:SemaphoreP_defaultParams)
                  200129cc    00000008     gpiointerrupt.obj (.data)
                  200129d4    00000008     nortos_cc32xx.a : HwiPCC32XX_nortos.oem4 (.data)
                  200129dc    00000005                     : ClockPSysTick_nortos.oem4 (.data)
                  200129e1    00000001     drivers_cc32xx.a : UART.oem4 (.data)
                  200129e2    00000002     --HOLE--
                  200129e4    00000004     rtsv7M4_T_le_eabi.lib : errno.c.obj (.data)

.bss       0    20012ec8    00000457     UNINITIALIZED
                  20012ec8    0000012c     (.common:PowerCC32XX_contextSave)
                  20012ff4    000000fc     (.common:i2cCC32XXObjects)
                  200130f0    00000084     (.common:timerCC32XXObjects)
                  20013174    00000084     (.common:uartCC32XXObjects0)
                  200131f8    00000040     (.common:output)
                  20013238    00000030     (.common:tasks)
                  20013268    00000020     drivers_cc32xx.a : GPIOCC32XX.oem4 (.bss:gpioCallbackInfo)
                  20013288    00000020     ti_drivers_config.obj (.bss:uartCC32XXRingBuffer0)
                  200132a8    00000020     (.common:i2cTransaction)
                  200132c8    00000014     drivers_cc32xx.a : GPIOCC32XX.oem4 (.bss:powerNotifyObj)
                  200132dc    00000004                      : GPIOCC32XX.oem4 (.bss)
                  200132e0    00000010     (.common:ClockP_ctrl)
                  200132f0    0000000d     nortos_cc32xx.a : SwiP_nortos.oem4 (.bss)
                  200132fd    00000001     (.common:sensorAddress)
                  200132fe    00000002     (.common:setPoint)
                  20013300    00000004                     : ClockPSysTick_nortos.oem4 (.bss)
                  20013304    00000004     drivers_cc32xx.a : TimerCC32XX.oem4 (.bss:timerState)
                  20013308    00000004     (.common:i2c)
                  2001330c    00000004     (.common:rxBuffer)
                  20013310    00000004     (.common:timer0)
                  20013314    00000004     (.common:txBuffer)
                  20013318    00000004     (.common:uart)
                  2001331c    00000002     (.common:tempReading)
                  2001331e    00000001     (.common:sensorReg)

.log_data 
*          0    90000000    00000000     COPY SECTION

__llvm_prf_cnts 
*          0    20004000    00000000     UNINITIALIZED

MODULE SUMMARY

       Module                       code    ro data   rw data
       ------                       ----    -------   -------
    .\
       gpiointerrupt.obj            1336    0         178    
       main_nortos.obj              18      0         0      
    +--+----------------------------+-------+---------+---------+
       Total:                       1354    0         178    
                                                             
    .\syscfg\
       ti_drivers_config.obj        18      197       820    
    +--+----------------------------+-------+---------+---------+
       Total:                       18      197       820    
                                                             
    C:/ti/simplelink_cc32xx_sdk_5_20_00_06/kernel/nortos/lib/ccs/m4/nortos_cc32xx.a
       HwiPCC32XX_nortos.oem4       394     0         788    
       startup_cc32xx_ccs.oem4      90      64        780    
       ClockPSysTick_nortos.oem4    702     0         25     
       PowerCC32XX_nortos.oem4      472     0         0      
       SemaphoreP_nortos.oem4       410     0         11     
       SwiP_nortos.oem4             96      0         13     
    +--+----------------------------+-------+---------+---------+
       Total:                       2164    64        1617   
                                                             
    C:/ti/simplelink_cc32xx_sdk_5_20_00_06/source/ti/devices/cc32xx/driverlib/ccs/Release/driverlib.a
       prcm.obj                     1604    168       0      
       pin.obj                      280     256       0      
       interrupt.obj                334     48        0      
       i2c.obj                      318     0         0      
       timer.obj                    264     0         0      
       flash.obj                    72      0         0      
       uart.obj                     48      0         0      
       cpu.obj                      20      0         0      
       utils.obj                    6       0         0      
    +--+----------------------------+-------+---------+---------+
       Total:                       2946    472       0      
                                                             
    C:/ti/simplelink_cc32xx_sdk_5_20_00_06/source/ti/drivers/lib/ccs/m4/drivers_cc32xx.a
       UARTCC32XX.oem4              3466    116       0      
       PowerCC32XX.oem4             2432    0         664    
       I2CCC32XX.oem4               1452    16        0      
       GPIOCC32XX.oem4              1208    103       65     
       TimerCC32XX.oem4             876     12        4      
       I2C.oem4                     366     16        0      
       UART.oem4                    166     36        1      
       RingBuf.oem4                 198     0         0      
       Timer.oem4                   140     12        0      
       PowerCC32XX_asm.oem4         150     0         0      
       List.oem4                    76      0         0      
    +--+----------------------------+-------+---------+---------+
       Total:                       10530   311       734    
                                                             
    C:\ti\ccs1110\ccs\tools\compiler\ti-cgt-arm_20.2.5.LTS\lib\rtsv7M4_T_le_eabi.lib
       _printfi.c.obj               4835    0         0      
       memory.c.obj                 672     0         8      
       fd_add_t2.asm.obj            438     0         0      
       fd_div_t2.asm.obj            310     0         0      
       fd_cmp_t2.asm.obj            268     0         0      
       ctype.c.obj                  0       257       0      
       fd_mul_t2.asm.obj            252     0         0      
       s_scalbn.c.obj               208     0         0      
       memcpy_t2.asm.obj            156     0         0      
       ull_div_t2.asm.obj           150     0         0      
       snprintf.c.obj               148     0         0      
       fs_mul_t2.asm.obj            122     0         0      
       memset_t2.asm.obj            122     0         0      
       copy_decompress_lzss.c.obj   104     0         0      
       s_frexp.c.obj                92      0         0      
       _ltoa.c.obj                  84      0         0      
       atoi.c.obj                   76      0         0      
       fd_toi_t2.asm.obj            72      0         0      
       autoinit.c.obj               68      0         0      
       fs_toi_t2.asm.obj            56      0         0      
       i_tofs_t2.asm.obj            56      0         0      
       i_tofd_t2.asm.obj            46      0         0      
       boot_cortex_m.c.obj          36      0         0      
       memccpy.c.obj                28      0         0      
       ll_mul_t2.asm.obj            24      0         0      
       strchr.c.obj                 22      0         0      
       strlen.c.obj                 20      0         0      
       wcslen.c.obj                 18      0         0      
       copy_decompress_none.c.obj   14      0         0      
       copy_zero_init.c.obj         12      0         0      
       errno.c.obj                  8       0         4      
       s_copysign.c.obj             12      0         0      
       _lock.c.obj                  2       0         8      
       exit.c.obj                   4       0         0      
       pre_init.c.obj               4       0         0      
       div0.asm.obj                 2       0         0      
    +--+----------------------------+-------+---------+---------+
       Total:                       8541    257       20     
                                                             
       Heap:                        0       0         32768  
       Stack:                       0       0         4096   
       Linker Generated:            0       239       0      
    +--+----------------------------+-------+---------+---------+
       Grand Total:                 25553   1540      40233  


LINKER GENERATED COPY TABLES

__TI_cinit_table @ 20013400 records: 2, size/record: 8, table size: 16
	.data: load addr=20013320, load size=000000cb bytes, run addr=20012420, run size=000005c8 bytes, compression=lzss
	.bss: load addr=200133f8, load size=00000008 bytes, run addr=20012ec8, run size=00000457 bytes, compression=zero_init


LINKER GENERATED HANDLER TABLE

__TI_handler_table @ 200133ec records: 3, size/record: 4, table size: 12
	index: 0, handler: __TI_decompress_lzss
	index: 1, handler: __TI_decompress_none
	index: 2, handler: __TI_zero_init


GLOBAL SYMBOLS: SORTED ALPHABETICALLY BY Name 

address   name                             
-------   ----                             
20012205  Board_init                       
2000ca8f  Board_initHook                   
200129ce  ButtonFlag0                      
200129cf  ButtonFlag1                      
2001241b  C$$EXIT                          
20012e84  CONFIG_GPIO_BUTTON_0_CONST       
20012e85  CONFIG_GPIO_BUTTON_1_CONST       
20012e86  CONFIG_GPIO_LED_0_CONST          
20012e87  CONFIG_I2C_0_CONST               
20012e89  CONFIG_TIMER_0_CONST             
20012e8b  CONFIG_UART_0_CONST              
200120e3  CPUcpsid                         
200123a9  ClockP_Params_init               
20012215  ClockP_add                       
20011395  ClockP_construct                 
20011ea5  ClockP_create                    
200132e0  ClockP_ctrl                      
20012225  ClockP_delete                    
20011595  ClockP_destruct                  
20010c35  ClockP_doTick                    
20012235  ClockP_getCpuFreq                
20012245  ClockP_getSystemTicks            
20011879  ClockP_getTicksUntilInterrupt    
200123b3  ClockP_isActive                  
20012255  ClockP_setTicks                  
2001240b  ClockP_setTimeout                
200119e5  ClockP_start                     
200118ad  ClockP_startup                   
20011131  ClockP_stop                      
20010c35  ClockP_sysTickHandler            
200129dc  ClockP_tickPeriod                
20010f3d  FlashDisable                     
20012dbc  GPIOCC32XX_config                
20010d75  GPIO_enableInt                   
20010329  GPIO_hwiIntFxn                   
2000eead  GPIO_init                        
200107cd  GPIO_setCallback                 
2000d3ad  GPIO_setConfig                   
200108e1  GPIO_write                       
20012199  HwiP_Params_init                 
200122e5  HwiP_clearInterrupt              
2000fc81  HwiP_construct                   
20011ad1  HwiP_create                      
20012265  HwiP_delete                      
20011d3b  HwiP_destruct                    
200122f3  HwiP_disable                     
20012301  HwiP_disableInterrupt            
20011c89  HwiP_dispatch                    
2001230f  HwiP_enable                      
2001231d  HwiP_enableInterrupt             
200120f9  HwiP_inISR                       
200129d4  HwiP_key                         
2001240f  HwiP_post                        
20012275  HwiP_restore                     
200129d8  HwiP_swiPIntNum                  
20011bf1  I2CFIFODataGetNonBlocking        
20011b4f  I2CFIFODataPutNonBlocking        
20012285  I2CFIFOStatus                    
20012075  I2CMasterBurstLengthSet          
20011ef3  I2CMasterBusBusy                 
200121ab  I2CMasterIntClearEx              
20011f0b  I2CMasterIntDisableEx            
20011f23  I2CMasterIntEnableEx             
20011dbd  I2CMasterIntStatusEx             
20011d19  I2CMasterSlaveAddrSet            
20011f3b  I2CRxFIFOFlush                   
2001210d  I2CSupport_masterFinish          
200123f9  I2CSupport_powerRelConstraint    
200123ff  I2CSupport_powerSetConstraint    
2001056b  I2CSupport_primeTransfer         
20011f53  I2CTxFIFOFlush                   
20012295  I2C_Params_init                  
20011c17  I2C_cancel                       
20012e90  I2C_config                       
20012e88  I2C_count                        
20012e20  I2C_defaultParams                
2000d913  I2C_init                         
2000e941  I2C_open                         
20012121  I2C_transfer                     
2000e3bf  I2C_transferTimeout              
UNDEFED   ITM_flush                        
UNDEFED   ITM_restore                      
2000f5c5  IntEnable                        
200123bd  IntMasterDisable                 
2000fd99  IntPendSet                       
20012135  IntVTableBaseSet                 
20011c3d  List_put                         
20011c63  List_remove                      
2001230f  NoRTOS_start                     
2000ca91  PRCMCC3200MCUInit                
2001208b  PRCMHIBRegRead                   
200120a1  PRCMHIBRegWrite                  
20010f85  PRCMLPDSEnter                    
20011685  PRCMLPDSEnterKeepDebugIf         
20011175  PRCMLPDSRestoreInfoSet           
20011b79  PRCMPeripheralClkDisable         
20010fcd  PRCMPeripheralClkEnable          
20010939  PRCMPeripheralReset              
2001076d  PRCMSysResetCauseGet             
2000fe21  PinConfigSet                     
200118e1  PinModeGet                       
200113d5  PinModeSet                       
20011e35  PinToPadGet                      
20012c94  PowerCC32XX_config               
2000f66d  PowerCC32XX_configureWakeup      
20012ec8  PowerCC32XX_contextSave          
200111b9  PowerCC32XX_enterLPDS            
20011aa5  PowerCC32XX_getParkState         
2000ec2b  PowerCC32XX_initPolicy           
2001272c  PowerCC32XX_module               
20010e0d  PowerCC32XX_parkPin              
20011cad  PowerCC32XX_reset                
20011915  PowerCC32XX_restoreParkState     
20011a15  PowerCC32XX_restoreParkedPin     
20010b3d  PowerCC32XX_resumeLPDS           
200106a5  PowerCC32XX_setParkState         
2000d915  PowerCC32XX_sleepPolicy          
20012149  Power_disablePolicy              
200122a5  Power_enablePolicy               
20012361  Power_getConstraintMask          
2001215d  Power_getDependencyCount         
20011f6d  Power_getTransitionLatency       
20011f85  Power_idleFunc                   
2000ffb5  Power_init                       
20011ba1  Power_registerNotify             
20011015  Power_releaseConstraint          
20010991  Power_releaseDependency          
200115d1  Power_setConstraint              
200100bd  Power_setDependency              
2000e019  Power_sleep                      
20011d5d  Power_unregisterNotify           
200121bd  RingBuf_construct                
20011415  RingBuf_get                      
20012339  RingBuf_isFull                   
20011d7d  RingBuf_peek                     
200110a5  RingBuf_put                      
200122b5  SemaphoreP_Params_init           
20010c85  SemaphoreP_construct             
20011ddb  SemaphoreP_constructBinary       
200120b7  SemaphoreP_create                
20011ebf  SemaphoreP_createBinary          
200129c4  SemaphoreP_defaultParams         
20012413  SemaphoreP_delete                
2000eeab  SemaphoreP_destruct              
2000f859  SemaphoreP_pend                  
200111fd  SemaphoreP_post                  
20011e51  SwiP_disable                     
20011241  SwiP_restore                     
200129d0  TempFlag                         
2001160d  TickFct_CheckButtons             
2001236d  TickFct_CheckTemp                
20010cd5  TickFct_UpdateReport             
20010d25  TimerCC32XX_allocateTimerResource
20011949  TimerCC32XX_freeTimerResource    
200117d5  TimerControlStall                
20011df9  TimerDisable                     
20011e17  TimerEnable                      
200129cd  TimerFlag                        
200121cf  TimerIntClear                    
20011f9d  TimerIntDisable                  
20011fb5  TimerIntEnable                   
20011afb  TimerLoadSet                     
20011b25  TimerPrescaleSet                 
20011cd1  TimerSupport_timerDisable        
20011455  TimerSupport_timerEnable         
200122c5  Timer_Params_init                
20011495  Timer_close                      
20012e98  Timer_config                     
20012e8a  Timer_count                      
2000f0eb  Timer_init                       
2000e151  Timer_open                       
20011285  Timer_start                      
2001180b  Timer_stop                       
20011fcd  UARTBusy                         
2000e4e1  UARTCC32XX_close                 
2000eb39  UARTCC32XX_control               
20012cd8  UARTCC32XX_fxnTable              
2000fb5f  UARTCC32XX_init                  
2000cebd  UARTCC32XX_open                  
200114d5  UARTCC32XX_read                  
20011841  UARTCC32XX_readCancel            
2000f031  UARTCC32XX_readPolling           
2000ede1  UARTCC32XX_write                 
2001063d  UARTCC32XX_writeCancel           
20010709  UARTCC32XX_writePolling          
20011fe5  UARTIntEnable                    
20011ffd  UART_Params_init                 
20012e60  UART_config                      
20012e8c  UART_count                       
20012d00  UART_defaultParams               
200112c9  UART_init                        
20011515  UART_open                        
200123c7  UART_write                       
20012405  UtilsDelay                       
20004000  __STACK_END                      
00001000  __STACK_SIZE                     
00008000  __SYSMEM_SIZE                    
20013400  __TI_CINIT_Base                  
20013410  __TI_CINIT_Limit                 
200133ec  __TI_Handler_Table_Base          
200133f8  __TI_Handler_Table_Limit         
2001130d  __TI_auto_init_nobinit_nopinit   
200105d5  __TI_decompress_lzss             
20012347  __TI_decompress_none             
20010a3f  __TI_ltoa                        
ffffffff  __TI_pprof_out_hndl              
2000c041  __TI_printfi                     
ffffffff  __TI_prof_data_size              
ffffffff  __TI_prof_data_start             
20013320  __TI_static_base__               
20012385  __TI_zero_init                   
2000fea9  __aeabi_cdcmpeq                  
2000fea9  __aeabi_cdcmple                  
2000ff2f  __aeabi_cdrcmple                 
2001105d  __aeabi_d2iz                     
2000d767  __aeabi_dadd                     
2000e289  __aeabi_ddiv                     
2000ea3d  __aeabi_dmul                     
2000d75d  __aeabi_dsub                     
200123d9  __aeabi_errno_addr               
20011765  __aeabi_f2iz                     
20010233  __aeabi_fmul                     
20011a75  __aeabi_i2d                      
2001179d  __aeabi_i2f                      
20011683  __aeabi_idiv0                    
20011683  __aeabi_ldiv0                    
2001205d  __aeabi_lmul                     
200102ad  __aeabi_memclr                   
200102ad  __aeabi_memclr4                  
200102ad  __aeabi_memclr8                  
2000f995  __aeabi_memcpy                   
2000f995  __aeabi_memcpy4                  
2000f995  __aeabi_memcpy8                  
200102af  __aeabi_memset                   
200102af  __aeabi_memset4                  
200102af  __aeabi_memset8                  
2000fac9  __aeabi_uldivmod                 
ffffffff  __binit__                        
ffffffff  __c_args__                       
UNDEFED   __mpu_init                       
20003000  __stack                          
20004000  __start___llvm_prf_cnts          
20004000  __stop___llvm_prf_cnts           
20011cf5  _c_int00_noargs                  
200129e8  _ctypes_                         
200129b4  _lock                            
20010327  _nop                             
20004040  _sys_memory                      
UNDEFED   _system_post_cinit               
20012417  _system_pre_init                 
200129b8  _unlock                          
2001241b  abort                            
2000e841  aligned_alloc                    
20010e59  atoi                             
ffffffff  binit                            
2001076b  clkFxn                           
20012379  copysign                         
20012379  copysignl                        
200129e4  errno                            
2000ec2d  free                             
20010829  frexp                            
20010829  frexpl                           
2001202d  gpioButtonFxn0                   
20012045  gpioButtonFxn1                   
20012990  gpioCallbackFunctions            
2001299c  gpioPinConfigs                   
200129cc  heat                             
20013308  i2c                              
20012de4  i2cCC32XXHWAttrs                 
20012ff4  i2cCC32XXObjects                 
200132a8  i2cTransaction                   
20012eb6  inPinTypes                       
2000fd0d  initI2C                          
20010a95  initTimer                        
20011351  initUART                         
200116f5  initVectors                      
2000ed11  ldexp                            
2000ed11  ldexpl                           
200121e1  main                             
2000dab1  mainThread                       
200123e1  malloc                           
2000e841  memalign                         
20011e89  memccpy                          
2000f995  memcpy                           
200102b5  memset                           
20012ebc  outPinStrengths                  
20012ea0  outPinTypes                      
200131f8  output                           
20012898  parkInfo                         
2000e721  readTemp                         
20011ed9  resetISR                         
20011eec  resetVectorAddr                  
20004000  resetVectors                     
2001330c  rxBuffer                         
2000ed11  scalbn                           
2000ed11  scalbnl                          
200132fd  sensorAddress                    
2001331e  sensorReg                        
200132fe  setPoint                         
20010ef1  snprintf                         
200120cd  strchr                           
20012185  strlen                           
20013238  tasks                            
2001331c  tempReading                      
200129d2  timer                            
20013310  timer0                           
20012e50  timerCC32XXHWAttrs               
200130f0  timerCC32XXObjects               
2000fbf1  timerCallback                    
20013314  txBuffer                         
20013318  uart                             
20013174  uartCC32XXObjects0               
200121f3  wcslen                           


GLOBAL SYMBOLS: SORTED BY Symbol Address 

address   name                             
-------   ----                             
00001000  __STACK_SIZE                     
00008000  __SYSMEM_SIZE                    
20003000  __stack                          
20004000  __STACK_END                      
20004000  __start___llvm_prf_cnts          
20004000  __stop___llvm_prf_cnts           
20004000  resetVectors                     
20004040  _sys_memory                      
2000c041  __TI_printfi                     
2000ca8f  Board_initHook                   
2000ca91  PRCMCC3200MCUInit                
2000cebd  UARTCC32XX_open                  
2000d3ad  GPIO_setConfig                   
2000d75d  __aeabi_dsub                     
2000d767  __aeabi_dadd                     
2000d913  I2C_init                         
2000d915  PowerCC32XX_sleepPolicy          
2000dab1  mainThread                       
2000e019  Power_sleep                      
2000e151  Timer_open                       
2000e289  __aeabi_ddiv                     
2000e3bf  I2C_transferTimeout              
2000e4e1  UARTCC32XX_close                 
2000e721  readTemp                         
2000e841  aligned_alloc                    
2000e841  memalign                         
2000e941  I2C_open                         
2000ea3d  __aeabi_dmul                     
2000eb39  UARTCC32XX_control               
2000ec2b  PowerCC32XX_initPolicy           
2000ec2d  free                             
2000ed11  ldexp                            
2000ed11  ldexpl                           
2000ed11  scalbn                           
2000ed11  scalbnl                          
2000ede1  UARTCC32XX_write                 
2000eeab  SemaphoreP_destruct              
2000eead  GPIO_init                        
2000f031  UARTCC32XX_readPolling           
2000f0eb  Timer_init                       
2000f5c5  IntEnable                        
2000f66d  PowerCC32XX_configureWakeup      
2000f859  SemaphoreP_pend                  
2000f995  __aeabi_memcpy                   
2000f995  __aeabi_memcpy4                  
2000f995  __aeabi_memcpy8                  
2000f995  memcpy                           
2000fac9  __aeabi_uldivmod                 
2000fb5f  UARTCC32XX_init                  
2000fbf1  timerCallback                    
2000fc81  HwiP_construct                   
2000fd0d  initI2C                          
2000fd99  IntPendSet                       
2000fe21  PinConfigSet                     
2000fea9  __aeabi_cdcmpeq                  
2000fea9  __aeabi_cdcmple                  
2000ff2f  __aeabi_cdrcmple                 
2000ffb5  Power_init                       
200100bd  Power_setDependency              
20010233  __aeabi_fmul                     
200102ad  __aeabi_memclr                   
200102ad  __aeabi_memclr4                  
200102ad  __aeabi_memclr8                  
200102af  __aeabi_memset                   
200102af  __aeabi_memset4                  
200102af  __aeabi_memset8                  
200102b5  memset                           
20010327  _nop                             
20010329  GPIO_hwiIntFxn                   
2001056b  I2CSupport_primeTransfer         
200105d5  __TI_decompress_lzss             
2001063d  UARTCC32XX_writeCancel           
200106a5  PowerCC32XX_setParkState         
20010709  UARTCC32XX_writePolling          
2001076b  clkFxn                           
2001076d  PRCMSysResetCauseGet             
200107cd  GPIO_setCallback                 
20010829  frexp                            
20010829  frexpl                           
200108e1  GPIO_write                       
20010939  PRCMPeripheralReset              
20010991  Power_releaseDependency          
20010a3f  __TI_ltoa                        
20010a95  initTimer                        
20010b3d  PowerCC32XX_resumeLPDS           
20010c35  ClockP_doTick                    
20010c35  ClockP_sysTickHandler            
20010c85  SemaphoreP_construct             
20010cd5  TickFct_UpdateReport             
20010d25  TimerCC32XX_allocateTimerResource
20010d75  GPIO_enableInt                   
20010e0d  PowerCC32XX_parkPin              
20010e59  atoi                             
20010ef1  snprintf                         
20010f3d  FlashDisable                     
20010f85  PRCMLPDSEnter                    
20010fcd  PRCMPeripheralClkEnable          
20011015  Power_releaseConstraint          
2001105d  __aeabi_d2iz                     
200110a5  RingBuf_put                      
20011131  ClockP_stop                      
20011175  PRCMLPDSRestoreInfoSet           
200111b9  PowerCC32XX_enterLPDS            
200111fd  SemaphoreP_post                  
20011241  SwiP_restore                     
20011285  Timer_start                      
200112c9  UART_init                        
2001130d  __TI_auto_init_nobinit_nopinit   
20011351  initUART                         
20011395  ClockP_construct                 
200113d5  PinModeSet                       
20011415  RingBuf_get                      
20011455  TimerSupport_timerEnable         
20011495  Timer_close                      
200114d5  UARTCC32XX_read                  
20011515  UART_open                        
20011595  ClockP_destruct                  
200115d1  Power_setConstraint              
2001160d  TickFct_CheckButtons             
20011683  __aeabi_idiv0                    
20011683  __aeabi_ldiv0                    
20011685  PRCMLPDSEnterKeepDebugIf         
200116f5  initVectors                      
20011765  __aeabi_f2iz                     
2001179d  __aeabi_i2f                      
200117d5  TimerControlStall                
2001180b  Timer_stop                       
20011841  UARTCC32XX_readCancel            
20011879  ClockP_getTicksUntilInterrupt    
200118ad  ClockP_startup                   
200118e1  PinModeGet                       
20011915  PowerCC32XX_restoreParkState     
20011949  TimerCC32XX_freeTimerResource    
200119e5  ClockP_start                     
20011a15  PowerCC32XX_restoreParkedPin     
20011a75  __aeabi_i2d                      
20011aa5  PowerCC32XX_getParkState         
20011ad1  HwiP_create                      
20011afb  TimerLoadSet                     
20011b25  TimerPrescaleSet                 
20011b4f  I2CFIFODataPutNonBlocking        
20011b79  PRCMPeripheralClkDisable         
20011ba1  Power_registerNotify             
20011bf1  I2CFIFODataGetNonBlocking        
20011c17  I2C_cancel                       
20011c3d  List_put                         
20011c63  List_remove                      
20011c89  HwiP_dispatch                    
20011cad  PowerCC32XX_reset                
20011cd1  TimerSupport_timerDisable        
20011cf5  _c_int00_noargs                  
20011d19  I2CMasterSlaveAddrSet            
20011d3b  HwiP_destruct                    
20011d5d  Power_unregisterNotify           
20011d7d  RingBuf_peek                     
20011dbd  I2CMasterIntStatusEx             
20011ddb  SemaphoreP_constructBinary       
20011df9  TimerDisable                     
20011e17  TimerEnable                      
20011e35  PinToPadGet                      
20011e51  SwiP_disable                     
20011e89  memccpy                          
20011ea5  ClockP_create                    
20011ebf  SemaphoreP_createBinary          
20011ed9  resetISR                         
20011eec  resetVectorAddr                  
20011ef3  I2CMasterBusBusy                 
20011f0b  I2CMasterIntDisableEx            
20011f23  I2CMasterIntEnableEx             
20011f3b  I2CRxFIFOFlush                   
20011f53  I2CTxFIFOFlush                   
20011f6d  Power_getTransitionLatency       
20011f85  Power_idleFunc                   
20011f9d  TimerIntDisable                  
20011fb5  TimerIntEnable                   
20011fcd  UARTBusy                         
20011fe5  UARTIntEnable                    
20011ffd  UART_Params_init                 
2001202d  gpioButtonFxn0                   
20012045  gpioButtonFxn1                   
2001205d  __aeabi_lmul                     
20012075  I2CMasterBurstLengthSet          
2001208b  PRCMHIBRegRead                   
200120a1  PRCMHIBRegWrite                  
200120b7  SemaphoreP_create                
200120cd  strchr                           
200120e3  CPUcpsid                         
200120f9  HwiP_inISR                       
2001210d  I2CSupport_masterFinish          
20012121  I2C_transfer                     
20012135  IntVTableBaseSet                 
20012149  Power_disablePolicy              
2001215d  Power_getDependencyCount         
20012185  strlen                           
20012199  HwiP_Params_init                 
200121ab  I2CMasterIntClearEx              
200121bd  RingBuf_construct                
200121cf  TimerIntClear                    
200121e1  main                             
200121f3  wcslen                           
20012205  Board_init                       
20012215  ClockP_add                       
20012225  ClockP_delete                    
20012235  ClockP_getCpuFreq                
20012245  ClockP_getSystemTicks            
20012255  ClockP_setTicks                  
20012265  HwiP_delete                      
20012275  HwiP_restore                     
20012285  I2CFIFOStatus                    
20012295  I2C_Params_init                  
200122a5  Power_enablePolicy               
200122b5  SemaphoreP_Params_init           
200122c5  Timer_Params_init                
200122e5  HwiP_clearInterrupt              
200122f3  HwiP_disable                     
20012301  HwiP_disableInterrupt            
2001230f  HwiP_enable                      
2001230f  NoRTOS_start                     
2001231d  HwiP_enableInterrupt             
20012339  RingBuf_isFull                   
20012347  __TI_decompress_none             
20012361  Power_getConstraintMask          
2001236d  TickFct_CheckTemp                
20012379  copysign                         
20012379  copysignl                        
20012385  __TI_zero_init                   
200123a9  ClockP_Params_init               
200123b3  ClockP_isActive                  
200123bd  IntMasterDisable                 
200123c7  UART_write                       
200123d9  __aeabi_errno_addr               
200123e1  malloc                           
200123f9  I2CSupport_powerRelConstraint    
200123ff  I2CSupport_powerSetConstraint    
20012405  UtilsDelay                       
2001240b  ClockP_setTimeout                
2001240f  HwiP_post                        
20012413  SemaphoreP_delete                
20012417  _system_pre_init                 
2001241b  C$$EXIT                          
2001241b  abort                            
2001272c  PowerCC32XX_module               
20012898  parkInfo                         
20012990  gpioCallbackFunctions            
2001299c  gpioPinConfigs                   
200129b4  _lock                            
200129b8  _unlock                          
200129c4  SemaphoreP_defaultParams         
200129cc  heat                             
200129cd  TimerFlag                        
200129ce  ButtonFlag0                      
200129cf  ButtonFlag1                      
200129d0  TempFlag                         
200129d2  timer                            
200129d4  HwiP_key                         
200129d8  HwiP_swiPIntNum                  
200129dc  ClockP_tickPeriod                
200129e4  errno                            
200129e8  _ctypes_                         
20012c94  PowerCC32XX_config               
20012cd8  UARTCC32XX_fxnTable              
20012d00  UART_defaultParams               
20012dbc  GPIOCC32XX_config                
20012de4  i2cCC32XXHWAttrs                 
20012e20  I2C_defaultParams                
20012e50  timerCC32XXHWAttrs               
20012e60  UART_config                      
20012e84  CONFIG_GPIO_BUTTON_0_CONST       
20012e85  CONFIG_GPIO_BUTTON_1_CONST       
20012e86  CONFIG_GPIO_LED_0_CONST          
20012e87  CONFIG_I2C_0_CONST               
20012e88  I2C_count                        
20012e89  CONFIG_TIMER_0_CONST             
20012e8a  Timer_count                      
20012e8b  CONFIG_UART_0_CONST              
20012e8c  UART_count                       
20012e90  I2C_config                       
20012e98  Timer_config                     
20012ea0  outPinTypes                      
20012eb6  inPinTypes                       
20012ebc  outPinStrengths                  
20012ec8  PowerCC32XX_contextSave          
20012ff4  i2cCC32XXObjects                 
200130f0  timerCC32XXObjects               
20013174  uartCC32XXObjects0               
200131f8  output                           
20013238  tasks                            
200132a8  i2cTransaction                   
200132e0  ClockP_ctrl                      
200132fd  sensorAddress                    
200132fe  setPoint                         
20013308  i2c                              
2001330c  rxBuffer                         
20013310  timer0                           
20013314  txBuffer                         
20013318  uart                             
2001331c  tempReading                      
2001331e  sensorReg                        
20013320  __TI_static_base__               
200133ec  __TI_Handler_Table_Base          
200133f8  __TI_Handler_Table_Limit         
20013400  __TI_CINIT_Base                  
20013410  __TI_CINIT_Limit                 
ffffffff  __TI_pprof_out_hndl              
ffffffff  __TI_prof_data_size              
ffffffff  __TI_prof_data_start             
ffffffff  __binit__                        
ffffffff  __c_args__                       
ffffffff  binit                            
UNDEFED   ITM_flush                        
UNDEFED   ITM_restore                      
UNDEFED   __mpu_init                       
UNDEFED   _system_post_cinit               

[313 symbols]
