<?xml version="1.0" encoding="ISO-8859-1" ?>
<link_info>
   <banner>TI ARM Linker PC v20.2.5.LTS</banner>
   <copyright>Copyright (c) 1996-2018 Texas Instruments Incorporated</copyright>
   <link_time>0x620f13b3</link_time>
   <link_errors>0x0</link_errors>
   <output_file>Thermostat_Prototype_Working_Copy.out</output_file>
   <entry_point>
      <name>resetISR</name>
      <address>0x20012955</address>
   </entry_point>
   <input_file_list>
      <input_file id="fl-2">
         <path>.\syscfg\</path>
         <kind>object</kind>
         <file>ti_drivers_config.obj</file>
         <name>ti_drivers_config.obj</name>
      </input_file>
      <input_file id="fl-3">
         <path>.\</path>
         <kind>object</kind>
         <file>main_nortos.obj</file>
         <name>main_nortos.obj</name>
      </input_file>
      <input_file id="fl-4">
         <path>.\</path>
         <kind>object</kind>
         <file>thermostat_prototype.obj</file>
         <name>thermostat_prototype.obj</name>
      </input_file>
      <input_file id="fl-d">
         <kind>object</kind>
         <file>&lt;internal&gt;</file>
         <name>&lt;internal&gt;</name>
      </input_file>
      <input_file id="fl-e">
         <path>C:\ti\simplelink_cc32xx_sdk_5_20_00_06\source\ti\drivers\lib\ccs\m4\</path>
         <kind>archive</kind>
         <file>drivers_cc32xx.a</file>
         <name>I2C.oem4</name>
      </input_file>
      <input_file id="fl-f">
         <path>C:\ti\simplelink_cc32xx_sdk_5_20_00_06\source\ti\drivers\lib\ccs\m4\</path>
         <kind>archive</kind>
         <file>drivers_cc32xx.a</file>
         <name>Timer.oem4</name>
      </input_file>
      <input_file id="fl-10">
         <path>C:\ti\simplelink_cc32xx_sdk_5_20_00_06\source\ti\drivers\lib\ccs\m4\</path>
         <kind>archive</kind>
         <file>drivers_cc32xx.a</file>
         <name>GPIOCC32XX.oem4</name>
      </input_file>
      <input_file id="fl-11">
         <path>C:\ti\simplelink_cc32xx_sdk_5_20_00_06\source\ti\drivers\lib\ccs\m4\</path>
         <kind>archive</kind>
         <file>drivers_cc32xx.a</file>
         <name>I2CCC32XX.oem4</name>
      </input_file>
      <input_file id="fl-12">
         <path>C:\ti\simplelink_cc32xx_sdk_5_20_00_06\source\ti\drivers\lib\ccs\m4\</path>
         <kind>archive</kind>
         <file>drivers_cc32xx.a</file>
         <name>PowerCC32XX.oem4</name>
      </input_file>
      <input_file id="fl-13">
         <path>C:\ti\simplelink_cc32xx_sdk_5_20_00_06\source\ti\drivers\lib\ccs\m4\</path>
         <kind>archive</kind>
         <file>drivers_cc32xx.a</file>
         <name>PowerCC32XX_asm.oem4</name>
      </input_file>
      <input_file id="fl-14">
         <path>C:\ti\simplelink_cc32xx_sdk_5_20_00_06\source\ti\drivers\lib\ccs\m4\</path>
         <kind>archive</kind>
         <file>drivers_cc32xx.a</file>
         <name>TimerCC32XX.oem4</name>
      </input_file>
      <input_file id="fl-15">
         <path>C:\ti\simplelink_cc32xx_sdk_5_20_00_06\source\ti\drivers\lib\ccs\m4\</path>
         <kind>archive</kind>
         <file>drivers_cc32xx.a</file>
         <name>UARTCC32XX.oem4</name>
      </input_file>
      <input_file id="fl-16">
         <path>C:\ti\simplelink_cc32xx_sdk_5_20_00_06\source\ti\drivers\lib\ccs\m4\</path>
         <kind>archive</kind>
         <file>drivers_cc32xx.a</file>
         <name>List.oem4</name>
      </input_file>
      <input_file id="fl-17">
         <path>C:\ti\simplelink_cc32xx_sdk_5_20_00_06\source\ti\drivers\lib\ccs\m4\</path>
         <kind>archive</kind>
         <file>drivers_cc32xx.a</file>
         <name>RingBuf.oem4</name>
      </input_file>
      <input_file id="fl-18">
         <path>C:\ti\simplelink_cc32xx_sdk_5_20_00_06\kernel\nortos\lib\ccs\m4\</path>
         <kind>archive</kind>
         <file>nortos_cc32xx.a</file>
         <name>NoRTOS.oem4</name>
      </input_file>
      <input_file id="fl-19">
         <path>C:\ti\simplelink_cc32xx_sdk_5_20_00_06\kernel\nortos\lib\ccs\m4\</path>
         <kind>archive</kind>
         <file>nortos_cc32xx.a</file>
         <name>SemaphoreP_nortos.oem4</name>
      </input_file>
      <input_file id="fl-1a">
         <path>C:\ti\simplelink_cc32xx_sdk_5_20_00_06\kernel\nortos\lib\ccs\m4\</path>
         <kind>archive</kind>
         <file>nortos_cc32xx.a</file>
         <name>ClockPSysTick_nortos.oem4</name>
      </input_file>
      <input_file id="fl-1b">
         <path>C:\ti\simplelink_cc32xx_sdk_5_20_00_06\kernel\nortos\lib\ccs\m4\</path>
         <kind>archive</kind>
         <file>nortos_cc32xx.a</file>
         <name>HwiPCC32XX_nortos.oem4</name>
      </input_file>
      <input_file id="fl-1c">
         <path>C:\ti\simplelink_cc32xx_sdk_5_20_00_06\kernel\nortos\lib\ccs\m4\</path>
         <kind>archive</kind>
         <file>nortos_cc32xx.a</file>
         <name>PowerCC32XX_nortos.oem4</name>
      </input_file>
      <input_file id="fl-1d">
         <path>C:\ti\simplelink_cc32xx_sdk_5_20_00_06\kernel\nortos\lib\ccs\m4\</path>
         <kind>archive</kind>
         <file>nortos_cc32xx.a</file>
         <name>startup_cc32xx_ccs.oem4</name>
      </input_file>
      <input_file id="fl-1e">
         <path>C:\ti\simplelink_cc32xx_sdk_5_20_00_06\kernel\nortos\lib\ccs\m4\</path>
         <kind>archive</kind>
         <file>nortos_cc32xx.a</file>
         <name>SwiP_nortos.oem4</name>
      </input_file>
      <input_file id="fl-1f">
         <path>C:\ti\simplelink_cc32xx_sdk_5_20_00_06\kernel\nortos\lib\ccs\m4\</path>
         <kind>archive</kind>
         <file>nortos_cc32xx.a</file>
         <name>QueueP_nortos.oem4</name>
      </input_file>
      <input_file id="fl-20">
         <path>C:\ti\simplelink_cc32xx_sdk_5_20_00_06\source\ti\devices\cc32xx\driverlib\ccs\Release\</path>
         <kind>archive</kind>
         <file>driverlib.a</file>
         <name>cpu.obj</name>
      </input_file>
      <input_file id="fl-21">
         <path>C:\ti\simplelink_cc32xx_sdk_5_20_00_06\source\ti\devices\cc32xx\driverlib\ccs\Release\</path>
         <kind>archive</kind>
         <file>driverlib.a</file>
         <name>i2c.obj</name>
      </input_file>
      <input_file id="fl-22">
         <path>C:\ti\simplelink_cc32xx_sdk_5_20_00_06\source\ti\devices\cc32xx\driverlib\ccs\Release\</path>
         <kind>archive</kind>
         <file>driverlib.a</file>
         <name>interrupt.obj</name>
      </input_file>
      <input_file id="fl-23">
         <path>C:\ti\simplelink_cc32xx_sdk_5_20_00_06\source\ti\devices\cc32xx\driverlib\ccs\Release\</path>
         <kind>archive</kind>
         <file>driverlib.a</file>
         <name>pin.obj</name>
      </input_file>
      <input_file id="fl-24">
         <path>C:\ti\simplelink_cc32xx_sdk_5_20_00_06\source\ti\devices\cc32xx\driverlib\ccs\Release\</path>
         <kind>archive</kind>
         <file>driverlib.a</file>
         <name>prcm.obj</name>
      </input_file>
      <input_file id="fl-25">
         <path>C:\ti\simplelink_cc32xx_sdk_5_20_00_06\source\ti\devices\cc32xx\driverlib\ccs\Release\</path>
         <kind>archive</kind>
         <file>driverlib.a</file>
         <name>timer.obj</name>
      </input_file>
      <input_file id="fl-26">
         <path>C:\ti\simplelink_cc32xx_sdk_5_20_00_06\source\ti\devices\cc32xx\driverlib\ccs\Release\</path>
         <kind>archive</kind>
         <file>driverlib.a</file>
         <name>uart.obj</name>
      </input_file>
      <input_file id="fl-27">
         <path>C:\ti\simplelink_cc32xx_sdk_5_20_00_06\source\ti\devices\cc32xx\driverlib\ccs\Release\</path>
         <kind>archive</kind>
         <file>driverlib.a</file>
         <name>utils.obj</name>
      </input_file>
      <input_file id="fl-28">
         <path>C:\ti\simplelink_cc32xx_sdk_5_20_00_06\source\ti\devices\cc32xx\driverlib\ccs\Release\</path>
         <kind>archive</kind>
         <file>driverlib.a</file>
         <name>flash.obj</name>
      </input_file>
      <input_file id="fl-de">
         <path>C:\ti\ccs1110\ccs\tools\compiler\ti-cgt-arm_20.2.5.LTS\lib\</path>
         <kind>archive</kind>
         <file>rtsv7M4_T_le_eabi.lib</file>
         <name>printf.c.obj</name>
      </input_file>
      <input_file id="fl-df">
         <path>C:\ti\ccs1110\ccs\tools\compiler\ti-cgt-arm_20.2.5.LTS\lib\</path>
         <kind>archive</kind>
         <file>rtsv7M4_T_le_eabi.lib</file>
         <name>fprintf.c.obj</name>
      </input_file>
      <input_file id="fl-e0">
         <path>C:\ti\ccs1110\ccs\tools\compiler\ti-cgt-arm_20.2.5.LTS\lib\</path>
         <kind>archive</kind>
         <file>rtsv7M4_T_le_eabi.lib</file>
         <name>_printfi.c.obj</name>
      </input_file>
      <input_file id="fl-e1">
         <path>C:\ti\ccs1110\ccs\tools\compiler\ti-cgt-arm_20.2.5.LTS\lib\</path>
         <kind>archive</kind>
         <file>rtsv7M4_T_le_eabi.lib</file>
         <name>fclose.c.obj</name>
      </input_file>
      <input_file id="fl-e2">
         <path>C:\ti\ccs1110\ccs\tools\compiler\ti-cgt-arm_20.2.5.LTS\lib\</path>
         <kind>archive</kind>
         <file>rtsv7M4_T_le_eabi.lib</file>
         <name>fflush.c.obj</name>
      </input_file>
      <input_file id="fl-e3">
         <path>C:\ti\ccs1110\ccs\tools\compiler\ti-cgt-arm_20.2.5.LTS\lib\</path>
         <kind>archive</kind>
         <file>rtsv7M4_T_le_eabi.lib</file>
         <name>fopen.c.obj</name>
      </input_file>
      <input_file id="fl-e4">
         <path>C:\ti\ccs1110\ccs\tools\compiler\ti-cgt-arm_20.2.5.LTS\lib\</path>
         <kind>archive</kind>
         <file>rtsv7M4_T_le_eabi.lib</file>
         <name>fputc.c.obj</name>
      </input_file>
      <input_file id="fl-e5">
         <path>C:\ti\ccs1110\ccs\tools\compiler\ti-cgt-arm_20.2.5.LTS\lib\</path>
         <kind>archive</kind>
         <file>rtsv7M4_T_le_eabi.lib</file>
         <name>fputs.c.obj</name>
      </input_file>
      <input_file id="fl-e6">
         <path>C:\ti\ccs1110\ccs\tools\compiler\ti-cgt-arm_20.2.5.LTS\lib\</path>
         <kind>archive</kind>
         <file>rtsv7M4_T_le_eabi.lib</file>
         <name>_io_perm.c.obj</name>
      </input_file>
      <input_file id="fl-e7">
         <path>C:\ti\ccs1110\ccs\tools\compiler\ti-cgt-arm_20.2.5.LTS\lib\</path>
         <kind>archive</kind>
         <file>rtsv7M4_T_le_eabi.lib</file>
         <name>setvbuf.c.obj</name>
      </input_file>
      <input_file id="fl-e8">
         <path>C:\ti\ccs1110\ccs\tools\compiler\ti-cgt-arm_20.2.5.LTS\lib\</path>
         <kind>archive</kind>
         <file>rtsv7M4_T_le_eabi.lib</file>
         <name>s_frexp.c.obj</name>
      </input_file>
      <input_file id="fl-e9">
         <path>C:\ti\ccs1110\ccs\tools\compiler\ti-cgt-arm_20.2.5.LTS\lib\</path>
         <kind>archive</kind>
         <file>rtsv7M4_T_le_eabi.lib</file>
         <name>s_scalbn.c.obj</name>
      </input_file>
      <input_file id="fl-ea">
         <path>C:\ti\ccs1110\ccs\tools\compiler\ti-cgt-arm_20.2.5.LTS\lib\</path>
         <kind>archive</kind>
         <file>rtsv7M4_T_le_eabi.lib</file>
         <name>wcslen.c.obj</name>
      </input_file>
      <input_file id="fl-eb">
         <path>C:\ti\ccs1110\ccs\tools\compiler\ti-cgt-arm_20.2.5.LTS\lib\</path>
         <kind>archive</kind>
         <file>rtsv7M4_T_le_eabi.lib</file>
         <name>fd_add_t2.asm.obj</name>
      </input_file>
      <input_file id="fl-ec">
         <path>C:\ti\ccs1110\ccs\tools\compiler\ti-cgt-arm_20.2.5.LTS\lib\</path>
         <kind>archive</kind>
         <file>rtsv7M4_T_le_eabi.lib</file>
         <name>fd_cmp_t2.asm.obj</name>
      </input_file>
      <input_file id="fl-ed">
         <path>C:\ti\ccs1110\ccs\tools\compiler\ti-cgt-arm_20.2.5.LTS\lib\</path>
         <kind>archive</kind>
         <file>rtsv7M4_T_le_eabi.lib</file>
         <name>fd_div_t2.asm.obj</name>
      </input_file>
      <input_file id="fl-ee">
         <path>C:\ti\ccs1110\ccs\tools\compiler\ti-cgt-arm_20.2.5.LTS\lib\</path>
         <kind>archive</kind>
         <file>rtsv7M4_T_le_eabi.lib</file>
         <name>fd_mul_t2.asm.obj</name>
      </input_file>
      <input_file id="fl-ef">
         <path>C:\ti\ccs1110\ccs\tools\compiler\ti-cgt-arm_20.2.5.LTS\lib\</path>
         <kind>archive</kind>
         <file>rtsv7M4_T_le_eabi.lib</file>
         <name>fd_toi_t2.asm.obj</name>
      </input_file>
      <input_file id="fl-f0">
         <path>C:\ti\ccs1110\ccs\tools\compiler\ti-cgt-arm_20.2.5.LTS\lib\</path>
         <kind>archive</kind>
         <file>rtsv7M4_T_le_eabi.lib</file>
         <name>fs_add_t2.asm.obj</name>
      </input_file>
      <input_file id="fl-f1">
         <path>C:\ti\ccs1110\ccs\tools\compiler\ti-cgt-arm_20.2.5.LTS\lib\</path>
         <kind>archive</kind>
         <file>rtsv7M4_T_le_eabi.lib</file>
         <name>fs_div_t2.asm.obj</name>
      </input_file>
      <input_file id="fl-f2">
         <path>C:\ti\ccs1110\ccs\tools\compiler\ti-cgt-arm_20.2.5.LTS\lib\</path>
         <kind>archive</kind>
         <file>rtsv7M4_T_le_eabi.lib</file>
         <name>fs_mul_t2.asm.obj</name>
      </input_file>
      <input_file id="fl-f3">
         <path>C:\ti\ccs1110\ccs\tools\compiler\ti-cgt-arm_20.2.5.LTS\lib\</path>
         <kind>archive</kind>
         <file>rtsv7M4_T_le_eabi.lib</file>
         <name>fs_tod_t2.asm.obj</name>
      </input_file>
      <input_file id="fl-f4">
         <path>C:\ti\ccs1110\ccs\tools\compiler\ti-cgt-arm_20.2.5.LTS\lib\</path>
         <kind>archive</kind>
         <file>rtsv7M4_T_le_eabi.lib</file>
         <name>fs_toi_t2.asm.obj</name>
      </input_file>
      <input_file id="fl-f5">
         <path>C:\ti\ccs1110\ccs\tools\compiler\ti-cgt-arm_20.2.5.LTS\lib\</path>
         <kind>archive</kind>
         <file>rtsv7M4_T_le_eabi.lib</file>
         <name>i_tofd_t2.asm.obj</name>
      </input_file>
      <input_file id="fl-f6">
         <path>C:\ti\ccs1110\ccs\tools\compiler\ti-cgt-arm_20.2.5.LTS\lib\</path>
         <kind>archive</kind>
         <file>rtsv7M4_T_le_eabi.lib</file>
         <name>i_tofs_t2.asm.obj</name>
      </input_file>
      <input_file id="fl-f7">
         <path>C:\ti\ccs1110\ccs\tools\compiler\ti-cgt-arm_20.2.5.LTS\lib\</path>
         <kind>archive</kind>
         <file>rtsv7M4_T_le_eabi.lib</file>
         <name>ll_mul_t2.asm.obj</name>
      </input_file>
      <input_file id="fl-f8">
         <path>C:\ti\ccs1110\ccs\tools\compiler\ti-cgt-arm_20.2.5.LTS\lib\</path>
         <kind>archive</kind>
         <file>rtsv7M4_T_le_eabi.lib</file>
         <name>memcpy_t2.asm.obj</name>
      </input_file>
      <input_file id="fl-f9">
         <path>C:\ti\ccs1110\ccs\tools\compiler\ti-cgt-arm_20.2.5.LTS\lib\</path>
         <kind>archive</kind>
         <file>rtsv7M4_T_le_eabi.lib</file>
         <name>ull_div_t2.asm.obj</name>
      </input_file>
      <input_file id="fl-fa">
         <path>C:\ti\ccs1110\ccs\tools\compiler\ti-cgt-arm_20.2.5.LTS\lib\</path>
         <kind>archive</kind>
         <file>rtsv7M4_T_le_eabi.lib</file>
         <name>memset_t2.asm.obj</name>
      </input_file>
      <input_file id="fl-fb">
         <path>C:\ti\ccs1110\ccs\tools\compiler\ti-cgt-arm_20.2.5.LTS\lib\</path>
         <kind>archive</kind>
         <file>rtsv7M4_T_le_eabi.lib</file>
         <name>copy_zero_init.c.obj</name>
      </input_file>
      <input_file id="fl-fc">
         <path>C:\ti\ccs1110\ccs\tools\compiler\ti-cgt-arm_20.2.5.LTS\lib\</path>
         <kind>archive</kind>
         <file>rtsv7M4_T_le_eabi.lib</file>
         <name>copy_decompress_none.c.obj</name>
      </input_file>
      <input_file id="fl-fd">
         <path>C:\ti\ccs1110\ccs\tools\compiler\ti-cgt-arm_20.2.5.LTS\lib\</path>
         <kind>archive</kind>
         <file>rtsv7M4_T_le_eabi.lib</file>
         <name>copy_decompress_lzss.c.obj</name>
      </input_file>
      <input_file id="fl-fe">
         <path>C:\ti\ccs1110\ccs\tools\compiler\ti-cgt-arm_20.2.5.LTS\lib\</path>
         <kind>archive</kind>
         <file>rtsv7M4_T_le_eabi.lib</file>
         <name>exit.c.obj</name>
      </input_file>
      <input_file id="fl-ff">
         <path>C:\ti\ccs1110\ccs\tools\compiler\ti-cgt-arm_20.2.5.LTS\lib\</path>
         <kind>archive</kind>
         <file>rtsv7M4_T_le_eabi.lib</file>
         <name>_lock.c.obj</name>
      </input_file>
      <input_file id="fl-100">
         <path>C:\ti\ccs1110\ccs\tools\compiler\ti-cgt-arm_20.2.5.LTS\lib\</path>
         <kind>archive</kind>
         <file>rtsv7M4_T_le_eabi.lib</file>
         <name>_ltoa.c.obj</name>
      </input_file>
      <input_file id="fl-101">
         <path>C:\ti\ccs1110\ccs\tools\compiler\ti-cgt-arm_20.2.5.LTS\lib\</path>
         <kind>archive</kind>
         <file>rtsv7M4_T_le_eabi.lib</file>
         <name>atoi.c.obj</name>
      </input_file>
      <input_file id="fl-102">
         <path>C:\ti\ccs1110\ccs\tools\compiler\ti-cgt-arm_20.2.5.LTS\lib\</path>
         <kind>archive</kind>
         <file>rtsv7M4_T_le_eabi.lib</file>
         <name>ctype.c.obj</name>
      </input_file>
      <input_file id="fl-103">
         <path>C:\ti\ccs1110\ccs\tools\compiler\ti-cgt-arm_20.2.5.LTS\lib\</path>
         <kind>archive</kind>
         <file>rtsv7M4_T_le_eabi.lib</file>
         <name>defs.c.obj</name>
      </input_file>
      <input_file id="fl-104">
         <path>C:\ti\ccs1110\ccs\tools\compiler\ti-cgt-arm_20.2.5.LTS\lib\</path>
         <kind>archive</kind>
         <file>rtsv7M4_T_le_eabi.lib</file>
         <name>localtim.c.obj</name>
      </input_file>
      <input_file id="fl-105">
         <path>C:\ti\ccs1110\ccs\tools\compiler\ti-cgt-arm_20.2.5.LTS\lib\</path>
         <kind>archive</kind>
         <file>rtsv7M4_T_le_eabi.lib</file>
         <name>memccpy.c.obj</name>
      </input_file>
      <input_file id="fl-106">
         <path>C:\ti\ccs1110\ccs\tools\compiler\ti-cgt-arm_20.2.5.LTS\lib\</path>
         <kind>archive</kind>
         <file>rtsv7M4_T_le_eabi.lib</file>
         <name>memchr.c.obj</name>
      </input_file>
      <input_file id="fl-107">
         <path>C:\ti\ccs1110\ccs\tools\compiler\ti-cgt-arm_20.2.5.LTS\lib\</path>
         <kind>archive</kind>
         <file>rtsv7M4_T_le_eabi.lib</file>
         <name>memory.c.obj</name>
      </input_file>
      <input_file id="fl-108">
         <path>C:\ti\ccs1110\ccs\tools\compiler\ti-cgt-arm_20.2.5.LTS\lib\</path>
         <kind>archive</kind>
         <file>rtsv7M4_T_le_eabi.lib</file>
         <name>mktime.c.obj</name>
      </input_file>
      <input_file id="fl-109">
         <path>C:\ti\ccs1110\ccs\tools\compiler\ti-cgt-arm_20.2.5.LTS\lib\</path>
         <kind>archive</kind>
         <file>rtsv7M4_T_le_eabi.lib</file>
         <name>strchr.c.obj</name>
      </input_file>
      <input_file id="fl-10a">
         <path>C:\ti\ccs1110\ccs\tools\compiler\ti-cgt-arm_20.2.5.LTS\lib\</path>
         <kind>archive</kind>
         <file>rtsv7M4_T_le_eabi.lib</file>
         <name>strftime.c.obj</name>
      </input_file>
      <input_file id="fl-10b">
         <path>C:\ti\ccs1110\ccs\tools\compiler\ti-cgt-arm_20.2.5.LTS\lib\</path>
         <kind>archive</kind>
         <file>rtsv7M4_T_le_eabi.lib</file>
         <name>strlen.c.obj</name>
      </input_file>
      <input_file id="fl-10c">
         <path>C:\ti\ccs1110\ccs\tools\compiler\ti-cgt-arm_20.2.5.LTS\lib\</path>
         <kind>archive</kind>
         <file>rtsv7M4_T_le_eabi.lib</file>
         <name>tmzone.c.obj</name>
      </input_file>
      <input_file id="fl-10d">
         <path>C:\ti\ccs1110\ccs\tools\compiler\ti-cgt-arm_20.2.5.LTS\lib\</path>
         <kind>archive</kind>
         <file>rtsv7M4_T_le_eabi.lib</file>
         <name>errno.c.obj</name>
      </input_file>
      <input_file id="fl-10e">
         <path>C:\ti\ccs1110\ccs\tools\compiler\ti-cgt-arm_20.2.5.LTS\lib\</path>
         <kind>archive</kind>
         <file>rtsv7M4_T_le_eabi.lib</file>
         <name>boot_cortex_m.c.obj</name>
      </input_file>
      <input_file id="fl-10f">
         <path>C:\ti\ccs1110\ccs\tools\compiler\ti-cgt-arm_20.2.5.LTS\lib\</path>
         <kind>archive</kind>
         <file>rtsv7M4_T_le_eabi.lib</file>
         <name>write.c.obj</name>
      </input_file>
      <input_file id="fl-110">
         <path>C:\ti\ccs1110\ccs\tools\compiler\ti-cgt-arm_20.2.5.LTS\lib\</path>
         <kind>archive</kind>
         <file>rtsv7M4_T_le_eabi.lib</file>
         <name>host_device.c.obj</name>
      </input_file>
      <input_file id="fl-111">
         <path>C:\ti\ccs1110\ccs\tools\compiler\ti-cgt-arm_20.2.5.LTS\lib\</path>
         <kind>archive</kind>
         <file>rtsv7M4_T_le_eabi.lib</file>
         <name>time.c.obj</name>
      </input_file>
      <input_file id="fl-112">
         <path>C:\ti\ccs1110\ccs\tools\compiler\ti-cgt-arm_20.2.5.LTS\lib\</path>
         <kind>archive</kind>
         <file>rtsv7M4_T_le_eabi.lib</file>
         <name>remove.c.obj</name>
      </input_file>
      <input_file id="fl-113">
         <path>C:\ti\ccs1110\ccs\tools\compiler\ti-cgt-arm_20.2.5.LTS\lib\</path>
         <kind>archive</kind>
         <file>rtsv7M4_T_le_eabi.lib</file>
         <name>open.c.obj</name>
      </input_file>
      <input_file id="fl-114">
         <path>C:\ti\ccs1110\ccs\tools\compiler\ti-cgt-arm_20.2.5.LTS\lib\</path>
         <kind>archive</kind>
         <file>rtsv7M4_T_le_eabi.lib</file>
         <name>close.c.obj</name>
      </input_file>
      <input_file id="fl-115">
         <path>C:\ti\ccs1110\ccs\tools\compiler\ti-cgt-arm_20.2.5.LTS\lib\</path>
         <kind>archive</kind>
         <file>rtsv7M4_T_le_eabi.lib</file>
         <name>snprintf.c.obj</name>
      </input_file>
      <input_file id="fl-116">
         <path>C:\ti\ccs1110\ccs\tools\compiler\ti-cgt-arm_20.2.5.LTS\lib\</path>
         <kind>archive</kind>
         <file>rtsv7M4_T_le_eabi.lib</file>
         <name>fseek.c.obj</name>
      </input_file>
      <input_file id="fl-117">
         <path>C:\ti\ccs1110\ccs\tools\compiler\ti-cgt-arm_20.2.5.LTS\lib\</path>
         <kind>archive</kind>
         <file>rtsv7M4_T_le_eabi.lib</file>
         <name>getdevice.c.obj</name>
      </input_file>
      <input_file id="fl-118">
         <path>C:\ti\ccs1110\ccs\tools\compiler\ti-cgt-arm_20.2.5.LTS\lib\</path>
         <kind>archive</kind>
         <file>rtsv7M4_T_le_eabi.lib</file>
         <name>s_copysign.c.obj</name>
      </input_file>
      <input_file id="fl-119">
         <path>C:\ti\ccs1110\ccs\tools\compiler\ti-cgt-arm_20.2.5.LTS\lib\</path>
         <kind>archive</kind>
         <file>rtsv7M4_T_le_eabi.lib</file>
         <name>div0.asm.obj</name>
      </input_file>
      <input_file id="fl-11a">
         <path>C:\ti\ccs1110\ccs\tools\compiler\ti-cgt-arm_20.2.5.LTS\lib\</path>
         <kind>archive</kind>
         <file>rtsv7M4_T_le_eabi.lib</file>
         <name>u_divt2.asm.obj</name>
      </input_file>
      <input_file id="fl-11b">
         <path>C:\ti\ccs1110\ccs\tools\compiler\ti-cgt-arm_20.2.5.LTS\lib\</path>
         <kind>archive</kind>
         <file>rtsv7M4_T_le_eabi.lib</file>
         <name>ll_div_t2.asm.obj</name>
      </input_file>
      <input_file id="fl-11c">
         <path>C:\ti\ccs1110\ccs\tools\compiler\ti-cgt-arm_20.2.5.LTS\lib\</path>
         <kind>archive</kind>
         <file>rtsv7M4_T_le_eabi.lib</file>
         <name>autoinit.c.obj</name>
      </input_file>
      <input_file id="fl-11d">
         <path>C:\ti\ccs1110\ccs\tools\compiler\ti-cgt-arm_20.2.5.LTS\lib\</path>
         <kind>archive</kind>
         <file>rtsv7M4_T_le_eabi.lib</file>
         <name>pre_init.c.obj</name>
      </input_file>
      <input_file id="fl-11e">
         <path>C:\ti\ccs1110\ccs\tools\compiler\ti-cgt-arm_20.2.5.LTS\lib\</path>
         <kind>archive</kind>
         <file>rtsv7M4_T_le_eabi.lib</file>
         <name>cpy_tbl.c.obj</name>
      </input_file>
      <input_file id="fl-11f">
         <path>C:\ti\ccs1110\ccs\tools\compiler\ti-cgt-arm_20.2.5.LTS\lib\</path>
         <kind>archive</kind>
         <file>rtsv7M4_T_le_eabi.lib</file>
         <name>args_main.c.obj</name>
      </input_file>
      <input_file id="fl-120">
         <path>C:\ti\ccs1110\ccs\tools\compiler\ti-cgt-arm_20.2.5.LTS\lib\</path>
         <kind>archive</kind>
         <file>rtsv7M4_T_le_eabi.lib</file>
         <name>strcmp.c.obj</name>
      </input_file>
      <input_file id="fl-121">
         <path>C:\ti\ccs1110\ccs\tools\compiler\ti-cgt-arm_20.2.5.LTS\lib\</path>
         <kind>archive</kind>
         <file>rtsv7M4_T_le_eabi.lib</file>
         <name>strcpy.c.obj</name>
      </input_file>
      <input_file id="fl-122">
         <path>C:\ti\ccs1110\ccs\tools\compiler\ti-cgt-arm_20.2.5.LTS\lib\</path>
         <kind>archive</kind>
         <file>rtsv7M4_T_le_eabi.lib</file>
         <name>strncpy.c.obj</name>
      </input_file>
      <input_file id="fl-123">
         <path>C:\ti\ccs1110\ccs\tools\compiler\ti-cgt-arm_20.2.5.LTS\lib\</path>
         <kind>archive</kind>
         <file>rtsv7M4_T_le_eabi.lib</file>
         <name>unlink.c.obj</name>
      </input_file>
      <input_file id="fl-124">
         <path>C:\ti\ccs1110\ccs\tools\compiler\ti-cgt-arm_20.2.5.LTS\lib\</path>
         <kind>archive</kind>
         <file>rtsv7M4_T_le_eabi.lib</file>
         <name>hostclose.c.obj</name>
      </input_file>
      <input_file id="fl-125">
         <path>C:\ti\ccs1110\ccs\tools\compiler\ti-cgt-arm_20.2.5.LTS\lib\</path>
         <kind>archive</kind>
         <file>rtsv7M4_T_le_eabi.lib</file>
         <name>hostlseek.c.obj</name>
      </input_file>
      <input_file id="fl-126">
         <path>C:\ti\ccs1110\ccs\tools\compiler\ti-cgt-arm_20.2.5.LTS\lib\</path>
         <kind>archive</kind>
         <file>rtsv7M4_T_le_eabi.lib</file>
         <name>hostopen.c.obj</name>
      </input_file>
      <input_file id="fl-127">
         <path>C:\ti\ccs1110\ccs\tools\compiler\ti-cgt-arm_20.2.5.LTS\lib\</path>
         <kind>archive</kind>
         <file>rtsv7M4_T_le_eabi.lib</file>
         <name>hostread.c.obj</name>
      </input_file>
      <input_file id="fl-128">
         <path>C:\ti\ccs1110\ccs\tools\compiler\ti-cgt-arm_20.2.5.LTS\lib\</path>
         <kind>archive</kind>
         <file>rtsv7M4_T_le_eabi.lib</file>
         <name>hostrename.c.obj</name>
      </input_file>
      <input_file id="fl-129">
         <path>C:\ti\ccs1110\ccs\tools\compiler\ti-cgt-arm_20.2.5.LTS\lib\</path>
         <kind>archive</kind>
         <file>rtsv7M4_T_le_eabi.lib</file>
         <name>hosttime.c.obj</name>
      </input_file>
      <input_file id="fl-12a">
         <path>C:\ti\ccs1110\ccs\tools\compiler\ti-cgt-arm_20.2.5.LTS\lib\</path>
         <kind>archive</kind>
         <file>rtsv7M4_T_le_eabi.lib</file>
         <name>hostunlink.c.obj</name>
      </input_file>
      <input_file id="fl-12b">
         <path>C:\ti\ccs1110\ccs\tools\compiler\ti-cgt-arm_20.2.5.LTS\lib\</path>
         <kind>archive</kind>
         <file>rtsv7M4_T_le_eabi.lib</file>
         <name>hostwrite.c.obj</name>
      </input_file>
      <input_file id="fl-12c">
         <path>C:\ti\ccs1110\ccs\tools\compiler\ti-cgt-arm_20.2.5.LTS\lib\</path>
         <kind>archive</kind>
         <file>rtsv7M4_T_le_eabi.lib</file>
         <name>trgmsg.c.obj</name>
      </input_file>
      <input_file id="fl-12d">
         <path>C:\ti\ccs1110\ccs\tools\compiler\ti-cgt-arm_20.2.5.LTS\lib\</path>
         <kind>archive</kind>
         <file>rtsv7M4_T_le_eabi.lib</file>
         <name>lseek.c.obj</name>
      </input_file>
   </input_file_list>
   <object_component_list>
      <object_component id="oc-51b">
         <name>.text:__TI_printfi</name>
         <load_address>0x2000c040</load_address>
         <run_address>0x2000c040</run_address>
         <size>0xa4e</size>
         <input_file_ref idref="fl-e0"/>
      </object_component>
      <object_component id="oc-1f6">
         <name>.text:Board_initHook</name>
         <load_address>0x2000ca8e</load_address>
         <run_address>0x2000ca8e</run_address>
         <size>0x2</size>
         <input_file_ref idref="fl-2"/>
      </object_component>
      <object_component id="oc-373">
         <name>.text:strftime</name>
         <load_address>0x2000ca90</load_address>
         <run_address>0x2000ca90</run_address>
         <size>0x464</size>
         <input_file_ref idref="fl-10a"/>
      </object_component>
      <object_component id="oc-1ea">
         <name>.text:PRCMCC3200MCUInit</name>
         <load_address>0x2000cef4</load_address>
         <run_address>0x2000cef4</run_address>
         <size>0x42c</size>
         <input_file_ref idref="fl-24"/>
      </object_component>
      <object_component id="oc-565">
         <name>.text:__mktime32</name>
         <load_address>0x2000d320</load_address>
         <run_address>0x2000d320</run_address>
         <size>0x2a0</size>
         <input_file_ref idref="fl-108"/>
      </object_component>
      <object_component id="oc-766">
         <name>.text:_pconv_a</name>
         <load_address>0x2000d5c0</load_address>
         <run_address>0x2000d5c0</run_address>
         <size>0x268</size>
         <input_file_ref idref="fl-e0"/>
      </object_component>
      <object_component id="oc-2c6">
         <name>.text:GPIO_setConfig</name>
         <load_address>0x2000d828</load_address>
         <run_address>0x2000d828</run_address>
         <size>0x1e4</size>
         <input_file_ref idref="fl-10"/>
      </object_component>
      <object_component id="oc-754">
         <name>.text:_pconv_g</name>
         <load_address>0x2000da0c</load_address>
         <run_address>0x2000da0c</run_address>
         <size>0x1cc</size>
         <input_file_ref idref="fl-e0"/>
      </object_component>
      <object_component id="oc-958">
         <name>.text</name>
         <load_address>0x2000dbd8</load_address>
         <run_address>0x2000dbd8</run_address>
         <size>0x1b6</size>
         <input_file_ref idref="fl-eb"/>
      </object_component>
      <object_component id="oc-2f2">
         <name>.text:I2C_init</name>
         <load_address>0x2000dd8e</load_address>
         <run_address>0x2000dd8e</run_address>
         <size>0x2</size>
         <input_file_ref idref="fl-e"/>
      </object_component>
      <object_component id="oc-3fc">
         <name>.text:PowerCC32XX_sleepPolicy</name>
         <load_address>0x2000dd90</load_address>
         <run_address>0x2000dd90</run_address>
         <size>0x19c</size>
         <input_file_ref idref="fl-1c"/>
      </object_component>
      <object_component id="oc-21c">
         <name>.text:dataDump</name>
         <load_address>0x2000df2c</load_address>
         <run_address>0x2000df2c</run_address>
         <size>0x150</size>
         <input_file_ref idref="fl-4"/>
      </object_component>
      <object_component id="oc-4d5">
         <name>.text:I2CCC32XX_hwiFxn</name>
         <load_address>0x2000e07c</load_address>
         <run_address>0x2000e07c</run_address>
         <size>0x148</size>
         <input_file_ref idref="fl-11"/>
      </object_component>
      <object_component id="oc-884">
         <name>.text:parkPins</name>
         <load_address>0x2000e1c4</load_address>
         <run_address>0x2000e1c4</run_address>
         <size>0x148</size>
         <input_file_ref idref="fl-12"/>
      </object_component>
      <object_component id="oc-760">
         <name>.text:_pconv_e</name>
         <load_address>0x2000e30c</load_address>
         <run_address>0x2000e30c</run_address>
         <size>0x13c</size>
         <input_file_ref idref="fl-e0"/>
      </object_component>
      <object_component id="oc-612">
         <name>.text:Power_sleep</name>
         <load_address>0x2000e448</load_address>
         <run_address>0x2000e448</run_address>
         <size>0x138</size>
         <input_file_ref idref="fl-12"/>
      </object_component>
      <object_component id="oc-317">
         <name>.text:Timer_open</name>
         <load_address>0x2000e580</load_address>
         <run_address>0x2000e580</run_address>
         <size>0x138</size>
         <input_file_ref idref="fl-14"/>
      </object_component>
      <object_component id="oc-93e">
         <name>.text</name>
         <load_address>0x2000e6b8</load_address>
         <run_address>0x2000e6b8</run_address>
         <size>0x136</size>
         <input_file_ref idref="fl-ed"/>
      </object_component>
      <object_component id="oc-3f6">
         <name>.text:PowerCC32XX_initPolicy</name>
         <load_address>0x2000e7ee</load_address>
         <run_address>0x2000e7ee</run_address>
         <size>0x2</size>
         <input_file_ref idref="fl-1c"/>
      </object_component>
      <object_component id="oc-36d">
         <name>.text:__localtime32</name>
         <load_address>0x2000e7f0</load_address>
         <run_address>0x2000e7f0</run_address>
         <size>0x134</size>
         <input_file_ref idref="fl-104"/>
      </object_component>
      <object_component id="oc-350">
         <name>.text:TickFct_SetPointCompare</name>
         <load_address>0x2000e924</load_address>
         <run_address>0x2000e924</run_address>
         <size>0x128</size>
         <input_file_ref idref="fl-4"/>
      </object_component>
      <object_component id="oc-5bc">
         <name>.text:I2C_transferTimeout</name>
         <load_address>0x2000ea4c</load_address>
         <run_address>0x2000ea4c</run_address>
         <size>0x122</size>
         <input_file_ref idref="fl-e"/>
      </object_component>
      <object_component id="oc-710">
         <name>.text:SemaphoreP_destruct</name>
         <load_address>0x2000eb6e</load_address>
         <run_address>0x2000eb6e</run_address>
         <size>0x2</size>
         <input_file_ref idref="fl-19"/>
      </object_component>
      <object_component id="oc-96a">
         <name>.text:fcvt</name>
         <load_address>0x2000eb70</load_address>
         <run_address>0x2000eb70</run_address>
         <size>0x120</size>
         <input_file_ref idref="fl-e0"/>
      </object_component>
      <object_component id="oc-78e">
         <name>.text:fputs</name>
         <load_address>0x2000ec90</load_address>
         <run_address>0x2000ec90</run_address>
         <size>0x114</size>
         <input_file_ref idref="fl-e5"/>
      </object_component>
      <object_component id="oc-595">
         <name>.text:_openfile</name>
         <load_address>0x2000eda4</load_address>
         <run_address>0x2000eda4</run_address>
         <size>0x110</size>
         <input_file_ref idref="fl-e3"/>
      </object_component>
      <object_component id="oc-8c8">
         <name>.text:aligned_alloc</name>
         <load_address>0x2000eeb4</load_address>
         <run_address>0x2000eeb4</run_address>
         <size>0x100</size>
         <input_file_ref idref="fl-107"/>
      </object_component>
      <object_component id="oc-2fe">
         <name>.text:I2C_open</name>
         <load_address>0x2000efb4</load_address>
         <run_address>0x2000efb4</run_address>
         <size>0xfc</size>
         <input_file_ref idref="fl-11"/>
      </object_component>
      <object_component id="oc-939">
         <name>.text</name>
         <load_address>0x2000f0b0</load_address>
         <run_address>0x2000f0b0</run_address>
         <size>0xfc</size>
         <input_file_ref idref="fl-ee"/>
      </object_component>
      <object_component id="oc-544">
         <name>.text</name>
         <load_address>0x2000f1ac</load_address>
         <run_address>0x2000f1ac</run_address>
         <size>0xfa</size>
         <input_file_ref idref="fl-f0"/>
      </object_component>
      <object_component id="oc-30b">
         <name>.text:Timer_init</name>
         <load_address>0x2000f2a6</load_address>
         <run_address>0x2000f2a6</run_address>
         <size>0x2</size>
         <input_file_ref idref="fl-f"/>
      </object_component>
      <object_component id="oc-228">
         <name>.text:readTemp</name>
         <load_address>0x2000f2a8</load_address>
         <run_address>0x2000f2a8</run_address>
         <size>0xf8</size>
         <input_file_ref idref="fl-4"/>
      </object_component>
      <object_component id="oc-418">
         <name>.text:free</name>
         <load_address>0x2000f3a0</load_address>
         <run_address>0x2000f3a0</run_address>
         <size>0xe4</size>
         <input_file_ref idref="fl-107"/>
      </object_component>
      <object_component id="oc-ab3">
         <name>.text:setvbuf</name>
         <load_address>0x2000f484</load_address>
         <run_address>0x2000f484</run_address>
         <size>0xdc</size>
         <input_file_ref idref="fl-e7"/>
      </object_component>
      <object_component id="oc-97e">
         <name>.text:scalbn</name>
         <load_address>0x2000f560</load_address>
         <run_address>0x2000f560</run_address>
         <size>0xd0</size>
         <input_file_ref idref="fl-e9"/>
      </object_component>
      <object_component id="oc-216">
         <name>.text:fillTasks</name>
         <load_address>0x2000f630</load_address>
         <run_address>0x2000f630</run_address>
         <size>0xc8</size>
         <input_file_ref idref="fl-4"/>
      </object_component>
      <object_component id="oc-1fe">
         <name>.text:GPIO_init</name>
         <load_address>0x2000f6f8</load_address>
         <run_address>0x2000f6f8</run_address>
         <size>0xc4</size>
         <input_file_ref idref="fl-10"/>
      </object_component>
      <object_component id="oc-8a1">
         <name>.text:restoreParkedPins</name>
         <load_address>0x2000f7bc</load_address>
         <run_address>0x2000f7bc</run_address>
         <size>0xc0</size>
         <input_file_ref idref="fl-12"/>
      </object_component>
      <object_component id="oc-811">
         <name>.text:open</name>
         <load_address>0x2000f87c</load_address>
         <run_address>0x2000f87c</run_address>
         <size>0xbc</size>
         <input_file_ref idref="fl-113"/>
      </object_component>
      <object_component id="oc-6e0">
         <name>.text:I2CCC32XX_completeTransfer</name>
         <load_address>0x2000f938</load_address>
         <run_address>0x2000f938</run_address>
         <size>0xb2</size>
         <input_file_ref idref="fl-11"/>
      </object_component>
      <object_component id="oc-3c3">
         <name>.text:_nop</name>
         <load_address>0x2000f9ea</load_address>
         <run_address>0x2000f9ea</run_address>
         <size>0x2</size>
         <input_file_ref idref="fl-ff"/>
      </object_component>
      <object_component id="oc-749">
         <name>.text:_ltostr</name>
         <load_address>0x2000f9ec</load_address>
         <run_address>0x2000f9ec</run_address>
         <size>0xb1</size>
         <input_file_ref idref="fl-e0"/>
      </object_component>
      <object_component id="oc-6ce">
         <name>.text:I2CCC32XX_primeWriteBurst</name>
         <load_address>0x2000fa9e</load_address>
         <run_address>0x2000fa9e</run_address>
         <size>0xa8</size>
         <input_file_ref idref="fl-11"/>
      </object_component>
      <object_component id="oc-73">
         <name>.text:busFaultHandler</name>
         <load_address>0x2000fb46</load_address>
         <run_address>0x2000fb46</run_address>
         <size>0x2</size>
         <input_file_ref idref="fl-1d"/>
      </object_component>
      <object_component id="oc-b5">
         <name>.text:IntEnable</name>
         <load_address>0x2000fb48</load_address>
         <run_address>0x2000fb48</run_address>
         <size>0xa8</size>
         <input_file_ref idref="fl-22"/>
      </object_component>
      <object_component id="oc-29a">
         <name>.text:PowerCC32XX_configureWakeup</name>
         <load_address>0x2000fbf0</load_address>
         <run_address>0x2000fbf0</run_address>
         <size>0xa8</size>
         <input_file_ref idref="fl-12"/>
      </object_component>
      <object_component id="oc-2c0">
         <name>.text:SemaphoreP_pend</name>
         <load_address>0x2000fc98</load_address>
         <run_address>0x2000fc98</run_address>
         <size>0xa0</size>
         <input_file_ref idref="fl-19"/>
      </object_component>
      <object_component id="oc-4c0">
         <name>.text:I2CCC32XX_initHw</name>
         <load_address>0x2000fd38</load_address>
         <run_address>0x2000fd38</run_address>
         <size>0x9c</size>
         <input_file_ref idref="fl-11"/>
      </object_component>
      <object_component id="oc-379">
         <name>.text:fopen</name>
         <load_address>0x2000fdd4</load_address>
         <run_address>0x2000fdd4</run_address>
         <size>0x9c</size>
         <input_file_ref idref="fl-e3"/>
      </object_component>
      <object_component id="oc-20a">
         <name>.text:initTimer</name>
         <load_address>0x2000fe70</load_address>
         <run_address>0x2000fe70</run_address>
         <size>0x9c</size>
         <input_file_ref idref="fl-4"/>
      </object_component>
      <object_component id="oc-3b">
         <name>.text</name>
         <load_address>0x2000ff0c</load_address>
         <run_address>0x2000ff0c</run_address>
         <size>0x9c</size>
         <input_file_ref idref="fl-f8"/>
      </object_component>
      <object_component id="oc-2e8">
         <name>.text:powerNotifyFxn</name>
         <load_address>0x2000ffa8</load_address>
         <run_address>0x2000ffa8</run_address>
         <size>0x98</size>
         <input_file_ref idref="fl-10"/>
      </object_component>
      <object_component id="oc-60d">
         <name>.text</name>
         <load_address>0x20010040</load_address>
         <run_address>0x20010040</run_address>
         <size>0x96</size>
         <input_file_ref idref="fl-f9"/>
      </object_component>
      <object_component id="oc-43d">
         <name>.text:clkFxn</name>
         <load_address>0x200100d6</load_address>
         <run_address>0x200100d6</run_address>
         <size>0x2</size>
         <input_file_ref idref="fl-19"/>
      </object_component>
      <object_component id="oc-222">
         <name>.text:getTime</name>
         <load_address>0x200100d8</load_address>
         <run_address>0x200100d8</run_address>
         <size>0x94</size>
         <input_file_ref idref="fl-4"/>
      </object_component>
      <object_component id="oc-35d">
         <name>.text</name>
         <load_address>0x2001016c</load_address>
         <run_address>0x2001016c</run_address>
         <size>0x92</size>
         <input_file_ref idref="fl-f1"/>
      </object_component>
      <object_component id="oc-6d">
         <name>.text:defaultHandler</name>
         <load_address>0x200101fe</load_address>
         <run_address>0x200101fe</run_address>
         <size>0x2</size>
         <input_file_ref idref="fl-1d"/>
      </object_component>
      <object_component id="oc-895">
         <name>.text:restoreNVICRegs</name>
         <load_address>0x20010200</load_address>
         <run_address>0x20010200</run_address>
         <size>0x90</size>
         <input_file_ref idref="fl-12"/>
      </object_component>
      <object_component id="oc-4b4">
         <name>.text:HwiP_construct</name>
         <load_address>0x20010290</load_address>
         <run_address>0x20010290</run_address>
         <size>0x8c</size>
         <input_file_ref idref="fl-1b"/>
      </object_component>
      <object_component id="oc-795">
         <name>.text:fputc</name>
         <load_address>0x2001031c</load_address>
         <run_address>0x2001031c</run_address>
         <size>0x8c</size>
         <input_file_ref idref="fl-e4"/>
      </object_component>
      <object_component id="oc-204">
         <name>.text:initI2C</name>
         <load_address>0x200103a8</load_address>
         <run_address>0x200103a8</run_address>
         <size>0x8c</size>
         <input_file_ref idref="fl-4"/>
      </object_component>
      <object_component id="oc-329">
         <name>.text:timerCallback</name>
         <load_address>0x20010434</load_address>
         <run_address>0x20010434</run_address>
         <size>0x8c</size>
         <input_file_ref idref="fl-4"/>
      </object_component>
      <object_component id="oc-a5a">
         <name>.text:IntPendSet</name>
         <load_address>0x200104c0</load_address>
         <run_address>0x200104c0</run_address>
         <size>0x88</size>
         <input_file_ref idref="fl-22"/>
      </object_component>
      <object_component id="oc-447">
         <name>.text:PinConfigSet</name>
         <load_address>0x20010548</load_address>
         <run_address>0x20010548</run_address>
         <size>0x88</size>
         <input_file_ref idref="fl-23"/>
      </object_component>
      <object_component id="oc-74f">
         <name>.text:__aeabi_cdcmple</name>
         <load_address>0x200105d0</load_address>
         <run_address>0x200105d0</run_address>
         <size>0x86</size>
         <input_file_ref idref="fl-ec"/>
      </object_component>
      <object_component id="oc-943">
         <name>.text:__aeabi_cdrcmple</name>
         <load_address>0x20010656</load_address>
         <run_address>0x20010656</run_address>
         <size>0x86</size>
         <input_file_ref idref="fl-ec"/>
      </object_component>
      <object_component id="oc-1f0">
         <name>.text:Power_init</name>
         <load_address>0x200106dc</load_address>
         <run_address>0x200106dc</run_address>
         <size>0x84</size>
         <input_file_ref idref="fl-12"/>
      </object_component>
      <object_component id="oc-88a">
         <name>.text:saveNVICRegs</name>
         <load_address>0x20010760</load_address>
         <run_address>0x20010760</run_address>
         <size>0x84</size>
         <input_file_ref idref="fl-12"/>
      </object_component>
      <object_component id="oc-44d">
         <name>.text:Power_setDependency</name>
         <load_address>0x200107e4</load_address>
         <run_address>0x200107e4</run_address>
         <size>0x80</size>
         <input_file_ref idref="fl-12"/>
      </object_component>
      <object_component id="oc-6c8">
         <name>.text:I2CCC32XX_primeReadBurst</name>
         <load_address>0x20010864</load_address>
         <run_address>0x20010864</run_address>
         <size>0x7a</size>
         <input_file_ref idref="fl-11"/>
      </object_component>
      <object_component id="oc-3a8">
         <name>.text</name>
         <load_address>0x200108de</load_address>
         <run_address>0x200108de</run_address>
         <size>0x7a</size>
         <input_file_ref idref="fl-f2"/>
      </object_component>
      <object_component id="oc-9d">
         <name>.text</name>
         <load_address>0x20010958</load_address>
         <run_address>0x20010958</run_address>
         <size>0x7a</size>
         <input_file_ref idref="fl-fa"/>
      </object_component>
      <object_component id="oc-67">
         <name>.text:faultISR</name>
         <load_address>0x200109d2</load_address>
         <run_address>0x200109d2</run_address>
         <size>0x2</size>
         <input_file_ref idref="fl-1d"/>
      </object_component>
      <object_component id="oc-471">
         <name>.text:GPIO_hwiIntFxn</name>
         <load_address>0x200109d4</load_address>
         <run_address>0x200109d4</run_address>
         <size>0x78</size>
         <input_file_ref idref="fl-10"/>
      </object_component>
      <object_component id="oc-5af">
         <name>.text:__TI_closefile</name>
         <load_address>0x20010a4c</load_address>
         <run_address>0x20010a4c</run_address>
         <size>0x74</size>
         <input_file_ref idref="fl-e1"/>
      </object_component>
      <object_component id="oc-a64">
         <name>.text:split</name>
         <load_address>0x20010ac0</load_address>
         <run_address>0x20010ac0</run_address>
         <size>0x70</size>
         <input_file_ref idref="fl-107"/>
      </object_component>
      <object_component id="oc-963">
         <name>.text:_mcpy</name>
         <load_address>0x20010b30</load_address>
         <run_address>0x20010b30</run_address>
         <size>0x6e</size>
         <input_file_ref idref="fl-e0"/>
      </object_component>
      <object_component id="oc-7da">
         <name>.text</name>
         <load_address>0x20010b9e</load_address>
         <run_address>0x20010b9e</run_address>
         <size>0x6e</size>
         <input_file_ref idref="fl-11b"/>
      </object_component>
      <object_component id="oc-b5a">
         <name>.text:HOSTrename</name>
         <load_address>0x20010c0c</load_address>
         <run_address>0x20010c0c</run_address>
         <size>0x6c</size>
         <input_file_ref idref="fl-128"/>
      </object_component>
      <object_component id="oc-84d">
         <name>.text:I2CSupport_primeTransfer</name>
         <load_address>0x20010c78</load_address>
         <run_address>0x20010c78</run_address>
         <size>0x6a</size>
         <input_file_ref idref="fl-11"/>
      </object_component>
      <object_component id="oc-61">
         <name>.text:nmiISR</name>
         <load_address>0x20010ce2</load_address>
         <run_address>0x20010ce2</run_address>
         <size>0x2</size>
         <input_file_ref idref="fl-1d"/>
      </object_component>
      <object_component id="oc-b4e">
         <name>.text:HOSTlseek</name>
         <load_address>0x20010ce4</load_address>
         <run_address>0x20010ce4</run_address>
         <size>0x68</size>
         <input_file_ref idref="fl-125"/>
      </object_component>
      <object_component id="oc-14">
         <name>.text:decompress:lzss:__TI_decompress_lzss</name>
         <load_address>0x20010d4c</load_address>
         <run_address>0x20010d4c</run_address>
         <size>0x68</size>
         <input_file_ref idref="fl-fd"/>
      </object_component>
      <object_component id="oc-15f">
         <name>.text:mainThread</name>
         <load_address>0x20010db4</load_address>
         <run_address>0x20010db4</run_address>
         <size>0x68</size>
         <input_file_ref idref="fl-4"/>
      </object_component>
      <object_component id="oc-31d">
         <name>.text:printf</name>
         <load_address>0x20010e1c</load_address>
         <run_address>0x20010e1c</run_address>
         <size>0x68</size>
         <input_file_ref idref="fl-de"/>
      </object_component>
      <object_component id="oc-4a0">
         <name>.text:PowerCC32XX_setParkState</name>
         <load_address>0x20010e84</load_address>
         <run_address>0x20010e84</run_address>
         <size>0x64</size>
         <input_file_ref idref="fl-12"/>
      </object_component>
      <object_component id="oc-37f">
         <name>.text:fprintf</name>
         <load_address>0x20010ee8</load_address>
         <run_address>0x20010ee8</run_address>
         <size>0x64</size>
         <input_file_ref idref="fl-df"/>
      </object_component>
      <object_component id="oc-aad">
         <name>.text:fseek</name>
         <load_address>0x20010f4c</load_address>
         <run_address>0x20010f4c</run_address>
         <size>0x64</size>
         <input_file_ref idref="fl-116"/>
      </object_component>
      <object_component id="oc-9a7">
         <name>.text:__TI_wrt_ok</name>
         <load_address>0x20010fb0</load_address>
         <run_address>0x20010fb0</run_address>
         <size>0x62</size>
         <input_file_ref idref="fl-e6"/>
      </object_component>
      <object_component id="oc-7d4">
         <name>.text</name>
         <load_address>0x20011012</load_address>
         <run_address>0x20011012</run_address>
         <size>0x2</size>
         <input_file_ref idref="fl-119"/>
      </object_component>
      <object_component id="oc-b36">
         <name>.text:HOSTopen</name>
         <load_address>0x20011014</load_address>
         <run_address>0x20011014</run_address>
         <size>0x60</size>
         <input_file_ref idref="fl-126"/>
      </object_component>
      <object_component id="oc-268">
         <name>.text:PRCMSysResetCauseGet</name>
         <load_address>0x20011074</load_address>
         <run_address>0x20011074</run_address>
         <size>0x60</size>
         <input_file_ref idref="fl-24"/>
      </object_component>
      <object_component id="oc-2cc">
         <name>.text:GPIO_setCallback</name>
         <load_address>0x200110d4</load_address>
         <run_address>0x200110d4</run_address>
         <size>0x5c</size>
         <input_file_ref idref="fl-10"/>
      </object_component>
      <object_component id="oc-82c">
         <name>.text:close</name>
         <load_address>0x20011130</load_address>
         <run_address>0x20011130</run_address>
         <size>0x5c</size>
         <input_file_ref idref="fl-114"/>
      </object_component>
      <object_component id="oc-978">
         <name>.text:frexp</name>
         <load_address>0x2001118c</load_address>
         <run_address>0x2001118c</run_address>
         <size>0x5c</size>
         <input_file_ref idref="fl-e8"/>
      </object_component>
      <object_component id="oc-a1b">
         <name>.text:sysTickInit</name>
         <load_address>0x200111e8</load_address>
         <run_address>0x200111e8</run_address>
         <size>0x5c</size>
         <input_file_ref idref="fl-1a"/>
      </object_component>
      <object_component id="oc-b42">
         <name>.text:HOSTread</name>
         <load_address>0x20011244</load_address>
         <run_address>0x20011244</run_address>
         <size>0x58</size>
         <input_file_ref idref="fl-127"/>
      </object_component>
      <object_component id="oc-b48">
         <name>.text:HOSTwrite</name>
         <load_address>0x2001129c</load_address>
         <run_address>0x2001129c</run_address>
         <size>0x58</size>
         <input_file_ref idref="fl-12b"/>
      </object_component>
      <object_component id="oc-281">
         <name>.text:PRCMPeripheralReset</name>
         <load_address>0x200112f4</load_address>
         <run_address>0x200112f4</run_address>
         <size>0x58</size>
         <input_file_ref idref="fl-24"/>
      </object_component>
      <object_component id="oc-929">
         <name>.text:Power_releaseDependency</name>
         <load_address>0x2001134c</load_address>
         <run_address>0x2001134c</run_address>
         <size>0x58</size>
         <input_file_ref idref="fl-12"/>
      </object_component>
      <object_component id="oc-75a">
         <name>.text:_pconv_f</name>
         <load_address>0x200113a4</load_address>
         <run_address>0x200113a4</run_address>
         <size>0x56</size>
         <input_file_ref idref="fl-e0"/>
      </object_component>
      <object_component id="oc-94d">
         <name>.text:__TI_ltoa</name>
         <load_address>0x200113fa</load_address>
         <run_address>0x200113fa</run_address>
         <size>0x54</size>
         <input_file_ref idref="fl-100"/>
      </object_component>
      <object_component id="oc-a37">
         <name>.text:PowerCC32XX_resumeLPDS</name>
         <load_address>0x2001144e</load_address>
         <run_address>0x2001144e</run_address>
         <size>0x52</size>
         <input_file_ref idref="fl-13"/>
      </object_component>
      <object_component id="oc-95d">
         <name>.text:_ecpy</name>
         <load_address>0x200114a0</load_address>
         <run_address>0x200114a0</run_address>
         <size>0x52</size>
         <input_file_ref idref="fl-e0"/>
      </object_component>
      <object_component id="oc-501">
         <name>.text:initHw</name>
         <load_address>0x200114f2</load_address>
         <run_address>0x200114f2</run_address>
         <size>0x52</size>
         <input_file_ref idref="fl-14"/>
      </object_component>
      <object_component id="oc-79">
         <name>.text:ClockP_sysTickHandler</name>
         <load_address>0x20011544</load_address>
         <run_address>0x20011544</run_address>
         <size>0x50</size>
         <input_file_ref idref="fl-1a"/>
      </object_component>
      <object_component id="oc-639">
         <name>.text:SemaphoreP_construct</name>
         <load_address>0x20011594</load_address>
         <run_address>0x20011594</run_address>
         <size>0x50</size>
         <input_file_ref idref="fl-19"/>
      </object_component>
      <object_component id="oc-4e9">
         <name>.text:TimerCC32XX_allocateTimerResource</name>
         <load_address>0x200115e4</load_address>
         <run_address>0x200115e4</run_address>
         <size>0x50</size>
         <input_file_ref idref="fl-14"/>
      </object_component>
      <object_component id="oc-331">
         <name>.text:GPIO_enableInt</name>
         <load_address>0x20011634</load_address>
         <run_address>0x20011634</run_address>
         <size>0x4c</size>
         <input_file_ref idref="fl-10"/>
      </object_component>
      <object_component id="oc-6bc">
         <name>.text:I2CCC32XX_readRecieveFifo</name>
         <load_address>0x20011680</load_address>
         <run_address>0x20011680</run_address>
         <size>0x4c</size>
         <input_file_ref idref="fl-11"/>
      </object_component>
      <object_component id="oc-a2e">
         <name>.text:PowerCC32XX_parkPin</name>
         <load_address>0x200116cc</load_address>
         <run_address>0x200116cc</run_address>
         <size>0x4c</size>
         <input_file_ref idref="fl-12"/>
      </object_component>
      <object_component id="oc-826">
         <name>.text:__TI_doflush</name>
         <load_address>0x20011718</load_address>
         <run_address>0x20011718</run_address>
         <size>0x4c</size>
         <input_file_ref idref="fl-e2"/>
      </object_component>
      <object_component id="oc-391">
         <name>.text:atoi</name>
         <load_address>0x20011764</load_address>
         <run_address>0x20011764</run_address>
         <size>0x4c</size>
         <input_file_ref idref="fl-101"/>
      </object_component>
      <object_component id="oc-89b">
         <name>.text:restorePeriphClocks</name>
         <load_address>0x200117b0</load_address>
         <run_address>0x200117b0</run_address>
         <size>0x4c</size>
         <input_file_ref idref="fl-12"/>
      </object_component>
      <object_component id="oc-578">
         <name>.text:snprintf</name>
         <load_address>0x200117fc</load_address>
         <run_address>0x200117fc</run_address>
         <size>0x4c</size>
         <input_file_ref idref="fl-115"/>
      </object_component>
      <object_component id="oc-a52">
         <name>.text:FlashDisable</name>
         <load_address>0x20011848</load_address>
         <run_address>0x20011848</run_address>
         <size>0x48</size>
         <input_file_ref idref="fl-28"/>
      </object_component>
      <object_component id="oc-553">
         <name>.text:HOSTtime</name>
         <load_address>0x20011890</load_address>
         <run_address>0x20011890</run_address>
         <size>0x48</size>
         <input_file_ref idref="fl-129"/>
      </object_component>
      <object_component id="oc-8a7">
         <name>.text:PRCMLPDSEnter</name>
         <load_address>0x200118d8</load_address>
         <run_address>0x200118d8</run_address>
         <size>0x48</size>
         <input_file_ref idref="fl-24"/>
      </object_component>
      <object_component id="oc-27b">
         <name>.text:PRCMPeripheralClkEnable</name>
         <load_address>0x20011920</load_address>
         <run_address>0x20011920</run_address>
         <size>0x48</size>
         <input_file_ref idref="fl-24"/>
      </object_component>
      <object_component id="oc-905">
         <name>.text:Power_releaseConstraint</name>
         <load_address>0x20011968</load_address>
         <run_address>0x20011968</run_address>
         <size>0x48</size>
         <input_file_ref idref="fl-12"/>
      </object_component>
      <object_component id="oc-16c">
         <name>.text:exit</name>
         <load_address>0x200119b0</load_address>
         <run_address>0x200119b0</run_address>
         <size>0x48</size>
         <input_file_ref idref="fl-fe"/>
      </object_component>
      <object_component id="oc-948">
         <name>.text</name>
         <load_address>0x200119f8</load_address>
         <run_address>0x200119f8</run_address>
         <size>0x48</size>
         <input_file_ref idref="fl-ef"/>
      </object_component>
      <object_component id="oc-4fb">
         <name>.text:getPrescaler</name>
         <load_address>0x20011a40</load_address>
         <run_address>0x20011a40</run_address>
         <size>0x46</size>
         <input_file_ref idref="fl-14"/>
      </object_component>
      <object_component id="oc-661">
         <name>.text:ClockP_stop</name>
         <load_address>0x20011a88</load_address>
         <run_address>0x20011a88</run_address>
         <size>0x44</size>
         <input_file_ref idref="fl-1a"/>
      </object_component>
      <object_component id="oc-b3c">
         <name>.text:HOSTclose</name>
         <load_address>0x20011acc</load_address>
         <run_address>0x20011acc</run_address>
         <size>0x44</size>
         <input_file_ref idref="fl-124"/>
      </object_component>
      <object_component id="oc-b54">
         <name>.text:HOSTunlink</name>
         <load_address>0x20011b10</load_address>
         <run_address>0x20011b10</run_address>
         <size>0x44</size>
         <input_file_ref idref="fl-12a"/>
      </object_component>
      <object_component id="oc-a3c">
         <name>.text:PRCMLPDSRestoreInfoSet</name>
         <load_address>0x20011b54</load_address>
         <run_address>0x20011b54</run_address>
         <size>0x44</size>
         <input_file_ref idref="fl-24"/>
      </object_component>
      <object_component id="oc-890">
         <name>.text:PowerCC32XX_enterLPDS</name>
         <load_address>0x20011b98</load_address>
         <run_address>0x20011b98</run_address>
         <size>0x44</size>
         <input_file_ref idref="fl-13"/>
      </object_component>
      <object_component id="oc-2d8">
         <name>.text:SemaphoreP_post</name>
         <load_address>0x20011bdc</load_address>
         <run_address>0x20011bdc</run_address>
         <size>0x44</size>
         <input_file_ref idref="fl-19"/>
      </object_component>
      <object_component id="oc-623">
         <name>.text:SwiP_restore</name>
         <load_address>0x20011c20</load_address>
         <run_address>0x20011c20</run_address>
         <size>0x44</size>
         <input_file_ref idref="fl-1e"/>
      </object_component>
      <object_component id="oc-323">
         <name>.text:Timer_start</name>
         <load_address>0x20011c64</load_address>
         <run_address>0x20011c64</run_address>
         <size>0x44</size>
         <input_file_ref idref="fl-f"/>
      </object_component>
      <object_component id="oc-172">
         <name>.text:__TI_auto_init_nobinit_nopinit:__TI_auto_init_nobinit_nopinit</name>
         <load_address>0x20011ca8</load_address>
         <run_address>0x20011ca8</run_address>
         <size>0x44</size>
         <input_file_ref idref="fl-11c"/>
      </object_component>
      <object_component id="oc-9dc">
         <name>.text:getdevice</name>
         <load_address>0x20011cec</load_address>
         <run_address>0x20011cec</run_address>
         <size>0x44</size>
         <input_file_ref idref="fl-117"/>
      </object_component>
      <object_component id="oc-293">
         <name>.text:PinModeSet</name>
         <load_address>0x20011d30</load_address>
         <run_address>0x20011d30</run_address>
         <size>0x40</size>
         <input_file_ref idref="fl-23"/>
      </object_component>
      <object_component id="oc-537">
         <name>.text:TimerSupport_timerEnable</name>
         <load_address>0x20011d70</load_address>
         <run_address>0x20011d70</run_address>
         <size>0x40</size>
         <input_file_ref idref="fl-14"/>
      </object_component>
      <object_component id="oc-4f5">
         <name>.text:Timer_close</name>
         <load_address>0x20011db0</load_address>
         <run_address>0x20011db0</run_address>
         <size>0x40</size>
         <input_file_ref idref="fl-14"/>
      </object_component>
      <object_component id="oc-560">
         <name>.text</name>
         <load_address>0x20011df0</load_address>
         <run_address>0x20011df0</run_address>
         <size>0x40</size>
         <input_file_ref idref="fl-11a"/>
      </object_component>
      <object_component id="oc-970">
         <name>.text:_fcpy</name>
         <load_address>0x20011e30</load_address>
         <run_address>0x20011e30</run_address>
         <size>0x3e</size>
         <input_file_ref idref="fl-e0"/>
      </object_component>
      <object_component id="oc-437">
         <name>.text:ClockP_destruct</name>
         <load_address>0x20011e70</load_address>
         <run_address>0x20011e70</run_address>
         <size>0x3c</size>
         <input_file_ref idref="fl-1a"/>
      </object_component>
      <object_component id="oc-7a9">
         <name>.text:Power_setConstraint</name>
         <load_address>0x20011eac</load_address>
         <run_address>0x20011eac</run_address>
         <size>0x3c</size>
         <input_file_ref idref="fl-12"/>
      </object_component>
      <object_component id="oc-344">
         <name>.text:TickFct_CheckButtons</name>
         <load_address>0x20011ee8</load_address>
         <run_address>0x20011ee8</run_address>
         <size>0x3c</size>
         <input_file_ref idref="fl-4"/>
      </object_component>
      <object_component id="oc-210">
         <name>.text:boardConfig</name>
         <load_address>0x20011f24</load_address>
         <run_address>0x20011f24</run_address>
         <size>0x3c</size>
         <input_file_ref idref="fl-4"/>
      </object_component>
      <object_component id="oc-356">
         <name>.text:TickFct_DetectLastMinute</name>
         <load_address>0x20011f60</load_address>
         <run_address>0x20011f60</run_address>
         <size>0x3a</size>
         <input_file_ref idref="fl-4"/>
      </object_component>
      <object_component id="oc-607">
         <name>.text:getCountsRTC</name>
         <load_address>0x20011f9a</load_address>
         <run_address>0x20011f9a</run_address>
         <size>0x3a</size>
         <input_file_ref idref="fl-1c"/>
      </object_component>
      <object_component id="oc-8ad">
         <name>.text:PRCMLPDSEnterKeepDebugIf</name>
         <load_address>0x20011fd4</load_address>
         <run_address>0x20011fd4</run_address>
         <size>0x38</size>
         <input_file_ref idref="fl-24"/>
      </object_component>
      <object_component id="oc-7b8">
         <name>.text:__TI_writemsg</name>
         <load_address>0x2001200c</load_address>
         <run_address>0x2001200c</run_address>
         <size>0x38</size>
         <input_file_ref idref="fl-12c"/>
      </object_component>
      <object_component id="oc-db">
         <name>.text:addToList</name>
         <load_address>0x20012044</load_address>
         <run_address>0x20012044</run_address>
         <size>0x38</size>
         <input_file_ref idref="fl-1a"/>
      </object_component>
      <object_component id="oc-54a">
         <name>.text:counterReset</name>
         <load_address>0x2001207c</load_address>
         <run_address>0x2001207c</run_address>
         <size>0x38</size>
         <input_file_ref idref="fl-4"/>
      </object_component>
      <object_component id="oc-59">
         <name>.text:initVectors</name>
         <load_address>0x200120b4</load_address>
         <run_address>0x200120b4</run_address>
         <size>0x38</size>
         <input_file_ref idref="fl-1d"/>
      </object_component>
      <object_component id="oc-87e">
         <name>.text:notify</name>
         <load_address>0x200120ec</load_address>
         <run_address>0x200120ec</run_address>
         <size>0x38</size>
         <input_file_ref idref="fl-12"/>
      </object_component>
      <object_component id="oc-362">
         <name>.text</name>
         <load_address>0x20012124</load_address>
         <run_address>0x20012124</run_address>
         <size>0x38</size>
         <input_file_ref idref="fl-f3"/>
      </object_component>
      <object_component id="oc-3ad">
         <name>.text</name>
         <load_address>0x2001215c</load_address>
         <run_address>0x2001215c</run_address>
         <size>0x38</size>
         <input_file_ref idref="fl-f4"/>
      </object_component>
      <object_component id="oc-3a3">
         <name>.text</name>
         <load_address>0x20012194</load_address>
         <run_address>0x20012194</run_address>
         <size>0x38</size>
         <input_file_ref idref="fl-f6"/>
      </object_component>
      <object_component id="oc-730">
         <name>.text:TimerControlStall</name>
         <load_address>0x200121cc</load_address>
         <run_address>0x200121cc</run_address>
         <size>0x36</size>
         <input_file_ref idref="fl-25"/>
      </object_component>
      <object_component id="oc-6fe">
         <name>.text:Timer_stop</name>
         <load_address>0x20012202</load_address>
         <run_address>0x20012202</run_address>
         <size>0x36</size>
         <input_file_ref idref="fl-f"/>
      </object_component>
      <object_component id="oc-ac9">
         <name>.text:strncpy</name>
         <load_address>0x20012238</load_address>
         <run_address>0x20012238</run_address>
         <size>0x36</size>
         <input_file_ref idref="fl-122"/>
      </object_component>
      <object_component id="oc-5f5">
         <name>.text:ClockP_getTicksUntilInterrupt</name>
         <load_address>0x20012270</load_address>
         <run_address>0x20012270</run_address>
         <size>0x34</size>
         <input_file_ref idref="fl-1a"/>
      </object_component>
      <object_component id="oc-874">
         <name>.text:ClockP_startup</name>
         <load_address>0x200122a4</load_address>
         <run_address>0x200122a4</run_address>
         <size>0x34</size>
         <input_file_ref idref="fl-1a"/>
      </object_component>
      <object_component id="oc-28d">
         <name>.text:PinModeGet</name>
         <load_address>0x200122d8</load_address>
         <run_address>0x200122d8</run_address>
         <size>0x34</size>
         <input_file_ref idref="fl-23"/>
      </object_component>
      <object_component id="oc-716">
         <name>.text:TimerCC32XX_freeTimerResource</name>
         <load_address>0x2001230c</load_address>
         <run_address>0x2001230c</run_address>
         <size>0x34</size>
         <input_file_ref idref="fl-14"/>
      </object_component>
      <object_component id="oc-513">
         <name>.text:TimerCC32XX_hwiIntFunction</name>
         <load_address>0x20012340</load_address>
         <run_address>0x20012340</run_address>
         <size>0x34</size>
         <input_file_ref idref="fl-14"/>
      </object_component>
      <object_component id="oc-817">
         <name>.text:__TI_cleanup</name>
         <load_address>0x20012374</load_address>
         <run_address>0x20012374</run_address>
         <size>0x34</size>
         <input_file_ref idref="fl-e3"/>
      </object_component>
      <object_component id="oc-7be">
         <name>.text:__TI_readmsg</name>
         <load_address>0x200123a8</load_address>
         <run_address>0x200123a8</run_address>
         <size>0x34</size>
         <input_file_ref idref="fl-12c"/>
      </object_component>
      <object_component id="oc-6f3">
         <name>.text:getPowerMgrId</name>
         <load_address>0x200123dc</load_address>
         <run_address>0x200123dc</run_address>
         <size>0x34</size>
         <input_file_ref idref="fl-14"/>
      </object_component>
      <object_component id="oc-425">
         <name>.text:ClockP_start</name>
         <load_address>0x20012410</load_address>
         <run_address>0x20012410</run_address>
         <size>0x30</size>
         <input_file_ref idref="fl-1a"/>
      </object_component>
      <object_component id="oc-a4b">
         <name>.text:PowerCC32XX_restoreParkedPin</name>
         <load_address>0x20012440</load_address>
         <run_address>0x20012440</run_address>
         <size>0x30</size>
         <input_file_ref idref="fl-12"/>
      </object_component>
      <object_component id="oc-7f0">
         <name>.text:_outs</name>
         <load_address>0x20012470</load_address>
         <run_address>0x20012470</run_address>
         <size>0x30</size>
         <input_file_ref idref="fl-115"/>
      </object_component>
      <object_component id="oc-acf">
         <name>.text:finddevice</name>
         <load_address>0x200124a0</load_address>
         <run_address>0x200124a0</run_address>
         <size>0x30</size>
         <input_file_ref idref="fl-117"/>
      </object_component>
      <object_component id="oc-953">
         <name>.text</name>
         <load_address>0x200124d0</load_address>
         <run_address>0x200124d0</run_address>
         <size>0x2e</size>
         <input_file_ref idref="fl-f5"/>
      </object_component>
      <object_component id="oc-385">
         <name>.text:fclose</name>
         <load_address>0x20012500</load_address>
         <run_address>0x20012500</run_address>
         <size>0x2c</size>
         <input_file_ref idref="fl-e1"/>
      </object_component>
      <object_component id="oc-832">
         <name>.text:unlink</name>
         <load_address>0x2001252c</load_address>
         <run_address>0x2001252c</run_address>
         <size>0x2c</size>
         <input_file_ref idref="fl-123"/>
      </object_component>
      <object_component id="oc-459">
         <name>.text:HwiP_create</name>
         <load_address>0x20012558</load_address>
         <run_address>0x20012558</run_address>
         <size>0x2a</size>
         <input_file_ref idref="fl-1b"/>
      </object_component>
      <object_component id="oc-72a">
         <name>.text:TimerLoadSet</name>
         <load_address>0x20012582</load_address>
         <run_address>0x20012582</run_address>
         <size>0x2a</size>
         <input_file_ref idref="fl-25"/>
      </object_component>
      <object_component id="oc-724">
         <name>.text:TimerPrescaleSet</name>
         <load_address>0x200125ac</load_address>
         <run_address>0x200125ac</run_address>
         <size>0x2a</size>
         <input_file_ref idref="fl-25"/>
      </object_component>
      <object_component id="oc-6d4">
         <name>.text:I2CFIFODataPutNonBlocking</name>
         <load_address>0x200125d6</load_address>
         <run_address>0x200125d6</run_address>
         <size>0x28</size>
         <input_file_ref idref="fl-21"/>
      </object_component>
      <object_component id="oc-287">
         <name>.text:PRCMPeripheralClkDisable</name>
         <load_address>0x20012600</load_address>
         <run_address>0x20012600</run_address>
         <size>0x28</size>
         <input_file_ref idref="fl-24"/>
      </object_component>
      <object_component id="oc-2d2">
         <name>.text:Power_registerNotify</name>
         <load_address>0x20012628</load_address>
         <run_address>0x20012628</run_address>
         <size>0x28</size>
         <input_file_ref idref="fl-12"/>
      </object_component>
      <object_component id="oc-659">
         <name>.text:free_list_insert</name>
         <load_address>0x20012650</load_address>
         <run_address>0x20012650</run_address>
         <size>0x28</size>
         <input_file_ref idref="fl-107"/>
      </object_component>
      <object_component id="oc-b18">
         <name>.text:lseek</name>
         <load_address>0x20012678</load_address>
         <run_address>0x20012678</run_address>
         <size>0x28</size>
         <input_file_ref idref="fl-12d"/>
      </object_component>
      <object_component id="oc-9b3">
         <name>.text:write</name>
         <load_address>0x200126a0</load_address>
         <run_address>0x200126a0</run_address>
         <size>0x28</size>
         <input_file_ref idref="fl-10f"/>
      </object_component>
      <object_component id="oc-8e1">
         <name>.text:I2CFIFODataGetNonBlocking</name>
         <load_address>0x200126c8</load_address>
         <run_address>0x200126c8</run_address>
         <size>0x26</size>
         <input_file_ref idref="fl-21"/>
      </object_component>
      <object_component id="oc-859">
         <name>.text:I2C_cancel</name>
         <load_address>0x200126ee</load_address>
         <run_address>0x200126ee</run_address>
         <size>0x26</size>
         <input_file_ref idref="fl-e"/>
      </object_component>
      <object_component id="oc-480">
         <name>.text:List_put</name>
         <load_address>0x20012714</load_address>
         <run_address>0x20012714</run_address>
         <size>0x26</size>
         <input_file_ref idref="fl-16"/>
      </object_component>
      <object_component id="oc-91a">
         <name>.text:List_remove</name>
         <load_address>0x2001273a</load_address>
         <run_address>0x2001273a</run_address>
         <size>0x26</size>
         <input_file_ref idref="fl-16"/>
      </object_component>
      <object_component id="oc-699">
         <name>.text:HwiP_dispatch</name>
         <load_address>0x20012760</load_address>
         <run_address>0x20012760</run_address>
         <size>0x24</size>
         <input_file_ref idref="fl-1b"/>
      </object_component>
      <object_component id="oc-913">
         <name>.text:TimerSupport_timerDisable</name>
         <load_address>0x20012784</load_address>
         <run_address>0x20012784</run_address>
         <size>0x24</size>
         <input_file_ref idref="fl-14"/>
      </object_component>
      <object_component id="oc-c5">
         <name>.text:_c_int00_noargs:_c_int00_noargs</name>
         <load_address>0x200127a8</load_address>
         <run_address>0x200127a8</run_address>
         <size>0x24</size>
         <input_file_ref idref="fl-10e"/>
      </object_component>
      <object_component id="oc-8e9">
         <name>.text:I2CMasterSlaveAddrSet</name>
         <load_address>0x200127cc</load_address>
         <run_address>0x200127cc</run_address>
         <size>0x22</size>
         <input_file_ref idref="fl-21"/>
      </object_component>
      <object_component id="oc-921">
         <name>.text:HwiP_destruct</name>
[...]
         <value>0x2000ec91</value>
         <object_component_ref idref="oc-78e"/>
      </symbol>
      <symbol id="sm-e59">
         <name>__TI_wrt_ok</name>
         <value>0x20010fb1</value>
         <object_component_ref idref="oc-9a7"/>
      </symbol>
      <symbol id="sm-e75">
         <name>setvbuf</name>
         <value>0x2000f485</value>
         <object_component_ref idref="oc-ab3"/>
      </symbol>
      <symbol id="sm-e95">
         <name>frexpl</name>
         <value>0x2001118d</value>
         <object_component_ref idref="oc-978"/>
      </symbol>
      <symbol id="sm-e96">
         <name>frexp</name>
         <value>0x2001118d</value>
         <object_component_ref idref="oc-978"/>
      </symbol>
      <symbol id="sm-eb4">
         <name>scalbn</name>
         <value>0x2000f561</value>
         <object_component_ref idref="oc-97e"/>
      </symbol>
      <symbol id="sm-eb5">
         <name>scalbnl</name>
         <value>0x2000f561</value>
         <object_component_ref idref="oc-97e"/>
      </symbol>
      <symbol id="sm-eb6">
         <name>ldexpl</name>
         <value>0x2000f561</value>
         <object_component_ref idref="oc-97e"/>
      </symbol>
      <symbol id="sm-eb7">
         <name>ldexp</name>
         <value>0x2000f561</value>
         <object_component_ref idref="oc-97e"/>
      </symbol>
      <symbol id="sm-ed0">
         <name>wcslen</name>
         <value>0x20012c2d</value>
         <object_component_ref idref="oc-772"/>
      </symbol>
      <symbol id="sm-ee7">
         <name>__aeabi_dsub</name>
         <value>0x2000dbd9</value>
         <object_component_ref idref="oc-958"/>
      </symbol>
      <symbol id="sm-ee8">
         <name>__aeabi_dadd</name>
         <value>0x2000dbe3</value>
         <object_component_ref idref="oc-958"/>
      </symbol>
      <symbol id="sm-f0a">
         <name>__aeabi_cdcmpeq</name>
         <value>0x200105d1</value>
         <object_component_ref idref="oc-74f"/>
      </symbol>
      <symbol id="sm-f0b">
         <name>__aeabi_cdcmple</name>
         <value>0x200105d1</value>
         <object_component_ref idref="oc-74f"/>
      </symbol>
      <symbol id="sm-f0c">
         <name>__aeabi_cdrcmple</name>
         <value>0x20010657</value>
         <object_component_ref idref="oc-943"/>
      </symbol>
      <symbol id="sm-f20">
         <name>__aeabi_ddiv</name>
         <value>0x2000e6b9</value>
         <object_component_ref idref="oc-93e"/>
      </symbol>
      <symbol id="sm-f2b">
         <name>__aeabi_dmul</name>
         <value>0x2000f0b1</value>
         <object_component_ref idref="oc-939"/>
      </symbol>
      <symbol id="sm-f35">
         <name>__aeabi_d2iz</name>
         <value>0x200119f9</value>
         <object_component_ref idref="oc-948"/>
      </symbol>
      <symbol id="sm-f46">
         <name>__aeabi_fadd</name>
         <value>0x2000f1b1</value>
         <object_component_ref idref="oc-544"/>
      </symbol>
      <symbol id="sm-f47">
         <name>__aeabi_fsub</name>
         <value>0x2000f1ad</value>
         <object_component_ref idref="oc-544"/>
      </symbol>
      <symbol id="sm-f54">
         <name>__aeabi_fdiv</name>
         <value>0x2001016d</value>
         <object_component_ref idref="oc-35d"/>
      </symbol>
      <symbol id="sm-f5e">
         <name>__aeabi_fmul</name>
         <value>0x200108df</value>
         <object_component_ref idref="oc-3a8"/>
      </symbol>
      <symbol id="sm-f69">
         <name>__aeabi_f2d</name>
         <value>0x20012125</value>
         <object_component_ref idref="oc-362"/>
      </symbol>
      <symbol id="sm-f73">
         <name>__aeabi_f2iz</name>
         <value>0x2001215d</value>
         <object_component_ref idref="oc-3ad"/>
      </symbol>
      <symbol id="sm-f7d">
         <name>__aeabi_i2d</name>
         <value>0x200124d1</value>
         <object_component_ref idref="oc-953"/>
      </symbol>
      <symbol id="sm-f88">
         <name>__aeabi_i2f</name>
         <value>0x20012195</value>
         <object_component_ref idref="oc-3a3"/>
      </symbol>
      <symbol id="sm-f91">
         <name>__aeabi_lmul</name>
         <value>0x20012a91</value>
         <object_component_ref idref="oc-618"/>
      </symbol>
      <symbol id="sm-fac">
         <name>memcpy</name>
         <value>0x2000ff0d</value>
         <object_component_ref idref="oc-3b"/>
      </symbol>
      <symbol id="sm-fad">
         <name>__aeabi_memcpy</name>
         <value>0x2000ff0d</value>
         <object_component_ref idref="oc-3b"/>
      </symbol>
      <symbol id="sm-fae">
         <name>__aeabi_memcpy8</name>
         <value>0x2000ff0d</value>
         <object_component_ref idref="oc-3b"/>
      </symbol>
      <symbol id="sm-faf">
         <name>__aeabi_memcpy4</name>
         <value>0x2000ff0d</value>
         <object_component_ref idref="oc-3b"/>
      </symbol>
      <symbol id="sm-fbc">
         <name>__aeabi_uldivmod</name>
         <value>0x20010041</value>
         <object_component_ref idref="oc-60d"/>
      </symbol>
      <symbol id="sm-fcb">
         <name>__aeabi_memset</name>
         <value>0x2001095b</value>
         <object_component_ref idref="oc-9d"/>
      </symbol>
      <symbol id="sm-fcc">
         <name>memset</name>
         <value>0x20010961</value>
         <object_component_ref idref="oc-9d"/>
      </symbol>
      <symbol id="sm-fcd">
         <name>__aeabi_memset8</name>
         <value>0x2001095b</value>
         <object_component_ref idref="oc-9d"/>
      </symbol>
      <symbol id="sm-fce">
         <name>__aeabi_memset4</name>
         <value>0x2001095b</value>
         <object_component_ref idref="oc-9d"/>
      </symbol>
      <symbol id="sm-fcf">
         <name>__aeabi_memclr8</name>
         <value>0x20010959</value>
         <object_component_ref idref="oc-9d"/>
      </symbol>
      <symbol id="sm-fd0">
         <name>__aeabi_memclr4</name>
         <value>0x20010959</value>
         <object_component_ref idref="oc-9d"/>
      </symbol>
      <symbol id="sm-fd1">
         <name>__aeabi_memclr</name>
         <value>0x20010959</value>
         <object_component_ref idref="oc-9d"/>
      </symbol>
      <symbol id="sm-fe3">
         <name>__TI_zero_init</name>
         <value>0x20012da1</value>
         <object_component_ref idref="oc-4d"/>
      </symbol>
      <symbol id="sm-ffa">
         <name>__TI_decompress_none</name>
         <value>0x20012d63</value>
         <object_component_ref idref="oc-1a"/>
      </symbol>
      <symbol id="sm-101d">
         <name>__TI_decompress_lzss</name>
         <value>0x20010d4d</value>
         <object_component_ref idref="oc-14"/>
      </symbol>
      <symbol id="sm-1043">
         <name>C$$EXIT</name>
         <value>0x20012e13</value>
         <object_component_ref idref="oc-166"/>
      </symbol>
      <symbol id="sm-1044">
         <name>abort</name>
         <value>0x20012e13</value>
         <object_component_ref idref="oc-166"/>
      </symbol>
      <symbol id="sm-1045">
         <name>__TI_dtors_ptr</name>
         <value>0x200135a4</value>
         <object_component_ref idref="oc-238"/>
      </symbol>
      <symbol id="sm-1046">
         <name>__TI_cleanup_ptr</name>
         <value>0x200135a0</value>
         <object_component_ref idref="oc-238"/>
      </symbol>
      <symbol id="sm-1047">
         <name>__TI_enable_exit_profile_output</name>
         <value>0x200135a8</value>
         <object_component_ref idref="oc-238"/>
      </symbol>
      <symbol id="sm-1048">
         <name>exit</name>
         <value>0x200119b1</value>
         <object_component_ref idref="oc-16c"/>
      </symbol>
      <symbol id="sm-105d">
         <name>_nop</name>
         <value>0x2000f9eb</value>
         <object_component_ref idref="oc-3c3"/>
      </symbol>
      <symbol id="sm-105e">
         <name>_lock</name>
         <value>0x200135d0</value>
         <object_component_ref idref="oc-23b"/>
      </symbol>
      <symbol id="sm-105f">
         <name>_unlock</name>
         <value>0x200135d4</value>
         <object_component_ref idref="oc-23b"/>
      </symbol>
      <symbol id="sm-106e">
         <name>__TI_ltoa</name>
         <value>0x200113fb</value>
         <object_component_ref idref="oc-94d"/>
      </symbol>
      <symbol id="sm-1084">
         <name>atoi</name>
         <value>0x20011765</value>
         <object_component_ref idref="oc-391"/>
      </symbol>
      <symbol id="sm-108f">
         <name>_ctypes_</name>
         <value>0x20013604</value>
         <object_component_ref idref="oc-5b7"/>
      </symbol>
      <symbol id="sm-10a4">
         <name>__TI_tmpnams</name>
         <value>0x20013ec0</value>
      </symbol>
      <symbol id="sm-10a5">
         <name>__aeabi_stdout</name>
         <value>0x20013598</value>
         <object_component_ref idref="oc-59c"/>
      </symbol>
      <symbol id="sm-10a6">
         <name>__aeabi_stderr</name>
         <value>0x2001359c</value>
         <object_component_ref idref="oc-59c"/>
      </symbol>
      <symbol id="sm-10a7">
         <name>__aeabi_stdin</name>
         <value>0x20013594</value>
         <object_component_ref idref="oc-59c"/>
      </symbol>
      <symbol id="sm-10a8">
         <name>_ftable</name>
         <value>0x20013388</value>
         <object_component_ref idref="oc-521"/>
      </symbol>
      <symbol id="sm-10a9">
         <name>__TI_ft_end</name>
         <value>0x20013590</value>
         <object_component_ref idref="oc-59c"/>
      </symbol>
      <symbol id="sm-10d6">
         <name>__localtime32</name>
         <value>0x2000e7f1</value>
         <object_component_ref idref="oc-36d"/>
      </symbol>
      <symbol id="sm-10d7">
         <name>localtime</name>
         <value>0x2000e7f1</value>
         <object_component_ref idref="oc-36d"/>
      </symbol>
      <symbol id="sm-10e7">
         <name>memccpy</name>
         <value>0x2001291d</value>
         <object_component_ref idref="oc-76c"/>
      </symbol>
      <symbol id="sm-10f7">
         <name>memchr</name>
         <value>0x20012831</value>
         <object_component_ref idref="oc-9ad"/>
      </symbol>
      <symbol id="sm-117b">
         <name>_sys_memory</name>
         <value>0x20004040</value>
         <object_component_ref idref="oc-2a"/>
      </symbol>
      <symbol id="sm-117c">
         <name>free</name>
         <value>0x2000f3a1</value>
         <object_component_ref idref="oc-418"/>
      </symbol>
      <symbol id="sm-117d">
         <name>memalign</name>
         <value>0x2000eeb5</value>
         <object_component_ref idref="oc-8c8"/>
      </symbol>
      <symbol id="sm-117e">
         <name>malloc</name>
         <value>0x20012ddd</value>
         <object_component_ref idref="oc-633"/>
      </symbol>
      <symbol id="sm-117f">
         <name>aligned_alloc</name>
         <value>0x2000eeb5</value>
         <object_component_ref idref="oc-8c8"/>
      </symbol>
      <symbol id="sm-11b1">
         <name>mktime</name>
         <value>0x2000d321</value>
         <object_component_ref idref="oc-565"/>
      </symbol>
      <symbol id="sm-11b2">
         <name>__mktime32</name>
         <value>0x2000d321</value>
         <object_component_ref idref="oc-565"/>
      </symbol>
      <symbol id="sm-11c2">
         <name>strchr</name>
         <value>0x20012b19</value>
         <object_component_ref idref="oc-984"/>
      </symbol>
      <symbol id="sm-125b">
         <name>strftime</name>
         <value>0x2000ca91</value>
         <object_component_ref idref="oc-373"/>
      </symbol>
      <symbol id="sm-1269">
         <name>strlen</name>
         <value>0x20012bd1</value>
         <object_component_ref idref="oc-57e"/>
      </symbol>
      <symbol id="sm-1279">
         <name>_tz</name>
         <value>0x20013580</value>
         <object_component_ref idref="oc-56b"/>
      </symbol>
      <symbol id="sm-128f">
         <name>__aeabi_errno_addr</name>
         <value>0x20012dd5</value>
         <object_component_ref idref="oc-778"/>
      </symbol>
      <symbol id="sm-1290">
         <name>errno</name>
         <value>0x200135f8</value>
         <object_component_ref idref="oc-994"/>
      </symbol>
      <symbol id="sm-12a2">
         <name>__stack</name>
         <value>0x20003000</value>
         <object_component_ref idref="oc-2d"/>
      </symbol>
      <symbol id="sm-12a3">
         <name>_c_int00_noargs</name>
         <value>0x200127a9</value>
         <object_component_ref idref="oc-c5"/>
      </symbol>
      <symbol id="sm-12bd">
         <name>write</name>
         <value>0x200126a1</value>
         <object_component_ref idref="oc-9b3"/>
      </symbol>
      <symbol id="sm-12ce">
         <name>_stream</name>
         <value>0x200134f0</value>
         <object_component_ref idref="oc-9e3"/>
      </symbol>
      <symbol id="sm-12cf">
         <name>_device</name>
         <value>0x20013478</value>
         <object_component_ref idref="oc-ad5"/>
      </symbol>
      <symbol id="sm-12e2">
         <name>__time32</name>
         <value>0x20012d55</value>
         <object_component_ref idref="oc-367"/>
      </symbol>
      <symbol id="sm-12e3">
         <name>time</name>
         <value>0x20012d55</value>
         <object_component_ref idref="oc-367"/>
      </symbol>
      <symbol id="sm-1301">
         <name>open</name>
         <value>0x2000f87d</value>
         <object_component_ref idref="oc-811"/>
      </symbol>
      <symbol id="sm-1315">
         <name>close</name>
         <value>0x20011131</value>
         <object_component_ref idref="oc-82c"/>
      </symbol>
      <symbol id="sm-133f">
         <name>snprintf</name>
         <value>0x200117fd</value>
         <object_component_ref idref="oc-578"/>
      </symbol>
      <symbol id="sm-1351">
         <name>fseek</name>
         <value>0x20010f4d</value>
         <object_component_ref idref="oc-aad"/>
      </symbol>
      <symbol id="sm-1374">
         <name>finddevice</name>
         <value>0x200124a1</value>
         <object_component_ref idref="oc-acf"/>
      </symbol>
      <symbol id="sm-1375">
         <name>getdevice</name>
         <value>0x20011ced</value>
         <object_component_ref idref="oc-9dc"/>
      </symbol>
      <symbol id="sm-137f">
         <name>copysign</name>
         <value>0x20012d95</value>
         <object_component_ref idref="oc-a91"/>
      </symbol>
      <symbol id="sm-1380">
         <name>copysignl</name>
         <value>0x20012d95</value>
         <object_component_ref idref="oc-a91"/>
      </symbol>
      <symbol id="sm-138a">
         <name>__aeabi_idiv0</name>
         <value>0x20011013</value>
         <object_component_ref idref="oc-7d4"/>
      </symbol>
      <symbol id="sm-138b">
         <name>__aeabi_ldiv0</name>
         <value>0x20011013</value>
         <object_component_ref idref="oc-7d4"/>
      </symbol>
      <symbol id="sm-139a">
         <name>__aeabi_uidivmod</name>
         <value>0x20011df1</value>
         <object_component_ref idref="oc-560"/>
      </symbol>
      <symbol id="sm-139b">
         <name>__aeabi_uidiv</name>
         <value>0x20011df1</value>
         <object_component_ref idref="oc-560"/>
      </symbol>
      <symbol id="sm-13a9">
         <name>__aeabi_ldivmod</name>
         <value>0x20010b9f</value>
         <object_component_ref idref="oc-7da"/>
      </symbol>
      <symbol id="sm-13d1">
         <name>__TI_auto_init_nobinit_nopinit</name>
         <value>0x20011ca9</value>
         <object_component_ref idref="oc-172"/>
      </symbol>
      <symbol id="sm-13db">
         <name>_system_pre_init</name>
         <value>0x20012e0f</value>
         <object_component_ref idref="oc-114"/>
      </symbol>
      <symbol id="sm-13ec">
         <name>strcmp</name>
         <value>0x20012aa9</value>
         <object_component_ref idref="oc-b2f"/>
      </symbol>
      <symbol id="sm-13fa">
         <name>strcpy</name>
         <value>0x20012bbd</value>
         <object_component_ref idref="oc-584"/>
      </symbol>
      <symbol id="sm-140a">
         <name>strncpy</name>
         <value>0x20012239</value>
         <object_component_ref idref="oc-ac9"/>
      </symbol>
      <symbol id="sm-141a">
         <name>unlink</name>
         <value>0x2001252d</value>
         <object_component_ref idref="oc-832"/>
      </symbol>
      <symbol id="sm-142b">
         <name>HOSTclose</name>
         <value>0x20011acd</value>
         <object_component_ref idref="oc-b3c"/>
      </symbol>
      <symbol id="sm-143c">
         <name>HOSTlseek</name>
         <value>0x20010ce5</value>
         <object_component_ref idref="oc-b4e"/>
      </symbol>
      <symbol id="sm-144e">
         <name>parmbuf</name>
         <value>0x20014095</value>
      </symbol>
      <symbol id="sm-144f">
         <name>HOSTopen</name>
         <value>0x20011015</value>
         <object_component_ref idref="oc-b36"/>
      </symbol>
      <symbol id="sm-1460">
         <name>HOSTread</name>
         <value>0x20011245</value>
         <object_component_ref idref="oc-b42"/>
      </symbol>
      <symbol id="sm-1471">
         <name>HOSTrename</name>
         <value>0x20010c0d</value>
         <object_component_ref idref="oc-b5a"/>
      </symbol>
      <symbol id="sm-1489">
         <name>HOSTtime</name>
         <value>0x20011891</value>
         <object_component_ref idref="oc-553"/>
      </symbol>
      <symbol id="sm-149a">
         <name>HOSTunlink</name>
         <value>0x20011b11</value>
         <object_component_ref idref="oc-b54"/>
      </symbol>
      <symbol id="sm-14ab">
         <name>HOSTwrite</name>
         <value>0x2001129d</value>
         <object_component_ref idref="oc-b48"/>
      </symbol>
      <symbol id="sm-14cf">
         <name>__TI_readmsg</name>
         <value>0x200123a9</value>
         <object_component_ref idref="oc-7be"/>
      </symbol>
      <symbol id="sm-14d0">
         <name>C$$IO$$</name>
         <value>0x2001203b</value>
         <object_component_ref idref="oc-7b8"/>
      </symbol>
      <symbol id="sm-14d1">
         <name>__CIOBUF_</name>
         <value>0x20013ca4</value>
         <object_component_ref idref="oc-9c0"/>
      </symbol>
      <symbol id="sm-14d2">
         <name>__TI_writemsg</name>
         <value>0x2001200d</value>
         <object_component_ref idref="oc-7b8"/>
      </symbol>
      <symbol id="sm-14e2">
         <name>lseek</name>
         <value>0x20012679</value>
         <object_component_ref idref="oc-b18"/>
      </symbol>
      <symbol id="sm-14e3">
         <name>__TI_static_base__</name>
         <value>0x200140c0</value>
      </symbol>
      <symbol id="sm-14e6">
         <name>ITM_flush</name>
         <value>0x0</value>
      </symbol>
      <symbol id="sm-14e7">
         <name>ITM_restore</name>
         <value>0x0</value>
      </symbol>
      <symbol id="sm-14e8">
         <name>__mpu_init</name>
         <value>0x0</value>
      </symbol>
      <symbol id="sm-14e9">
         <name>_system_post_cinit</name>
         <value>0x0</value>
      </symbol>
      <symbol id="sm-14ea">
         <name>NoRTOS_start</name>
         <value>0x20012d2b</value>
      </symbol>
      <symbol id="sm-14eb">
         <name>remove</name>
         <value>0x2001252d</value>
      </symbol>
   </symbol_table>
   <title>Link successful</title>
</link_info>
